../Core/Src/main.c:168:6:extractNumber	48	static
../Core/Src/main.c:201:5:compareStrings	32	static
../Core/Src/main.c:221:6:HAL_UART_RxCpltCallback	56	static
../Core/Src/main.c:284:6:display_number	16	static
../Core/Src/main.c:294:6:increase	4	static
../Core/Src/main.c:311:6:init_display	8	static
../Core/Src/main.c:316:6:initTonesDictionary	4392	static
../Core/Src/main.c:342:5:main	96	static
../Core/Src/main.c:445:6:SystemClock_Config	128	static
../Core/Src/main.c:494:13:MX_I2C1_Init	8	static
../Core/Src/main.c:539:13:MX_SPI1_Init	8	static
../Core/Src/main.c:577:13:MX_TIM1_Init	40	static
../Core/Src/main.c:621:13:MX_TIM2_Init	64	static
../Core/Src/main.c:676:13:MX_USART1_UART_Init	8	static
../Core/Src/main.c:709:13:MX_USB_PCD_Init	8	static
../Core/Src/main.c:738:13:MX_GPIO_Init	56	static
../Core/Src/main.c:811:6:HAL_GPIO_EXTI_Callback	32	static
../Core/Src/main.c:893:6:HAL_TIM_PeriodElapsedCallback	16	static
../Core/Src/main.c:1009:6:Error_Handler	4	static,ignoring_inline_asm
