../Core/Src/main.c:168:6:extractNumber	48	static
../Core/Src/main.c:201:5:compareStrings	32	static
../Core/Src/main.c:221:6:HAL_UART_RxCpltCallback	56	static
../Core/Src/main.c:284:6:display_number	16	static
../Core/Src/main.c:294:6:increase	16	static
../Core/Src/main.c:301:6:init_display	8	static
../Core/Src/main.c:306:6:initTonesDictionary	4384	static
../Core/Src/main.c:331:5:main	96	static
../Core/Src/main.c:439:6:SystemClock_Config	128	static
../Core/Src/main.c:488:13:MX_I2C1_Init	8	static
../Core/Src/main.c:533:13:MX_SPI1_Init	8	static
../Core/Src/main.c:571:13:MX_TIM1_Init	40	static
../Core/Src/main.c:615:13:MX_TIM2_Init	64	static
../Core/Src/main.c:670:13:MX_USART1_UART_Init	8	static
../Core/Src/main.c:703:13:MX_USB_PCD_Init	8	static
../Core/Src/main.c:732:13:MX_GPIO_Init	56	static
../Core/Src/main.c:805:6:HAL_GPIO_EXTI_Callback	32	static
../Core/Src/main.c:890:6:HAL_TIM_PeriodElapsedCallback	16	static
../Core/Src/main.c:1006:6:Error_Handler	4	static,ignoring_inline_asm
