../Core/Src/main.c:129:6:PWM_Start	8	static
../Core/Src/main.c:132:6:PWM_Stop	8	static
../Core/Src/main.c:136:6:PWM_Change_Tone	40	static
../Core/Src/main.c:158:6:extractNumber	48	static
../Core/Src/main.c:191:5:compareStrings	32	static
../Core/Src/main.c:211:6:HAL_UART_RxCpltCallback	56	static
../Core/Src/main.c:274:6:display_number	16	static
../Core/Src/main.c:284:6:increase	16	static
../Core/Src/main.c:291:6:init_display	8	static
../Core/Src/main.c:302:5:main	96	static
../Core/Src/main.c:403:6:SystemClock_Config	128	static
../Core/Src/main.c:452:13:MX_I2C1_Init	8	static
../Core/Src/main.c:497:13:MX_SPI1_Init	8	static
../Core/Src/main.c:535:13:MX_TIM1_Init	40	static
../Core/Src/main.c:579:13:MX_TIM2_Init	64	static
../Core/Src/main.c:634:13:MX_USART1_UART_Init	8	static
../Core/Src/main.c:667:13:MX_USB_PCD_Init	8	static
../Core/Src/main.c:696:13:MX_GPIO_Init	56	static
../Core/Src/main.c:769:6:HAL_GPIO_EXTI_Callback	32	static
../Core/Src/main.c:851:6:HAL_TIM_PeriodElapsedCallback	16	static
../Core/Src/main.c:967:6:Error_Handler	4	static,ignoring_inline_asm
