../Core/Inc/music_library.h:106:6:initializePlaylistOrder	8	static
../Core/Inc/music_library.h:110:6:initTonesDictionary	13344	static
../Core/Src/main.c:176:6:extractNumber	64	dynamic
../Core/Src/main.c:201:5:compareStrings	32	static
../Core/Src/main.c:221:6:HAL_UART_RxCpltCallback	56	static
../Core/Src/main.c:283:10:normalize_adc	32	static
../Core/Src/main.c:307:5:denoise_adc	16	static
../Core/Src/main.c:315:6:HAL_ADC_ConvCpltCallback	24	static
../Core/Src/main.c:331:6:display_number	16	static
../Core/Src/main.c:341:6:increase	16	static
../Core/Src/main.c:348:6:init_display	8	static
../Core/Src/main.c:358:5:digit_count	24	static
../Core/Src/main.c:369:6:extract_int_to_carrier	24	static
../Core/Src/main.c:380:5:array_to_number	24	static
../Core/Src/main.c:388:5:generate_random_int	16	static
../Core/Src/main.c:392:6:change_program_mode	4	static
../Core/Src/main.c:402:5:next_shuffle	24	static
../Core/Src/main.c:423:6:next_music	32	static
../Core/Src/main.c:448:6:set_music	24	static
../Core/Src/main.c:463:5:main	96	static
../Core/Src/main.c:571:6:SystemClock_Config	128	static
../Core/Src/main.c:622:13:MX_ADC1_Init	48	static
../Core/Src/main.c:684:13:MX_I2C1_Init	8	static
../Core/Src/main.c:729:13:MX_SPI1_Init	8	static
../Core/Src/main.c:767:13:MX_TIM1_Init	40	static
../Core/Src/main.c:811:13:MX_TIM2_Init	64	static
../Core/Src/main.c:866:13:MX_USART1_UART_Init	8	static
../Core/Src/main.c:899:13:MX_USB_PCD_Init	8	static
../Core/Src/main.c:928:13:MX_GPIO_Init	56	static
../Core/Src/main.c:1001:6:HAL_GPIO_EXTI_Callback	16	static
../Core/Src/main.c:1056:6:HAL_TIM_PeriodElapsedCallback	16	static
../Core/Src/main.c:1077:6:Error_Handler	4	static,ignoring_inline_asm
