../Core/Inc/music_library.h:106:6:initializePlaylistOrder	8	static
../Core/Inc/music_library.h:110:6:initTonesDictionary	12824	static
../Core/Src/main.c:175:6:extractNumber	16	static
../Core/Src/main.c:206:5:compareStrings	32	static
../Core/Src/main.c:226:6:HAL_UART_RxCpltCallback	56	static
../Core/Src/main.c:292:10:normalize_adc	32	static
../Core/Src/main.c:312:6:HAL_ADC_ConvCpltCallback	24	static
../Core/Src/main.c:320:6:display_number	16	static
../Core/Src/main.c:330:6:increase	16	static
../Core/Src/main.c:337:6:init_display	8	static
../Core/Src/main.c:342:5:generate_random_int	16	static
../Core/Src/main.c:346:5:next_shuffle	24	static
../Core/Src/main.c:362:5:next_music	32	static
../Core/Src/main.c:390:5:main	96	static
../Core/Src/main.c:499:6:SystemClock_Config	128	static
../Core/Src/main.c:550:13:MX_ADC1_Init	48	static
../Core/Src/main.c:612:13:MX_I2C1_Init	8	static
../Core/Src/main.c:657:13:MX_SPI1_Init	8	static
../Core/Src/main.c:695:13:MX_TIM1_Init	40	static
../Core/Src/main.c:739:13:MX_TIM2_Init	64	static
../Core/Src/main.c:794:13:MX_USART1_UART_Init	8	static
../Core/Src/main.c:827:13:MX_USB_PCD_Init	8	static
../Core/Src/main.c:856:13:MX_GPIO_Init	56	static
../Core/Src/main.c:926:6:HAL_GPIO_EXTI_Callback	16	static
../Core/Src/main.c:954:6:HAL_TIM_PeriodElapsedCallback	16	static
../Core/Src/main.c:983:6:Error_Handler	4	static,ignoring_inline_asm
