../Core/Inc/music_library.h:106:6:initializePlaylistOrder	8	static
../Core/Inc/music_library.h:110:6:initTonesDictionary	13344	static
../Core/Src/main.c:121:6:extractNumber	64	dynamic
../Core/Src/main.c:147:5:compareStrings	32	static
../Core/Src/main.c:164:6:HAL_UART_RxCpltCallback	24	static
../Core/Src/main.c:199:10:normalize_adc	32	static
../Core/Src/main.c:223:5:denoise_adc	16	static
../Core/Src/main.c:231:6:HAL_ADC_ConvCpltCallback	24	static
../Core/Src/main.c:247:6:display_number	16	static
../Core/Src/main.c:257:6:init_display	8	static
../Core/Src/main.c:267:5:digit_count	24	static
../Core/Src/main.c:278:6:extract_int_to_carrier	24	static
../Core/Src/main.c:289:5:array_to_number	24	static
../Core/Src/main.c:299:6:get_time	24	static
../Core/Src/main.c:311:5:generate_random_int	16	static
../Core/Src/main.c:315:6:change_program_mode	4	static
../Core/Src/main.c:325:5:next_shuffle	24	static
../Core/Src/main.c:346:6:next_music	32	static
../Core/Src/main.c:371:6:set_music	24	static
../Core/Src/main.c:386:5:main	96	static
../Core/Src/main.c:494:6:SystemClock_Config	128	static
../Core/Src/main.c:545:13:MX_ADC1_Init	48	static
../Core/Src/main.c:607:13:MX_I2C1_Init	8	static
../Core/Src/main.c:652:13:MX_SPI1_Init	8	static
../Core/Src/main.c:690:13:MX_TIM1_Init	40	static
../Core/Src/main.c:734:13:MX_TIM2_Init	64	static
../Core/Src/main.c:789:13:MX_USART1_UART_Init	8	static
../Core/Src/main.c:822:13:MX_USB_PCD_Init	8	static
../Core/Src/main.c:851:13:MX_GPIO_Init	56	static
../Core/Src/main.c:924:6:HAL_GPIO_EXTI_Callback	16	static
../Core/Src/main.c:975:6:HAL_TIM_PeriodElapsedCallback	16	static
../Core/Src/main.c:997:6:Error_Handler	4	static,ignoring_inline_asm
