../Core/Src/main.c:169:6:extractNumber	48	static
../Core/Src/main.c:202:5:compareStrings	32	static
../Core/Src/main.c:222:6:HAL_UART_RxCpltCallback	56	static
../Core/Src/main.c:286:6:HAL_ADC_ConvCpltCallback	120	static
../Core/Src/main.c:299:6:display_number	16	static
../Core/Src/main.c:309:6:increase	16	static
../Core/Src/main.c:316:6:init_display	8	static
../Core/Src/main.c:321:6:initTonesDictionary	9208	static
../Core/Src/main.c:347:5:main	96	static
../Core/Src/main.c:459:6:SystemClock_Config	128	static
../Core/Src/main.c:513:13:MX_ADC1_Init	48	static
../Core/Src/main.c:579:13:MX_I2C1_Init	8	static
../Core/Src/main.c:627:13:MX_SPI1_Init	8	static
../Core/Src/main.c:667:13:MX_TIM1_Init	40	static
../Core/Src/main.c:714:13:MX_TIM2_Init	64	static
../Core/Src/main.c:773:13:MX_USART1_UART_Init	8	static
../Core/Src/main.c:808:13:MX_USB_PCD_Init	8	static
../Core/Src/main.c:839:13:MX_GPIO_Init	56	static
../Core/Src/main.c:909:6:HAL_GPIO_EXTI_Callback	32	static
../Core/Src/main.c:992:6:HAL_TIM_PeriodElapsedCallback	16	static
../Core/Src/main.c:1108:6:Error_Handler	4	static,ignoring_inline_asm
