../Core/Inc/music_library.h:14:6:initTonesDictionary	13344	static
../Core/Src/main.c:166:6:extractNumber	48	static
../Core/Src/main.c:197:5:compareStrings	32	static
../Core/Src/main.c:217:6:HAL_UART_RxCpltCallback	56	static
../Core/Src/main.c:283:10:normalize_adc	32	static
../Core/Src/main.c:303:6:set_adc_dest	16	static
../Core/Src/main.c:313:5:denoise_adc	16	static
../Core/Src/main.c:321:6:HAL_ADC_ConvCpltCallback	24	static
../Core/Src/main.c:334:6:display_number	16	static
../Core/Src/main.c:344:6:increase	16	static
../Core/Src/main.c:351:6:extract_int_to_carrier	24	static
../Core/Src/main.c:361:6:init_display	8	static
../Core/Src/main.c:372:5:main	104	static
../Core/Src/main.c:485:6:SystemClock_Config	128	static
../Core/Src/main.c:536:13:MX_ADC1_Init	48	static
../Core/Src/main.c:598:13:MX_I2C1_Init	8	static
../Core/Src/main.c:643:13:MX_SPI1_Init	8	static
../Core/Src/main.c:681:13:MX_TIM1_Init	40	static
../Core/Src/main.c:725:13:MX_TIM2_Init	64	static
../Core/Src/main.c:780:13:MX_USART1_UART_Init	8	static
../Core/Src/main.c:813:13:MX_USB_PCD_Init	8	static
../Core/Src/main.c:842:13:MX_GPIO_Init	56	static
../Core/Src/main.c:912:6:HAL_GPIO_EXTI_Callback	32	static
../Core/Src/main.c:991:6:HAL_TIM_PeriodElapsedCallback	16	static
../Core/Src/main.c:1012:6:Error_Handler	4	static,ignoring_inline_asm
