../Core/Src/main.c:164:6:extractNumber	48	static
../Core/Src/main.c:195:5:compareStrings	32	static
../Core/Src/main.c:215:6:HAL_UART_RxCpltCallback	56	static
../Core/Src/main.c:279:10:normalize_adc	32	static
../Core/Src/main.c:299:6:HAL_ADC_ConvCpltCallback	24	static
../Core/Src/main.c:309:6:display_number	16	static
../Core/Src/main.c:319:6:increase	16	static
../Core/Src/main.c:326:6:init_display	8	static
../Core/Src/main.c:331:6:initTonesDictionary	11584	static
../Core/Src/main.c:359:5:main	96	static
../Core/Src/main.c:471:6:SystemClock_Config	128	static
../Core/Src/main.c:525:13:MX_ADC1_Init	48	static
../Core/Src/main.c:591:13:MX_I2C1_Init	8	static
../Core/Src/main.c:639:13:MX_SPI1_Init	8	static
../Core/Src/main.c:679:13:MX_TIM1_Init	40	static
../Core/Src/main.c:726:13:MX_TIM2_Init	64	static
../Core/Src/main.c:785:13:MX_USART1_UART_Init	8	static
../Core/Src/main.c:820:13:MX_USB_PCD_Init	8	static
../Core/Src/main.c:851:13:MX_GPIO_Init	56	static
../Core/Src/main.c:921:6:HAL_GPIO_EXTI_Callback	32	static
../Core/Src/main.c:998:6:HAL_TIM_PeriodElapsedCallback	16	static
../Core/Src/main.c:1026:6:Error_Handler	4	static,ignoring_inline_asm
