../Core/Src/main.c:168:6:extractNumber	48	static
../Core/Src/main.c:201:5:compareStrings	32	static
../Core/Src/main.c:221:6:HAL_UART_RxCpltCallback	56	static
../Core/Src/main.c:284:6:display_number	16	static
../Core/Src/main.c:294:6:increase	16	static
../Core/Src/main.c:301:6:init_display	8	static
../Core/Src/main.c:306:6:initTonesDictionary	9208	static
../Core/Src/main.c:332:5:main	96	static
../Core/Src/main.c:440:6:SystemClock_Config	128	static
../Core/Src/main.c:489:13:MX_I2C1_Init	8	static
../Core/Src/main.c:534:13:MX_SPI1_Init	8	static
../Core/Src/main.c:572:13:MX_TIM1_Init	40	static
../Core/Src/main.c:616:13:MX_TIM2_Init	64	static
../Core/Src/main.c:671:13:MX_USART1_UART_Init	8	static
../Core/Src/main.c:704:13:MX_USB_PCD_Init	8	static
../Core/Src/main.c:733:13:MX_GPIO_Init	56	static
../Core/Src/main.c:806:6:HAL_GPIO_EXTI_Callback	32	static
../Core/Src/main.c:889:6:HAL_TIM_PeriodElapsedCallback	16	static
../Core/Src/main.c:1005:6:Error_Handler	4	static,ignoring_inline_asm
