../Core/Inc/music_library.h:106:6:initializePlaylistOrder	8	static
../Core/Inc/music_library.h:110:6:initTonesDictionary	13344	static
../Core/Src/main.c:119:7:get_current_time	24	static
../Core/Src/main.c:132:6:sendInfo	40	static
../Core/Src/main.c:155:6:sendError	72	static
../Core/Src/main.c:175:6:extractNumber	160	dynamic
../Core/Src/main.c:203:6:extractVolume	160	dynamic
../Core/Src/main.c:228:5:compareStrings	32	static
../Core/Src/main.c:249:6:HAL_UART_RxCpltCallback	152	static
../Core/Src/main.c:315:10:normalize_adc	32	static
../Core/Src/main.c:346:5:denoise_adc	16	static
../Core/Src/main.c:354:6:HAL_ADC_ConvCpltCallback	24	static
../Core/Src/main.c:370:6:display_number	16	static
../Core/Src/main.c:381:6:init_display	8	static
../Core/Src/main.c:391:5:digit_count	24	static
../Core/Src/main.c:404:6:extract_int_to_carrier	24	static
../Core/Src/main.c:415:5:array_to_number	24	static
../Core/Src/main.c:423:6:number_to_array	32	static
../Core/Src/main.c:442:5:generate_random_int	16	static
../Core/Src/main.c:446:6:change_program_mode	16	static
../Core/Src/main.c:456:5:next_shuffle	24	static
../Core/Src/main.c:477:6:next_music	32	static
../Core/Src/main.c:503:6:set_music	24	static
../Core/Src/main.c:519:5:main	96	static
../Core/Src/main.c:629:6:SystemClock_Config	128	static
../Core/Src/main.c:683:13:MX_ADC1_Init	48	static
../Core/Src/main.c:749:13:MX_I2C1_Init	8	static
../Core/Src/main.c:797:13:MX_SPI1_Init	8	static
../Core/Src/main.c:837:13:MX_TIM1_Init	40	static
../Core/Src/main.c:884:13:MX_TIM2_Init	64	static
../Core/Src/main.c:943:13:MX_USART1_UART_Init	8	static
../Core/Src/main.c:978:13:MX_USB_PCD_Init	8	static
../Core/Src/main.c:1009:13:MX_GPIO_Init	56	static
../Core/Src/main.c:1082:6:HAL_GPIO_EXTI_Callback	136	static
../Core/Src/main.c:1141:6:HAL_TIM_PeriodElapsedCallback	16	static
../Core/Src/main.c:1163:6:Error_Handler	4	static,ignoring_inline_asm
