../Core/Src/stm32f3xx_it.c:66:6:PWM_Start	8	static
../Core/Src/stm32f3xx_it.c:70:6:PWM_Change_Tone	40	static
../Core/Src/stm32f3xx_it.c:88:6:Change_Melody	16	static
../Core/Src/stm32f3xx_it.c:94:6:Update_Melody	16	static
../Core/Src/stm32f3xx_it.c:121:6:NMI_Handler	4	static
../Core/Src/stm32f3xx_it.c:135:6:HardFault_Handler	4	static
../Core/Src/stm32f3xx_it.c:150:6:MemManage_Handler	4	static
../Core/Src/stm32f3xx_it.c:165:6:BusFault_Handler	4	static
../Core/Src/stm32f3xx_it.c:180:6:UsageFault_Handler	4	static
../Core/Src/stm32f3xx_it.c:195:6:SVC_Handler	4	static
../Core/Src/stm32f3xx_it.c:208:6:DebugMon_Handler	4	static
../Core/Src/stm32f3xx_it.c:221:6:PendSV_Handler	4	static
../Core/Src/stm32f3xx_it.c:234:6:SysTick_Handler	8	static
../Core/Src/stm32f3xx_it.c:255:6:EXTI0_IRQHandler	8	static
../Core/Src/stm32f3xx_it.c:272:6:EXTI1_IRQHandler	8	static
../Core/Src/stm32f3xx_it.c:286:6:EXTI2_TSC_IRQHandler	8	static
../Core/Src/stm32f3xx_it.c:300:6:EXTI3_IRQHandler	8	static
../Core/Src/stm32f3xx_it.c:314:6:ADC1_2_IRQHandler	8	static
../Core/Src/stm32f3xx_it.c:328:6:TIM1_UP_TIM16_IRQHandler	8	static
../Core/Src/stm32f3xx_it.c:342:6:USART1_IRQHandler	8	static
