../Core/Src/stm32f3xx_it.c:66:6:PWM_Start	8	static
../Core/Src/stm32f3xx_it.c:70:6:PWM_Change_Tone	40	static
../Core/Src/stm32f3xx_it.c:88:6:Change_Melody	16	static
../Core/Src/stm32f3xx_it.c:94:6:Update_Melody	16	static
../Core/Src/stm32f3xx_it.c:127:6:NMI_Handler	4	static
../Core/Src/stm32f3xx_it.c:141:6:HardFault_Handler	4	static
../Core/Src/stm32f3xx_it.c:156:6:MemManage_Handler	4	static
../Core/Src/stm32f3xx_it.c:171:6:BusFault_Handler	4	static
../Core/Src/stm32f3xx_it.c:186:6:UsageFault_Handler	4	static
../Core/Src/stm32f3xx_it.c:201:6:SVC_Handler	4	static
../Core/Src/stm32f3xx_it.c:214:6:DebugMon_Handler	4	static
../Core/Src/stm32f3xx_it.c:227:6:PendSV_Handler	4	static
../Core/Src/stm32f3xx_it.c:240:6:SysTick_Handler	8	static
../Core/Src/stm32f3xx_it.c:261:6:EXTI0_IRQHandler	8	static
../Core/Src/stm32f3xx_it.c:278:6:EXTI1_IRQHandler	8	static
../Core/Src/stm32f3xx_it.c:292:6:EXTI2_TSC_IRQHandler	8	static
../Core/Src/stm32f3xx_it.c:306:6:EXTI3_IRQHandler	8	static
../Core/Src/stm32f3xx_it.c:320:6:EXTI4_IRQHandler	8	static
../Core/Src/stm32f3xx_it.c:334:6:ADC1_2_IRQHandler	8	static
../Core/Src/stm32f3xx_it.c:348:6:TIM1_UP_TIM16_IRQHandler	8	static
../Core/Src/stm32f3xx_it.c:362:6:USART1_IRQHandler	8	static
