../Core/Src/stm32f3xx_it.c:66:6:PWM_Start	8	static
../Core/Src/stm32f3xx_it.c:70:6:PWM_Change_Tone	40	static
../Core/Src/stm32f3xx_it.c:88:6:Change_Melody	16	static
../Core/Src/stm32f3xx_it.c:94:6:Update_Melody	16	static
../Core/Src/stm32f3xx_it.c:124:6:NMI_Handler	4	static
../Core/Src/stm32f3xx_it.c:138:6:HardFault_Handler	4	static
../Core/Src/stm32f3xx_it.c:153:6:MemManage_Handler	4	static
../Core/Src/stm32f3xx_it.c:168:6:BusFault_Handler	4	static
../Core/Src/stm32f3xx_it.c:183:6:UsageFault_Handler	4	static
../Core/Src/stm32f3xx_it.c:198:6:SVC_Handler	4	static
../Core/Src/stm32f3xx_it.c:211:6:DebugMon_Handler	4	static
../Core/Src/stm32f3xx_it.c:224:6:PendSV_Handler	4	static
../Core/Src/stm32f3xx_it.c:237:6:SysTick_Handler	8	static
../Core/Src/stm32f3xx_it.c:258:6:EXTI0_IRQHandler	8	static
../Core/Src/stm32f3xx_it.c:275:6:EXTI1_IRQHandler	8	static
../Core/Src/stm32f3xx_it.c:289:6:EXTI2_TSC_IRQHandler	8	static
../Core/Src/stm32f3xx_it.c:303:6:EXTI3_IRQHandler	8	static
../Core/Src/stm32f3xx_it.c:317:6:ADC1_2_IRQHandler	8	static
../Core/Src/stm32f3xx_it.c:331:6:TIM1_UP_TIM16_IRQHandler	8	static
../Core/Src/stm32f3xx_it.c:345:6:USART1_IRQHandler	8	static
