../Core/Src/stm32f3xx_it.c:64:6:PWM_Start	8	static
../Core/Src/stm32f3xx_it.c:69:6:PWM_Change_Tone	40	static
../Core/Src/stm32f3xx_it.c:90:6:Change_Melody	16	static
../Core/Src/stm32f3xx_it.c:97:6:Update_Melody	16	static
../Core/Src/stm32f3xx_it.c:122:6:NMI_Handler	4	static
../Core/Src/stm32f3xx_it.c:137:6:HardFault_Handler	4	static
../Core/Src/stm32f3xx_it.c:152:6:MemManage_Handler	4	static
../Core/Src/stm32f3xx_it.c:167:6:BusFault_Handler	4	static
../Core/Src/stm32f3xx_it.c:182:6:UsageFault_Handler	4	static
../Core/Src/stm32f3xx_it.c:197:6:SVC_Handler	4	static
../Core/Src/stm32f3xx_it.c:210:6:DebugMon_Handler	4	static
../Core/Src/stm32f3xx_it.c:223:6:PendSV_Handler	4	static
../Core/Src/stm32f3xx_it.c:236:6:SysTick_Handler	8	static
../Core/Src/stm32f3xx_it.c:257:6:EXTI0_IRQHandler	8	static
../Core/Src/stm32f3xx_it.c:271:6:EXTI1_IRQHandler	8	static
../Core/Src/stm32f3xx_it.c:285:6:EXTI2_TSC_IRQHandler	8	static
../Core/Src/stm32f3xx_it.c:299:6:EXTI3_IRQHandler	8	static
../Core/Src/stm32f3xx_it.c:313:6:TIM1_UP_TIM16_IRQHandler	8	static
../Core/Src/stm32f3xx_it.c:327:6:USART1_IRQHandler	8	static
