Archive member included to satisfy reference by file (symbol)

a:/stm32cubeide_1.11.2/stm32cubeide/plugins/com.st.stm32cube.ide.mcu.externaltools.gnu-tools-for-stm32.10.3-2021.10.win32_1.0.100.202210260954/tools/bin/../lib/gcc/arm-none-eabi/10.3.1/../../../../arm-none-eabi/lib/thumb/v7e-m+fp/hard\libc_nano.a(lib_a-errno.o)
                              ./Core/Src/syscalls.o (__errno)
a:/stm32cubeide_1.11.2/stm32cubeide/plugins/com.st.stm32cube.ide.mcu.externaltools.gnu-tools-for-stm32.10.3-2021.10.win32_1.0.100.202210260954/tools/bin/../lib/gcc/arm-none-eabi/10.3.1/../../../../arm-none-eabi/lib/thumb/v7e-m+fp/hard\libc_nano.a(lib_a-exit.o)
                              a:/stm32cubeide_1.11.2/stm32cubeide/plugins/com.st.stm32cube.ide.mcu.externaltools.gnu-tools-for-stm32.10.3-2021.10.win32_1.0.100.202210260954/tools/bin/../lib/gcc/arm-none-eabi/10.3.1/../../../../arm-none-eabi/lib/thumb/v7e-m+fp/hard/crt0.o (exit)
a:/stm32cubeide_1.11.2/stm32cubeide/plugins/com.st.stm32cube.ide.mcu.externaltools.gnu-tools-for-stm32.10.3-2021.10.win32_1.0.100.202210260954/tools/bin/../lib/gcc/arm-none-eabi/10.3.1/../../../../arm-none-eabi/lib/thumb/v7e-m+fp/hard\libc_nano.a(lib_a-impure.o)
                              a:/stm32cubeide_1.11.2/stm32cubeide/plugins/com.st.stm32cube.ide.mcu.externaltools.gnu-tools-for-stm32.10.3-2021.10.win32_1.0.100.202210260954/tools/bin/../lib/gcc/arm-none-eabi/10.3.1/../../../../arm-none-eabi/lib/thumb/v7e-m+fp/hard\libc_nano.a(lib_a-exit.o) (_global_impure_ptr)
a:/stm32cubeide_1.11.2/stm32cubeide/plugins/com.st.stm32cube.ide.mcu.externaltools.gnu-tools-for-stm32.10.3-2021.10.win32_1.0.100.202210260954/tools/bin/../lib/gcc/arm-none-eabi/10.3.1/../../../../arm-none-eabi/lib/thumb/v7e-m+fp/hard\libc_nano.a(lib_a-init.o)
                              a:/stm32cubeide_1.11.2/stm32cubeide/plugins/com.st.stm32cube.ide.mcu.externaltools.gnu-tools-for-stm32.10.3-2021.10.win32_1.0.100.202210260954/tools/bin/../lib/gcc/arm-none-eabi/10.3.1/../../../../arm-none-eabi/lib/thumb/v7e-m+fp/hard/crt0.o (__libc_init_array)
a:/stm32cubeide_1.11.2/stm32cubeide/plugins/com.st.stm32cube.ide.mcu.externaltools.gnu-tools-for-stm32.10.3-2021.10.win32_1.0.100.202210260954/tools/bin/../lib/gcc/arm-none-eabi/10.3.1/../../../../arm-none-eabi/lib/thumb/v7e-m+fp/hard\libc_nano.a(lib_a-malloc.o)
                              ./Core/Src/dictionary.o (malloc)
a:/stm32cubeide_1.11.2/stm32cubeide/plugins/com.st.stm32cube.ide.mcu.externaltools.gnu-tools-for-stm32.10.3-2021.10.win32_1.0.100.202210260954/tools/bin/../lib/gcc/arm-none-eabi/10.3.1/../../../../arm-none-eabi/lib/thumb/v7e-m+fp/hard\libc_nano.a(lib_a-memcpy-stub.o)
                              ./Core/Src/dictionary.o (memcpy)
a:/stm32cubeide_1.11.2/stm32cubeide/plugins/com.st.stm32cube.ide.mcu.externaltools.gnu-tools-for-stm32.10.3-2021.10.win32_1.0.100.202210260954/tools/bin/../lib/gcc/arm-none-eabi/10.3.1/../../../../arm-none-eabi/lib/thumb/v7e-m+fp/hard\libc_nano.a(lib_a-memset.o)
                              a:/stm32cubeide_1.11.2/stm32cubeide/plugins/com.st.stm32cube.ide.mcu.externaltools.gnu-tools-for-stm32.10.3-2021.10.win32_1.0.100.202210260954/tools/bin/../lib/gcc/arm-none-eabi/10.3.1/../../../../arm-none-eabi/lib/thumb/v7e-m+fp/hard/crt0.o (memset)
a:/stm32cubeide_1.11.2/stm32cubeide/plugins/com.st.stm32cube.ide.mcu.externaltools.gnu-tools-for-stm32.10.3-2021.10.win32_1.0.100.202210260954/tools/bin/../lib/gcc/arm-none-eabi/10.3.1/../../../../arm-none-eabi/lib/thumb/v7e-m+fp/hard\libc_nano.a(lib_a-nano-freer.o)
                              a:/stm32cubeide_1.11.2/stm32cubeide/plugins/com.st.stm32cube.ide.mcu.externaltools.gnu-tools-for-stm32.10.3-2021.10.win32_1.0.100.202210260954/tools/bin/../lib/gcc/arm-none-eabi/10.3.1/../../../../arm-none-eabi/lib/thumb/v7e-m+fp/hard\libc_nano.a(lib_a-malloc.o) (_free_r)
a:/stm32cubeide_1.11.2/stm32cubeide/plugins/com.st.stm32cube.ide.mcu.externaltools.gnu-tools-for-stm32.10.3-2021.10.win32_1.0.100.202210260954/tools/bin/../lib/gcc/arm-none-eabi/10.3.1/../../../../arm-none-eabi/lib/thumb/v7e-m+fp/hard\libc_nano.a(lib_a-nano-mallocr.o)
                              a:/stm32cubeide_1.11.2/stm32cubeide/plugins/com.st.stm32cube.ide.mcu.externaltools.gnu-tools-for-stm32.10.3-2021.10.win32_1.0.100.202210260954/tools/bin/../lib/gcc/arm-none-eabi/10.3.1/../../../../arm-none-eabi/lib/thumb/v7e-m+fp/hard\libc_nano.a(lib_a-malloc.o) (_malloc_r)
a:/stm32cubeide_1.11.2/stm32cubeide/plugins/com.st.stm32cube.ide.mcu.externaltools.gnu-tools-for-stm32.10.3-2021.10.win32_1.0.100.202210260954/tools/bin/../lib/gcc/arm-none-eabi/10.3.1/../../../../arm-none-eabi/lib/thumb/v7e-m+fp/hard\libc_nano.a(lib_a-sbrkr.o)
                              a:/stm32cubeide_1.11.2/stm32cubeide/plugins/com.st.stm32cube.ide.mcu.externaltools.gnu-tools-for-stm32.10.3-2021.10.win32_1.0.100.202210260954/tools/bin/../lib/gcc/arm-none-eabi/10.3.1/../../../../arm-none-eabi/lib/thumb/v7e-m+fp/hard\libc_nano.a(lib_a-nano-mallocr.o) (_sbrk_r)
[...]
Memory Configuration

Name             Origin             Length             Attributes
CCMRAM           0x0000000010000000 0x0000000000002000 xrw
RAM              0x0000000020000000 0x000000000000a000 xrw
FLASH            0x0000000008000000 0x0000000000040000 xr
*default*        0x0000000000000000 0xffffffffffffffff

Linker script and memory map

LOAD a:/stm32cubeide_1.11.2/stm32cubeide/plugins/com.st.stm32cube.ide.mcu.externaltools.gnu-tools-for-stm32.10.3-2021.10.win32_1.0.100.202210260954/tools/bin/../lib/gcc/arm-none-eabi/10.3.1/thumb/v7e-m+fp/hard/crti.o
LOAD a:/stm32cubeide_1.11.2/stm32cubeide/plugins/com.st.stm32cube.ide.mcu.externaltools.gnu-tools-for-stm32.10.3-2021.10.win32_1.0.100.202210260954/tools/bin/../lib/gcc/arm-none-eabi/10.3.1/thumb/v7e-m+fp/hard/crtbegin.o
LOAD a:/stm32cubeide_1.11.2/stm32cubeide/plugins/com.st.stm32cube.ide.mcu.externaltools.gnu-tools-for-stm32.10.3-2021.10.win32_1.0.100.202210260954/tools/bin/../lib/gcc/arm-none-eabi/10.3.1/../../../../arm-none-eabi/lib/thumb/v7e-m+fp/hard/crt0.o
LOAD ./Core/Src/dictionary.o
LOAD ./Core/Src/main.o
LOAD ./Core/Src/stm32f3xx_hal_msp.o
LOAD ./Core/Src/stm32f3xx_it.o
LOAD ./Core/Src/syscalls.o
LOAD ./Core/Src/sysmem.o
LOAD ./Core/Src/system_stm32f3xx.o
LOAD ./Core/Startup/startup_stm32f303vctx.o
LOAD ./Drivers/STM32F3xx_HAL_Driver/Src/stm32f3xx_hal.o
LOAD ./Drivers/STM32F3xx_HAL_Driver/Src/stm32f3xx_hal_cortex.o
LOAD ./Drivers/STM32F3xx_HAL_Driver/Src/stm32f3xx_hal_dma.o
LOAD ./Drivers/STM32F3xx_HAL_Driver/Src/stm32f3xx_hal_exti.o
LOAD ./Drivers/STM32F3xx_HAL_Driver/Src/stm32f3xx_hal_flash.o
LOAD ./Drivers/STM32F3xx_HAL_Driver/Src/stm32f3xx_hal_flash_ex.o
LOAD ./Drivers/STM32F3xx_HAL_Driver/Src/stm32f3xx_hal_gpio.o
LOAD ./Drivers/STM32F3xx_HAL_Driver/Src/stm32f3xx_hal_i2c.o
LOAD ./Drivers/STM32F3xx_HAL_Driver/Src/stm32f3xx_hal_i2c_ex.o
LOAD ./Drivers/STM32F3xx_HAL_Driver/Src/stm32f3xx_hal_pcd.o
LOAD ./Drivers/STM32F3xx_HAL_Driver/Src/stm32f3xx_hal_pcd_ex.o
LOAD ./Drivers/STM32F3xx_HAL_Driver/Src/stm32f3xx_hal_pwr.o
LOAD ./Drivers/STM32F3xx_HAL_Driver/Src/stm32f3xx_hal_pwr_ex.o
LOAD ./Drivers/STM32F3xx_HAL_Driver/Src/stm32f3xx_hal_rcc.o
LOAD ./Drivers/STM32F3xx_HAL_Driver/Src/stm32f3xx_hal_rcc_ex.o
LOAD ./Drivers/STM32F3xx_HAL_Driver/Src/stm32f3xx_hal_spi.o
LOAD ./Drivers/STM32F3xx_HAL_Driver/Src/stm32f3xx_hal_spi_ex.o
LOAD ./Drivers/STM32F3xx_HAL_Driver/Src/stm32f3xx_hal_tim.o
LOAD ./Drivers/STM32F3xx_HAL_Driver/Src/stm32f3xx_hal_tim_ex.o
LOAD ./Drivers/STM32F3xx_HAL_Driver/Src/stm32f3xx_hal_uart.o
LOAD ./Drivers/STM32F3xx_HAL_Driver/Src/stm32f3xx_hal_uart_ex.o
LOAD ./Drivers/STM32F3xx_HAL_Driver/Src/stm32f3xx_ll_usb.o
START GROUP
LOAD a:/stm32cubeide_1.11.2/stm32cubeide/plugins/com.st.stm32cube.ide.mcu.externaltools.gnu-tools-for-stm32.10.3-2021.10.win32_1.0.100.202210260954/tools/bin/../lib/gcc/arm-none-eabi/10.3.1/../../../../arm-none-eabi/lib/thumb/v7e-m+fp/hard\libc_nano.a
LOAD a:/stm32cubeide_1.11.2/stm32cubeide/plugins/com.st.stm32cube.ide.mcu.externaltools.gnu-tools-for-stm32.10.3-2021.10.win32_1.0.100.202210260954/tools/bin/../lib/gcc/arm-none-eabi/10.3.1/../../../../arm-none-eabi/lib/thumb/v7e-m+fp/hard\libm.a
END GROUP
START GROUP
LOAD a:/stm32cubeide_1.11.2/stm32cubeide/plugins/com.st.stm32cube.ide.mcu.externaltools.gnu-tools-for-stm32.10.3-2021.10.win32_1.0.100.202210260954/tools/bin/../lib/gcc/arm-none-eabi/10.3.1/thumb/v7e-m+fp/hard\libgcc.a
LOAD a:/stm32cubeide_1.11.2/stm32cubeide/plugins/com.st.stm32cube.ide.mcu.externaltools.gnu-tools-for-stm32.10.3-2021.10.win32_1.0.100.202210260954/tools/bin/../lib/gcc/arm-none-eabi/10.3.1/../../../../arm-none-eabi/lib/thumb/v7e-m+fp/hard\libc_nano.a
END GROUP
START GROUP
LOAD a:/stm32cubeide_1.11.2/stm32cubeide/plugins/com.st.stm32cube.ide.mcu.externaltools.gnu-tools-for-stm32.10.3-2021.10.win32_1.0.100.202210260954/tools/bin/../lib/gcc/arm-none-eabi/10.3.1/thumb/v7e-m+fp/hard\libgcc.a
LOAD a:/stm32cubeide_1.11.2/stm32cubeide/plugins/com.st.stm32cube.ide.mcu.externaltools.gnu-tools-for-stm32.10.3-2021.10.win32_1.0.100.202210260954/tools/bin/../lib/gcc/arm-none-eabi/10.3.1/../../../../arm-none-eabi/lib/thumb/v7e-m+fp/hard\libc_nano.a
LOAD a:/stm32cubeide_1.11.2/stm32cubeide/plugins/com.st.stm32cube.ide.mcu.externaltools.gnu-tools-for-stm32.10.3-2021.10.win32_1.0.100.202210260954/tools/bin/../lib/gcc/arm-none-eabi/10.3.1/../../../../arm-none-eabi/lib/thumb/v7e-m+fp/hard\libnosys.a
END GROUP
START GROUP
LOAD a:/stm32cubeide_1.11.2/stm32cubeide/plugins/com.st.stm32cube.ide.mcu.externaltools.gnu-tools-for-stm32.10.3-2021.10.win32_1.0.100.202210260954/tools/bin/../lib/gcc/arm-none-eabi/10.3.1/thumb/v7e-m+fp/hard\libgcc.a
LOAD a:/stm32cubeide_1.11.2/stm32cubeide/plugins/com.st.stm32cube.ide.mcu.externaltools.gnu-tools-for-stm32.10.3-2021.10.win32_1.0.100.202210260954/tools/bin/../lib/gcc/arm-none-eabi/10.3.1/../../../../arm-none-eabi/lib/thumb/v7e-m+fp/hard\libc_nano.a
LOAD a:/stm32cubeide_1.11.2/stm32cubeide/plugins/com.st.stm32cube.ide.mcu.externaltools.gnu-tools-for-stm32.10.3-2021.10.win32_1.0.100.202210260954/tools/bin/../lib/gcc/arm-none-eabi/10.3.1/../../../../arm-none-eabi/lib/thumb/v7e-m+fp/hard\libnosys.a
END GROUP
LOAD a:/stm32cubeide_1.11.2/stm32cubeide/plugins/com.st.stm32cube.ide.mcu.externaltools.gnu-tools-for-stm32.10.3-2021.10.win32_1.0.100.202210260954/tools/bin/../lib/gcc/arm-none-eabi/10.3.1/thumb/v7e-m+fp/hard/crtend.o
LOAD a:/stm32cubeide_1.11.2/stm32cubeide/plugins/com.st.stm32cube.ide.mcu.externaltools.gnu-tools-for-stm32.10.3-2021.10.win32_1.0.100.202210260954/tools/bin/../lib/gcc/arm-none-eabi/10.3.1/thumb/v7e-m+fp/hard/crtn.o
                0x000000002000a000                _estack = (ORIGIN (RAM) + LENGTH (RAM))
                0x0000000000000200                _Min_Heap_Size = 0x200
                0x0000000000000400                _Min_Stack_Size = 0x400

.isr_vector     0x0000000008000000      0x188
                0x0000000008000000                . = ALIGN (0x4)
 *(.isr_vector)
 .isr_vector    0x0000000008000000      0x188 ./Core/Startup/startup_stm32f303vctx.o
                0x0000000008000000                g_pfnVectors
                0x0000000008000188                . = ALIGN (0x4)

.text           0x0000000008000188     0x6c68
                0x0000000008000188                . = ALIGN (0x4)
 *(.text)
 .text          0x0000000008000188       0x40 a:/stm32cubeide_1.11.2/stm32cubeide/plugins/com.st.stm32cube.ide.mcu.externaltools.gnu-tools-for-stm32.10.3-2021.10.win32_1.0.100.202210260954/tools/bin/../lib/gcc/arm-none-eabi/10.3.1/thumb/v7e-m+fp/hard/crtbegin.o
 .text          0x00000000080001c8       0x14 a:/stm32cubeide_1.11.2/stm32cubeide/plugins/com.st.stm32cube.ide.mcu.externaltools.gnu-tools-for-stm32.10.3-2021.10.win32_1.0.100.202210260954/tools/bin/../lib/gcc/arm-none-eabi/10.3.1/../../../../arm-none-eabi/lib/thumb/v7e-m+fp/hard\libc_nano.a(lib_a-strcmp.o)
                0x00000000080001c8                strcmp
 .text          0x00000000080001dc       0x10 a:/stm32cubeide_1.11.2/stm32cubeide/plugins/com.st.stm32cube.ide.mcu.externaltools.gnu-tools-for-stm32.10.3-2021.10.win32_1.0.100.202210260954/tools/bin/../lib/gcc/arm-none-eabi/10.3.1/../../../../arm-none-eabi/lib/thumb/v7e-m+fp/hard\libc_nano.a(lib_a-strlen.o)
                0x00000000080001dc                strlen
 *(.text*)
 .text.hashString
                0x00000000080001ec       0x42 ./Core/Src/dictionary.o
                0x00000000080001ec                hashString
 .text.hashNumeric
                0x000000000800022e       0x26 ./Core/Src/dictionary.o
                0x000000000800022e                hashNumeric
 .text.initDictionary
                0x0000000008000254       0x56 ./Core/Src/dictionary.o
                0x0000000008000254                initDictionary
 .text.insert   0x00000000080002aa       0x9e ./Core/Src/dictionary.o
                0x00000000080002aa                insert
 .text.lookup   0x0000000008000348       0xba ./Core/Src/dictionary.o
                0x0000000008000348                lookup
 *fill*         0x0000000008000402        0x2 
 .text.extractNumber
                0x0000000008000404      0x128 ./Core/Src/main.o
                0x0000000008000404                extractNumber
 .text.compareStrings
                0x000000000800052c       0x46 ./Core/Src/main.o
                0x000000000800052c                compareStrings
 *fill*         0x0000000008000572        0x2 
 .text.HAL_UART_RxCpltCallback
                0x0000000008000574      0x234 ./Core/Src/main.o
                0x0000000008000574                HAL_UART_RxCpltCallback
 .text.display_number
                0x00000000080007a8       0x68 ./Core/Src/main.o
                0x00000000080007a8                display_number
 .text.increase
                0x0000000008000810       0x40 ./Core/Src/main.o
                0x0000000008000810                increase
 .text.init_display
                0x0000000008000850       0x18 ./Core/Src/main.o
                0x0000000008000850                init_display
 .text.initTonesDictionary
                0x0000000008000868      0x118 ./Core/Src/main.o
                0x0000000008000868                initTonesDictionary
 .text.main     0x0000000008000980      0x180 ./Core/Src/main.o
                0x0000000008000980                main
 .text.SystemClock_Config
                0x0000000008000b00       0xcc ./Core/Src/main.o
                0x0000000008000b00                SystemClock_Config
 .text.MX_I2C1_Init
                0x0000000008000bcc       0x80 ./Core/Src/main.o
 .text.MX_SPI1_Init
                0x0000000008000c4c       0x7c ./Core/Src/main.o
 .text.MX_TIM1_Init
                0x0000000008000cc8       0xa8 ./Core/Src/main.o
 .text.MX_TIM2_Init
                0x0000000008000d70       0xec ./Core/Src/main.o
 .text.MX_USART1_UART_Init
                0x0000000008000e5c       0x60 ./Core/Src/main.o
 .text.MX_USB_PCD_Init
                0x0000000008000ebc       0x44 ./Core/Src/main.o
 .text.MX_GPIO_Init
                0x0000000008000f00      0x19c ./Core/Src/main.o
 .text.HAL_GPIO_EXTI_Callback
                0x000000000800109c      0x2ec ./Core/Src/main.o
                0x000000000800109c                HAL_GPIO_EXTI_Callback
 .text.HAL_TIM_PeriodElapsedCallback
                0x0000000008001388       0xec ./Core/Src/main.o
                0x0000000008001388                HAL_TIM_PeriodElapsedCallback
 .text.Error_Handler
                0x0000000008001474        0xa ./Core/Src/main.o
                0x0000000008001474                Error_Handler
 *fill*         0x000000000800147e        0x2 
 .text.HAL_MspInit
                0x0000000008001480       0x48 ./Core/Src/stm32f3xx_hal_msp.o
                0x0000000008001480                HAL_MspInit
 .text.HAL_I2C_MspInit
                0x00000000080014c8       0x88 ./Core/Src/stm32f3xx_hal_msp.o
                0x00000000080014c8                HAL_I2C_MspInit
 .text.HAL_SPI_MspInit
                0x0000000008001550       0x84 ./Core/Src/stm32f3xx_hal_msp.o
                0x0000000008001550                HAL_SPI_MspInit
 .text.HAL_TIM_Base_MspInit
                0x00000000080015d4       0x70 ./Core/Src/stm32f3xx_hal_msp.o
                0x00000000080015d4                HAL_TIM_Base_MspInit
 .text.HAL_TIM_MspPostInit
                0x0000000008001644       0x6c ./Core/Src/stm32f3xx_hal_msp.o
                0x0000000008001644                HAL_TIM_MspPostInit
 .text.HAL_UART_MspInit
                0x00000000080016b0       0x98 ./Core/Src/stm32f3xx_hal_msp.o
                0x00000000080016b0                HAL_UART_MspInit
 .text.HAL_PCD_MspInit
                0x0000000008001748       0x88 ./Core/Src/stm32f3xx_hal_msp.o
                0x0000000008001748                HAL_PCD_MspInit
 .text.PWM_Start
                0x00000000080017d0       0x20 ./Core/Src/stm32f3xx_it.o
                0x00000000080017d0                PWM_Start
 .text.PWM_Change_Tone
                0x00000000080017f0      0x168 ./Core/Src/stm32f3xx_it.o
                0x00000000080017f0                PWM_Change_Tone
 .text.Change_Melody
                0x0000000008001958       0x38 ./Core/Src/stm32f3xx_it.o
                0x0000000008001958                Change_Melody
 .text.Update_Melody
                0x0000000008001990       0x88 ./Core/Src/stm32f3xx_it.o
                0x0000000008001990                Update_Melody
 .text.NMI_Handler
                0x0000000008001a18        0x6 ./Core/Src/stm32f3xx_it.o
                0x0000000008001a18                NMI_Handler
 .text.HardFault_Handler
                0x0000000008001a1e        0x6 ./Core/Src/stm32f3xx_it.o
                0x0000000008001a1e                HardFault_Handler
 .text.MemManage_Handler
                0x0000000008001a24        0x6 ./Core/Src/stm32f3xx_it.o
                0x0000000008001a24                MemManage_Handler
 .text.BusFault_Handler
                0x0000000008001a2a        0x6 ./Core/Src/stm32f3xx_it.o
                0x0000000008001a2a                BusFault_Handler
 .text.UsageFault_Handler
                0x0000000008001a30        0x6 ./Core/Src/stm32f3xx_it.o
                0x0000000008001a30                UsageFault_Handler
 .text.SVC_Handler
                0x0000000008001a36        0xe ./Core/Src/stm32f3xx_it.o
                0x0000000008001a36                SVC_Handler
 .text.DebugMon_Handler
                0x0000000008001a44        0xe ./Core/Src/stm32f3xx_it.o
                0x0000000008001a44                DebugMon_Handler
 .text.PendSV_Handler
                0x0000000008001a52        0xe ./Core/Src/stm32f3xx_it.o
                0x0000000008001a52                PendSV_Handler
 .text.SysTick_Handler
                0x0000000008001a60       0x10 ./Core/Src/stm32f3xx_it.o
                0x0000000008001a60                SysTick_Handler
 .text.EXTI0_IRQHandler
                0x0000000008001a70       0x2c ./Core/Src/stm32f3xx_it.o
                0x0000000008001a70                EXTI0_IRQHandler
 .text.EXTI1_IRQHandler
                0x0000000008001a9c        0xe ./Core/Src/stm32f3xx_it.o
                0x0000000008001a9c                EXTI1_IRQHandler
 .text.EXTI2_TSC_IRQHandler
                0x0000000008001aaa        0xe ./Core/Src/stm32f3xx_it.o
                0x0000000008001aaa                EXTI2_TSC_IRQHandler
 .text.EXTI3_IRQHandler
                0x0000000008001ab8        0xe ./Core/Src/stm32f3xx_it.o
                0x0000000008001ab8                EXTI3_IRQHandler
 *fill*         0x0000000008001ac6        0x2 
 .text.TIM1_UP_TIM16_IRQHandler
                0x0000000008001ac8       0x14 ./Core/Src/stm32f3xx_it.o
                0x0000000008001ac8                TIM1_UP_TIM16_IRQHandler
 .text.USART1_IRQHandler
                0x0000000008001adc       0x14 ./Core/Src/stm32f3xx_it.o
                0x0000000008001adc                USART1_IRQHandler
 .text._sbrk    0x0000000008001af0       0x6c ./Core/Src/sysmem.o
                0x0000000008001af0                _sbrk
 .text.SystemInit
                0x0000000008001b5c       0x24 ./Core/Src/system_stm32f3xx.o
                0x0000000008001b5c                SystemInit
 .text.Reset_Handler
                0x0000000008001b80       0x50 ./Core/Startup/startup_stm32f303vctx.o
                0x0000000008001b80                Reset_Handler
 .text.Default_Handler
                0x0000000008001bd0        0x2 ./Core/Startup/startup_stm32f303vctx.o
                0x0000000008001bd0                RTC_Alarm_IRQHandler
                0x0000000008001bd0                TIM8_TRG_COM_IRQHandler
                0x0000000008001bd0                TIM8_CC_IRQHandler
                0x0000000008001bd0                TIM1_CC_IRQHandler
                0x0000000008001bd0                USB_HP_IRQHandler
                0x0000000008001bd0                PVD_IRQHandler
                0x0000000008001bd0                TAMP_STAMP_IRQHandler
                0x0000000008001bd0                USB_HP_CAN_TX_IRQHandler
                0x0000000008001bd0                I2C2_EV_IRQHandler
                0x0000000008001bd0                FPU_IRQHandler
                0x0000000008001bd0                ADC1_2_IRQHandler
                0x0000000008001bd0                SPI1_IRQHandler
                0x0000000008001bd0                CAN_SCE_IRQHandler
                0x0000000008001bd0                TIM6_DAC_IRQHandler
                0x0000000008001bd0                TIM8_UP_IRQHandler
                0x0000000008001bd0                DMA2_Channel2_IRQHandler
                0x0000000008001bd0                DMA1_Channel4_IRQHandler
                0x0000000008001bd0                USART3_IRQHandler
                0x0000000008001bd0                DMA1_Channel7_IRQHandler
                0x0000000008001bd0                UART5_IRQHandler
                0x0000000008001bd0                ADC3_IRQHandler
                0x0000000008001bd0                TIM4_IRQHandler
                0x0000000008001bd0                CAN_RX1_IRQHandler
                0x0000000008001bd0                DMA2_Channel1_IRQHandler
                0x0000000008001bd0                I2C1_EV_IRQHandler
                0x0000000008001bd0                DMA1_Channel6_IRQHandler
                0x0000000008001bd0                UART4_IRQHandler
                0x0000000008001bd0                DMA2_Channel4_IRQHandler
                0x0000000008001bd0                TIM3_IRQHandler
                0x0000000008001bd0                RCC_IRQHandler
                0x0000000008001bd0                DMA1_Channel1_IRQHandler
                0x0000000008001bd0                Default_Handler
                0x0000000008001bd0                USBWakeUp_RMP_IRQHandler
                0x0000000008001bd0                EXTI15_10_IRQHandler
                0x0000000008001bd0                TIM7_IRQHandler
                0x0000000008001bd0                EXTI9_5_IRQHandler
                0x0000000008001bd0                RTC_WKUP_IRQHandler
                0x0000000008001bd0                SPI2_IRQHandler
                0x0000000008001bd0                USB_LP_CAN_RX0_IRQHandler
                0x0000000008001bd0                DMA2_Channel5_IRQHandler
                0x0000000008001bd0                DMA1_Channel5_IRQHandler
                0x0000000008001bd0                USB_LP_IRQHandler
                0x0000000008001bd0                EXTI4_IRQHandler
                0x0000000008001bd0                TIM1_TRG_COM_TIM17_IRQHandler
                0x0000000008001bd0                DMA1_Channel3_IRQHandler
                0x0000000008001bd0                ADC4_IRQHandler
                0x0000000008001bd0                WWDG_IRQHandler
                0x0000000008001bd0                TIM2_IRQHandler
                0x0000000008001bd0                COMP7_IRQHandler
                0x0000000008001bd0                COMP1_2_3_IRQHandler
                0x0000000008001bd0                USART2_IRQHandler
                0x0000000008001bd0                COMP4_5_6_IRQHandler
                0x0000000008001bd0                I2C2_ER_IRQHandler
                0x0000000008001bd0                DMA1_Channel2_IRQHandler
                0x0000000008001bd0                TIM8_BRK_IRQHandler
                0x0000000008001bd0                FLASH_IRQHandler
                0x0000000008001bd0                SPI3_IRQHandler
                0x0000000008001bd0                I2C1_ER_IRQHandler
                0x0000000008001bd0                USBWakeUp_IRQHandler
                0x0000000008001bd0                DMA2_Channel3_IRQHandler
                0x0000000008001bd0                TIM1_BRK_TIM15_IRQHandler
 *fill*         0x0000000008001bd2        0x2 
 .text.HAL_Init
                0x0000000008001bd4       0x2c ./Drivers/STM32F3xx_HAL_Driver/Src/stm32f3xx_hal.o
                0x0000000008001bd4                HAL_Init
 .text.HAL_InitTick
                0x0000000008001c00       0x60 ./Drivers/STM32F3xx_HAL_Driver/Src/stm32f3xx_hal.o
                0x0000000008001c00                HAL_InitTick
 .text.HAL_IncTick
                0x0000000008001c60       0x28 ./Drivers/STM32F3xx_HAL_Driver/Src/stm32f3xx_hal.o
                0x0000000008001c60                HAL_IncTick
 .text.HAL_GetTick
                0x0000000008001c88       0x18 ./Drivers/STM32F3xx_HAL_Driver/Src/stm32f3xx_hal.o
                0x0000000008001c88                HAL_GetTick
 .text.__NVIC_SetPriorityGrouping
                0x0000000008001ca0       0x48 ./Drivers/STM32F3xx_HAL_Driver/Src/stm32f3xx_hal_cortex.o
 .text.__NVIC_GetPriorityGrouping
                0x0000000008001ce8       0x1c ./Drivers/STM32F3xx_HAL_Driver/Src/stm32f3xx_hal_cortex.o
 .text.__NVIC_EnableIRQ
                0x0000000008001d04       0x3c ./Drivers/STM32F3xx_HAL_Driver/Src/stm32f3xx_hal_cortex.o
 .text.__NVIC_SetPriority
                0x0000000008001d40       0x54 ./Drivers/STM32F3xx_HAL_Driver/Src/stm32f3xx_hal_cortex.o
 .text.NVIC_EncodePriority
                0x0000000008001d94       0x66 ./Drivers/STM32F3xx_HAL_Driver/Src/stm32f3xx_hal_cortex.o
 *fill*         0x0000000008001dfa        0x2 
 .text.SysTick_Config
                0x0000000008001dfc       0x44 ./Drivers/STM32F3xx_HAL_Driver/Src/stm32f3xx_hal_cortex.o
 .text.HAL_NVIC_SetPriorityGrouping
                0x0000000008001e40       0x16 ./Drivers/STM32F3xx_HAL_Driver/Src/stm32f3xx_hal_cortex.o
                0x0000000008001e40                HAL_NVIC_SetPriorityGrouping
 .text.HAL_NVIC_SetPriority
                0x0000000008001e56       0x38 ./Drivers/STM32F3xx_HAL_Driver/Src/stm32f3xx_hal_cortex.o
                0x0000000008001e56                HAL_NVIC_SetPriority
 .text.HAL_NVIC_EnableIRQ
                0x0000000008001e8e       0x1c ./Drivers/STM32F3xx_HAL_Driver/Src/stm32f3xx_hal_cortex.o
                0x0000000008001e8e                HAL_NVIC_EnableIRQ
 .text.HAL_SYSTICK_Config
                0x0000000008001eaa       0x18 ./Drivers/STM32F3xx_HAL_Driver/Src/stm32f3xx_hal_cortex.o
                0x0000000008001eaa                HAL_SYSTICK_Config
 .text.HAL_DMA_Abort
                0x0000000008001ec2       0x72 ./Drivers/STM32F3xx_HAL_Driver/Src/stm32f3xx_hal_dma.o
                0x0000000008001ec2                HAL_DMA_Abort
 .text.HAL_DMA_Abort_IT
                0x0000000008001f34       0x7c ./Drivers/STM32F3xx_HAL_Driver/Src/stm32f3xx_hal_dma.o
                0x0000000008001f34                HAL_DMA_Abort_IT
 .text.HAL_GPIO_Init
                0x0000000008001fb0      0x2f4 ./Drivers/STM32F3xx_HAL_Driver/Src/stm32f3xx_hal_gpio.o
                0x0000000008001fb0                HAL_GPIO_Init
 .text.HAL_GPIO_WritePin
                0x00000000080022a4       0x30 ./Drivers/STM32F3xx_HAL_Driver/Src/stm32f3xx_hal_gpio.o
                0x00000000080022a4                HAL_GPIO_WritePin
 .text.HAL_GPIO_EXTI_IRQHandler
                0x00000000080022d4       0x30 ./Drivers/STM32F3xx_HAL_Driver/Src/stm32f3xx_hal_gpio.o
                0x00000000080022d4                HAL_GPIO_EXTI_IRQHandler
 .text.HAL_I2C_Init
                0x0000000008002304      0x11e ./Drivers/STM32F3xx_HAL_Driver/Src/stm32f3xx_hal_i2c.o
                0x0000000008002304                HAL_I2C_Init
 .text.HAL_I2CEx_ConfigAnalogFilter
                0x0000000008002422       0x96 ./Drivers/STM32F3xx_HAL_Driver/Src/stm32f3xx_hal_i2c_ex.o
                0x0000000008002422                HAL_I2CEx_ConfigAnalogFilter
 .text.HAL_I2CEx_ConfigDigitalFilter
                0x00000000080024b8       0x98 ./Drivers/STM32F3xx_HAL_Driver/Src/stm32f3xx_hal_i2c_ex.o
                0x00000000080024b8                HAL_I2CEx_ConfigDigitalFilter
 .text.HAL_PCD_Init
                0x0000000008002550      0x1a4 ./Drivers/STM32F3xx_HAL_Driver/Src/stm32f3xx_hal_pcd.o
                0x0000000008002550                HAL_PCD_Init
 .text.HAL_RCC_OscConfig
                0x00000000080026f4     0x107c ./Drivers/STM32F3xx_HAL_Driver/Src/stm32f3xx_hal_rcc.o
                0x00000000080026f4                HAL_RCC_OscConfig
 .text.HAL_RCC_ClockConfig
                0x0000000008003770      0x2f8 ./Drivers/STM32F3xx_HAL_Driver/Src/stm32f3xx_hal_rcc.o
                0x0000000008003770                HAL_RCC_ClockConfig
 .text.HAL_RCC_GetSysClockFreq
                0x0000000008003a68       0xd4 ./Drivers/STM32F3xx_HAL_Driver/Src/stm32f3xx_hal_rcc.o
                0x0000000008003a68                HAL_RCC_GetSysClockFreq
 .text.HAL_RCC_GetHCLKFreq
                0x0000000008003b3c       0x18 ./Drivers/STM32F3xx_HAL_Driver/Src/stm32f3xx_hal_rcc.o
                0x0000000008003b3c                HAL_RCC_GetHCLKFreq
 .text.HAL_RCC_GetPCLK1Freq
                0x0000000008003b54       0x44 ./Drivers/STM32F3xx_HAL_Driver/Src/stm32f3xx_hal_rcc.o
                0x0000000008003b54                HAL_RCC_GetPCLK1Freq
 .text.HAL_RCC_GetPCLK2Freq
                0x0000000008003b98       0x44 ./Drivers/STM32F3xx_HAL_Driver/Src/stm32f3xx_hal_rcc.o
                0x0000000008003b98                HAL_RCC_GetPCLK2Freq
 .text.HAL_RCCEx_PeriphCLKConfig
                0x0000000008003bdc      0x360 ./Drivers/STM32F3xx_HAL_Driver/Src/stm32f3xx_hal_rcc_ex.o
                0x0000000008003bdc                HAL_RCCEx_PeriphCLKConfig
 .text.HAL_SPI_Init
                0x0000000008003f3c      0x156 ./Drivers/STM32F3xx_HAL_Driver/Src/stm32f3xx_hal_spi.o
                0x0000000008003f3c                HAL_SPI_Init
 .text.HAL_TIM_Base_Init
                0x0000000008004092       0xae ./Drivers/STM32F3xx_HAL_Driver/Src/stm32f3xx_hal_tim.o
                0x0000000008004092                HAL_TIM_Base_Init
 .text.HAL_TIM_Base_Start_IT
                0x0000000008004140       0xd4 ./Drivers/STM32F3xx_HAL_Driver/Src/stm32f3xx_hal_tim.o
                0x0000000008004140                HAL_TIM_Base_Start_IT
 .text.HAL_TIM_PWM_Init
                0x0000000008004214       0xae ./Drivers/STM32F3xx_HAL_Driver/Src/stm32f3xx_hal_tim.o
                0x0000000008004214                HAL_TIM_PWM_Init
 .text.HAL_TIM_PWM_MspInit
                0x00000000080042c2       0x14 ./Drivers/STM32F3xx_HAL_Driver/Src/stm32f3xx_hal_tim.o
                0x00000000080042c2                HAL_TIM_PWM_MspInit
 *fill*         0x00000000080042d6        0x2 
 .text.HAL_TIM_PWM_Start
                0x00000000080042d8      0x200 ./Drivers/STM32F3xx_HAL_Driver/Src/stm32f3xx_hal_tim.o
                0x00000000080042d8                HAL_TIM_PWM_Start
 .text.HAL_TIM_IRQHandler
                0x00000000080044d8      0x23e ./Drivers/STM32F3xx_HAL_Driver/Src/stm32f3xx_hal_tim.o
                0x00000000080044d8                HAL_TIM_IRQHandler
 *fill*         0x0000000008004716        0x2 
 .text.HAL_TIM_PWM_ConfigChannel
                0x0000000008004718      0x228 ./Drivers/STM32F3xx_HAL_Driver/Src/stm32f3xx_hal_tim.o
                0x0000000008004718                HAL_TIM_PWM_ConfigChannel
 .text.HAL_TIM_ConfigClockSource
                0x0000000008004940      0x192 ./Drivers/STM32F3xx_HAL_Driver/Src/stm32f3xx_hal_tim.o
                0x0000000008004940                HAL_TIM_ConfigClockSource
 .text.HAL_TIM_OC_DelayElapsedCallback
                0x0000000008004ad2       0x14 ./Drivers/STM32F3xx_HAL_Driver/Src/stm32f3xx_hal_tim.o
                0x0000000008004ad2                HAL_TIM_OC_DelayElapsedCallback
 .text.HAL_TIM_IC_CaptureCallback
                0x0000000008004ae6       0x14 ./Drivers/STM32F3xx_HAL_Driver/Src/stm32f3xx_hal_tim.o
                0x0000000008004ae6                HAL_TIM_IC_CaptureCallback
 .text.HAL_TIM_PWM_PulseFinishedCallback
                0x0000000008004afa       0x14 ./Drivers/STM32F3xx_HAL_Driver/Src/stm32f3xx_hal_tim.o
                0x0000000008004afa                HAL_TIM_PWM_PulseFinishedCallback
 .text.HAL_TIM_TriggerCallback
                0x0000000008004b0e       0x14 ./Drivers/STM32F3xx_HAL_Driver/Src/stm32f3xx_hal_tim.o
                0x0000000008004b0e                HAL_TIM_TriggerCallback
 *fill*         0x0000000008004b22        0x2 
 .text.TIM_Base_SetConfig
                0x0000000008004b24      0x120 ./Drivers/STM32F3xx_HAL_Driver/Src/stm32f3xx_hal_tim.o
                0x0000000008004b24                TIM_Base_SetConfig
 .text.TIM_OC1_SetConfig
                0x0000000008004c44      0x120 ./Drivers/STM32F3xx_HAL_Driver/Src/stm32f3xx_hal_tim.o
 .text.TIM_OC2_SetConfig
                0x0000000008004d64      0x114 ./Drivers/STM32F3xx_HAL_Driver/Src/stm32f3xx_hal_tim.o
                0x0000000008004d64                TIM_OC2_SetConfig
 .text.TIM_OC3_SetConfig
                0x0000000008004e78      0x110 ./Drivers/STM32F3xx_HAL_Driver/Src/stm32f3xx_hal_tim.o
 .text.TIM_OC4_SetConfig
                0x0000000008004f88       0xd4 ./Drivers/STM32F3xx_HAL_Driver/Src/stm32f3xx_hal_tim.o
 .text.TIM_OC5_SetConfig
                0x000000000800505c       0xc8 ./Drivers/STM32F3xx_HAL_Driver/Src/stm32f3xx_hal_tim.o
 .text.TIM_OC6_SetConfig
                0x0000000008005124       0xcc ./Drivers/STM32F3xx_HAL_Driver/Src/stm32f3xx_hal_tim.o
 .text.TIM_TI1_ConfigInputStage
                0x00000000080051f0       0x5e ./Drivers/STM32F3xx_HAL_Driver/Src/stm32f3xx_hal_tim.o
 .text.TIM_TI2_ConfigInputStage
                0x000000000800524e       0x60 ./Drivers/STM32F3xx_HAL_Driver/Src/stm32f3xx_hal_tim.o
 .text.TIM_ITRx_SetConfig
                0x00000000080052ae       0x36 ./Drivers/STM32F3xx_HAL_Driver/Src/stm32f3xx_hal_tim.o
 .text.TIM_ETR_SetConfig
                0x00000000080052e4       0x40 ./Drivers/STM32F3xx_HAL_Driver/Src/stm32f3xx_hal_tim.o
                0x00000000080052e4                TIM_ETR_SetConfig
 .text.TIM_CCxChannelCmd
                0x0000000008005324       0x4a ./Drivers/STM32F3xx_HAL_Driver/Src/stm32f3xx_hal_tim.o
                0x0000000008005324                TIM_CCxChannelCmd
 *fill*         0x000000000800536e        0x2 
 .text.HAL_TIMEx_MasterConfigSynchronization
                0x0000000008005370      0x100 ./Drivers/STM32F3xx_HAL_Driver/Src/stm32f3xx_hal_tim_ex.o
                0x0000000008005370                HAL_TIMEx_MasterConfigSynchronization
 .text.HAL_TIMEx_CommutCallback
                0x0000000008005470       0x14 ./Drivers/STM32F3xx_HAL_Driver/Src/stm32f3xx_hal_tim_ex.o
                0x0000000008005470                HAL_TIMEx_CommutCallback
 .text.HAL_TIMEx_BreakCallback
                0x0000000008005484       0x14 ./Drivers/STM32F3xx_HAL_Driver/Src/stm32f3xx_hal_tim_ex.o
                0x0000000008005484                HAL_TIMEx_BreakCallback
 .text.HAL_TIMEx_Break2Callback
                0x0000000008005498       0x14 ./Drivers/STM32F3xx_HAL_Driver/Src/stm32f3xx_hal_tim_ex.o
                0x0000000008005498                HAL_TIMEx_Break2Callback
 .text.HAL_UART_Init
                0x00000000080054ac       0x9c ./Drivers/STM32F3xx_HAL_Driver/Src/stm32f3xx_hal_uart.o
                0x00000000080054ac                HAL_UART_Init
 .text.HAL_UART_Transmit_IT
                0x0000000008005548       0xbc ./Drivers/STM32F3xx_HAL_Driver/Src/stm32f3xx_hal_uart.o
                0x0000000008005548                HAL_UART_Transmit_IT
 .text.HAL_UART_Receive_IT
                0x0000000008005604       0x88 ./Drivers/STM32F3xx_HAL_Driver/Src/stm32f3xx_hal_uart.o
                0x0000000008005604                HAL_UART_Receive_IT
 .text.HAL_UART_IRQHandler
                0x000000000800568c      0x5cc ./Drivers/STM32F3xx_HAL_Driver/Src/stm32f3xx_hal_uart.o
                0x000000000800568c                HAL_UART_IRQHandler
 .text.HAL_UART_TxCpltCallback
                0x0000000008005c58       0x14 ./Drivers/STM32F3xx_HAL_Driver/Src/stm32f3xx_hal_uart.o
                0x0000000008005c58                HAL_UART_TxCpltCallback
 .text.HAL_UART_ErrorCallback
                0x0000000008005c6c       0x14 ./Drivers/STM32F3xx_HAL_Driver/Src/stm32f3xx_hal_uart.o
                0x0000000008005c6c                HAL_UART_ErrorCallback
 .text.HAL_UARTEx_RxEventCallback
                0x0000000008005c80       0x18 ./Drivers/STM32F3xx_HAL_Driver/Src/stm32f3xx_hal_uart.o
                0x0000000008005c80                HAL_UARTEx_RxEventCallback
 .text.UART_SetConfig
                0x0000000008005c98      0x3a8 ./Drivers/STM32F3xx_HAL_Driver/Src/stm32f3xx_hal_uart.o
                0x0000000008005c98                UART_SetConfig
 .text.UART_AdvFeatureConfig
                0x0000000008006040      0x144 ./Drivers/STM32F3xx_HAL_Driver/Src/stm32f3xx_hal_uart.o
                0x0000000008006040                UART_AdvFeatureConfig
 .text.UART_CheckIdleState
                0x0000000008006184      0x150 ./Drivers/STM32F3xx_HAL_Driver/Src/stm32f3xx_hal_uart.o
                0x0000000008006184                UART_CheckIdleState
 .text.UART_WaitOnFlagUntilTimeout
                0x00000000080062d4       0xce ./Drivers/STM32F3xx_HAL_Driver/Src/stm32f3xx_hal_uart.o
                0x00000000080062d4                UART_WaitOnFlagUntilTimeout
 *fill*         0x00000000080063a2        0x2 
 .text.UART_Start_Receive_IT
                0x00000000080063a4      0x168 ./Drivers/STM32F3xx_HAL_Driver/Src/stm32f3xx_hal_uart.o
                0x00000000080063a4                UART_Start_Receive_IT
 .text.UART_EndRxTransfer
                0x000000000800650c       0xc8 ./Drivers/STM32F3xx_HAL_Driver/Src/stm32f3xx_hal_uart.o
 .text.UART_DMAAbortOnError
                0x00000000080065d4       0x2c ./Drivers/STM32F3xx_HAL_Driver/Src/stm32f3xx_hal_uart.o
 .text.UART_TxISR_8BIT
                0x0000000008006600       0xb8 ./Drivers/STM32F3xx_HAL_Driver/Src/stm32f3xx_hal_uart.o
 .text.UART_TxISR_16BIT
                0x00000000080066b8       0xc0 ./Drivers/STM32F3xx_HAL_Driver/Src/stm32f3xx_hal_uart.o
 .text.UART_EndTransmit_IT
                0x0000000008006778       0x54 ./Drivers/STM32F3xx_HAL_Driver/Src/stm32f3xx_hal_uart.o
 .text.UART_RxISR_8BIT
                0x00000000080067cc      0x1a8 ./Drivers/STM32F3xx_HAL_Driver/Src/stm32f3xx_hal_uart.o
 .text.UART_RxISR_16BIT
                0x0000000008006974      0x1a8 ./Drivers/STM32F3xx_HAL_Driver/Src/stm32f3xx_hal_uart.o
 .text.HAL_UARTEx_WakeupCallback
                0x0000000008006b1c       0x14 ./Drivers/STM32F3xx_HAL_Driver/Src/stm32f3xx_hal_uart_ex.o
                0x0000000008006b1c                HAL_UARTEx_WakeupCallback
 .text.USB_DisableGlobalInt
                0x0000000008006b30       0x36 ./Drivers/STM32F3xx_HAL_Driver/Src/stm32f3xx_ll_usb.o
                0x0000000008006b30                USB_DisableGlobalInt
 .text.USB_DevInit
                0x0000000008006b66       0x42 ./Drivers/STM32F3xx_HAL_Driver/Src/stm32f3xx_ll_usb.o
                0x0000000008006b66                USB_DevInit
 .text.__errno  0x0000000008006ba8        0xc a:/stm32cubeide_1.11.2/stm32cubeide/plugins/com.st.stm32cube.ide.mcu.externaltools.gnu-tools-for-stm32.10.3-2021.10.win32_1.0.100.202210260954/tools/bin/../lib/gcc/arm-none-eabi/10.3.1/../../../../arm-none-eabi/lib/thumb/v7e-m+fp/hard\libc_nano.a(lib_a-errno.o)
                0x0000000008006ba8                __errno
 .text.__libc_init_array
                0x0000000008006bb4       0x48 a:/stm32cubeide_1.11.2/stm32cubeide/plugins/com.st.stm32cube.ide.mcu.externaltools.gnu-tools-for-stm32.10.3-2021.10.win32_1.0.100.202210260954/tools/bin/../lib/gcc/arm-none-eabi/10.3.1/../../../../arm-none-eabi/lib/thumb/v7e-m+fp/hard\libc_nano.a(lib_a-init.o)
                0x0000000008006bb4                __libc_init_array
 .text.malloc   0x0000000008006bfc       0x10 a:/stm32cubeide_1.11.2/stm32cubeide/plugins/com.st.stm32cube.ide.mcu.externaltools.gnu-tools-for-stm32.10.3-2021.10.win32_1.0.100.202210260954/tools/bin/../lib/gcc/arm-none-eabi/10.3.1/../../../../arm-none-eabi/lib/thumb/v7e-m+fp/hard\libc_nano.a(lib_a-malloc.o)
                0x0000000008006bfc                malloc
 .text.memcpy   0x0000000008006c0c       0x1c a:/stm32cubeide_1.11.2/stm32cubeide/plugins/com.st.stm32cube.ide.mcu.externaltools.gnu-tools-for-stm32.10.3-2021.10.win32_1.0.100.202210260954/tools/bin/../lib/gcc/arm-none-eabi/10.3.1/../../../../arm-none-eabi/lib/thumb/v7e-m+fp/hard\libc_nano.a(lib_a-memcpy-stub.o)
                0x0000000008006c0c                memcpy
 .text.memset   0x0000000008006c28       0x10 a:/stm32cubeide_1.11.2/stm32cubeide/plugins/com.st.stm32cube.ide.mcu.externaltools.gnu-tools-for-stm32.10.3-2021.10.win32_1.0.100.202210260954/tools/bin/../lib/gcc/arm-none-eabi/10.3.1/../../../../arm-none-eabi/lib/thumb/v7e-m+fp/hard\libc_nano.a(lib_a-memset.o)
                0x0000000008006c28                memset
 .text.sbrk_aligned
                0x0000000008006c38       0x40 a:/stm32cubeide_1.11.2/stm32cubeide/plugins/com.st.stm32cube.ide.mcu.externaltools.gnu-tools-for-stm32.10.3-2021.10.win32_1.0.100.202210260954/tools/bin/../lib/gcc/arm-none-eabi/10.3.1/../../../../arm-none-eabi/lib/thumb/v7e-m+fp/hard\libc_nano.a(lib_a-nano-mallocr.o)
 .text._malloc_r
                0x0000000008006c78       0xe8 a:/stm32cubeide_1.11.2/stm32cubeide/plugins/com.st.stm32cube.ide.mcu.externaltools.gnu-tools-for-stm32.10.3-2021.10.win32_1.0.100.202210260954/tools/bin/../lib/gcc/arm-none-eabi/10.3.1/../../../../arm-none-eabi/lib/thumb/v7e-m+fp/hard\libc_nano.a(lib_a-nano-mallocr.o)
                0x0000000008006c78                _malloc_r
 .text._sbrk_r  0x0000000008006d60       0x20 a:/stm32cubeide_1.11.2/stm32cubeide/plugins/com.st.stm32cube.ide.mcu.externaltools.gnu-tools-for-stm32.10.3-2021.10.win32_1.0.100.202210260954/tools/bin/../lib/gcc/arm-none-eabi/10.3.1/../../../../arm-none-eabi/lib/thumb/v7e-m+fp/hard\libc_nano.a(lib_a-sbrkr.o)
                0x0000000008006d60                _sbrk_r
 .text.strdup   0x0000000008006d80       0x10 a:/stm32cubeide_1.11.2/stm32cubeide/plugins/com.st.stm32cube.ide.mcu.externaltools.gnu-tools-for-stm32.10.3-2021.10.win32_1.0.100.202210260954/tools/bin/../lib/gcc/arm-none-eabi/10.3.1/../../../../arm-none-eabi/lib/thumb/v7e-m+fp/hard\libc_nano.a(lib_a-strdup.o)
                0x0000000008006d80                strdup
 .text._strdup_r
                0x0000000008006d90       0x2a a:/stm32cubeide_1.11.2/stm32cubeide/plugins/com.st.stm32cube.ide.mcu.externaltools.gnu-tools-for-stm32.10.3-2021.10.win32_1.0.100.202210260954/tools/bin/../lib/gcc/arm-none-eabi/10.3.1/../../../../arm-none-eabi/lib/thumb/v7e-m+fp/hard\libc_nano.a(lib_a-strdup_r.o)
                0x0000000008006d90                _strdup_r
 *fill*         0x0000000008006dba        0x2 
 .text.__malloc_lock
                0x0000000008006dbc        0xc a:/stm32cubeide_1.11.2/stm32cubeide/plugins/com.st.stm32cube.ide.mcu.externaltools.gnu-tools-for-stm32.10.3-2021.10.win32_1.0.100.202210260954/tools/bin/../lib/gcc/arm-none-eabi/10.3.1/../../../../arm-none-eabi/lib/thumb/v7e-m+fp/hard\libc_nano.a(lib_a-mlock.o)
                0x0000000008006dbc                __malloc_lock
 .text.__malloc_unlock
                0x0000000008006dc8        0xc a:/stm32cubeide_1.11.2/stm32cubeide/plugins/com.st.stm32cube.ide.mcu.externaltools.gnu-tools-for-stm32.10.3-2021.10.win32_1.0.100.202210260954/tools/bin/../lib/gcc/arm-none-eabi/10.3.1/../../../../arm-none-eabi/lib/thumb/v7e-m+fp/hard\libc_nano.a(lib_a-mlock.o)
                0x0000000008006dc8                __malloc_unlock
 .text.__retarget_lock_acquire_recursive
                0x0000000008006dd4        0x2 a:/stm32cubeide_1.11.2/stm32cubeide/plugins/com.st.stm32cube.ide.mcu.externaltools.gnu-tools-for-stm32.10.3-2021.10.win32_1.0.100.202210260954/tools/bin/../lib/gcc/arm-none-eabi/10.3.1/../../../../arm-none-eabi/lib/thumb/v7e-m+fp/hard\libc_nano.a(lib_a-lock.o)
                0x0000000008006dd4                __retarget_lock_acquire_recursive
 .text.__retarget_lock_release_recursive
                0x0000000008006dd6        0x2 a:/stm32cubeide_1.11.2/stm32cubeide/plugins/com.st.stm32cube.ide.mcu.externaltools.gnu-tools-for-stm32.10.3-2021.10.win32_1.0.100.202210260954/tools/bin/../lib/gcc/arm-none-eabi/10.3.1/../../../../arm-none-eabi/lib/thumb/v7e-m+fp/hard\libc_nano.a(lib_a-lock.o)
                0x0000000008006dd6                __retarget_lock_release_recursive
 *(.glue_7)
 .glue_7        0x0000000008006dd8        0x0 linker stubs
 *(.glue_7t)
 .glue_7t       0x0000000008006dd8        0x0 linker stubs
 *(.eh_frame)
 .eh_frame      0x0000000008006dd8        0x0 a:/stm32cubeide_1.11.2/stm32cubeide/plugins/com.st.stm32cube.ide.mcu.externaltools.gnu-tools-for-stm32.10.3-2021.10.win32_1.0.100.202210260954/tools/bin/../lib/gcc/arm-none-eabi/10.3.1/thumb/v7e-m+fp/hard/crtbegin.o
 *(.init)
 .init          0x0000000008006dd8        0x4 a:/stm32cubeide_1.11.2/stm32cubeide/plugins/com.st.stm32cube.ide.mcu.externaltools.gnu-tools-for-stm32.10.3-2021.10.win32_1.0.100.202210260954/tools/bin/../lib/gcc/arm-none-eabi/10.3.1/thumb/v7e-m+fp/hard/crti.o
                0x0000000008006dd8                _init
 .init          0x0000000008006ddc        0x8 a:/stm32cubeide_1.11.2/stm32cubeide/plugins/com.st.stm32cube.ide.mcu.externaltools.gnu-tools-for-stm32.10.3-2021.10.win32_1.0.100.202210260954/tools/bin/../lib/gcc/arm-none-eabi/10.3.1/thumb/v7e-m+fp/hard/crtn.o
 *(.fini)
 .fini          0x0000000008006de4        0x4 a:/stm32cubeide_1.11.2/stm32cubeide/plugins/com.st.stm32cube.ide.mcu.externaltools.gnu-tools-for-stm32.10.3-2021.10.win32_1.0.100.202210260954/tools/bin/../lib/gcc/arm-none-eabi/10.3.1/thumb/v7e-m+fp/hard/crti.o
                0x0000000008006de4                _fini
 .fini          0x0000000008006de8        0x8 a:/stm32cubeide_1.11.2/stm32cubeide/plugins/com.st.stm32cube.ide.mcu.externaltools.gnu-tools-for-stm32.10.3-2021.10.win32_1.0.100.202210260954/tools/bin/../lib/gcc/arm-none-eabi/10.3.1/thumb/v7e-m+fp/hard/crtn.o
                0x0000000008006df0                . = ALIGN (0x4)
                0x0000000008006df0                _etext = .

.vfp11_veneer   0x0000000008006df0        0x0
 .vfp11_veneer  0x0000000008006df0        0x0 linker stubs

.v4_bx          0x0000000008006df0        0x0
 .v4_bx         0x0000000008006df0        0x0 linker stubs

.iplt           0x0000000008006df0        0x0
 .iplt          0x0000000008006df0        0x0 a:/stm32cubeide_1.11.2/stm32cubeide/plugins/com.st.stm32cube.ide.mcu.externaltools.gnu-tools-for-stm32.10.3-2021.10.win32_1.0.100.202210260954/tools/bin/../lib/gcc/arm-none-eabi/10.3.1/thumb/v7e-m+fp/hard/crtbegin.o

.rodata         0x0000000008006df0     0x2548
                0x0000000008006df0                . = ALIGN (0x4)
 *(.rodata)
 .rodata        0x0000000008006df0     0x250d ./Core/Src/main.o
 *(.rodata*)
 *fill*         0x00000000080092fd        0x3 
 .rodata.AHBPrescTable
                0x0000000008009300       0x10 ./Core/Src/system_stm32f3xx.o
                0x0000000008009300                AHBPrescTable
 .rodata.APBPrescTable
                0x0000000008009310        0x8 ./Core/Src/system_stm32f3xx.o
                0x0000000008009310                APBPrescTable
 .rodata.aPLLMULFactorTable
                0x0000000008009318       0x10 ./Drivers/STM32F3xx_HAL_Driver/Src/stm32f3xx_hal_rcc.o
 .rodata.aPredivFactorTable
                0x0000000008009328       0x10 ./Drivers/STM32F3xx_HAL_Driver/Src/stm32f3xx_hal_rcc.o
                0x0000000008009338                . = ALIGN (0x4)

.rel.dyn        0x0000000008009338        0x0
 .rel.iplt      0x0000000008009338        0x0 a:/stm32cubeide_1.11.2/stm32cubeide/plugins/com.st.stm32cube.ide.mcu.externaltools.gnu-tools-for-stm32.10.3-2021.10.win32_1.0.100.202210260954/tools/bin/../lib/gcc/arm-none-eabi/10.3.1/thumb/v7e-m+fp/hard/crtbegin.o

.ARM.extab      0x0000000008009338        0x0
                0x0000000008009338                . = ALIGN (0x4)
 *(.ARM.extab* .gnu.linkonce.armextab.*)
                0x0000000008009338                . = ALIGN (0x4)

.ARM            0x0000000008009338        0x0
                0x0000000008009338                . = ALIGN (0x4)
                0x0000000008009338                __exidx_start = .
 *(.ARM.exidx*)
                0x0000000008009338                __exidx_end = .
                0x0000000008009338                . = ALIGN (0x4)

.preinit_array  0x0000000008009338        0x0
                0x0000000008009338                . = ALIGN (0x4)
                0x0000000008009338                PROVIDE (__preinit_array_start = .)
 *(.preinit_array*)
                0x0000000008009338                PROVIDE (__preinit_array_end = .)
                0x0000000008009338                . = ALIGN (0x4)

.init_array     0x0000000008009338        0x4
                0x0000000008009338                . = ALIGN (0x4)
                0x0000000008009338                PROVIDE (__init_array_start = .)
 *(SORT_BY_NAME(.init_array.*))
 *(.init_array*)
 .init_array    0x0000000008009338        0x4 a:/stm32cubeide_1.11.2/stm32cubeide/plugins/com.st.stm32cube.ide.mcu.externaltools.gnu-tools-for-stm32.10.3-2021.10.win32_1.0.100.202210260954/tools/bin/../lib/gcc/arm-none-eabi/10.3.1/thumb/v7e-m+fp/hard/crtbegin.o
                0x000000000800933c                PROVIDE (__init_array_end = .)
                0x000000000800933c                . = ALIGN (0x4)

.fini_array     0x000000000800933c        0x4
                0x000000000800933c                . = ALIGN (0x4)
                [!provide]                        PROVIDE (__fini_array_start = .)
 *(SORT_BY_NAME(.fini_array.*))
 *(.fini_array*)
 .fini_array    0x000000000800933c        0x4 a:/stm32cubeide_1.11.2/stm32cubeide/plugins/com.st.stm32cube.ide.mcu.externaltools.gnu-tools-for-stm32.10.3-2021.10.win32_1.0.100.202210260954/tools/bin/../lib/gcc/arm-none-eabi/10.3.1/thumb/v7e-m+fp/hard/crtbegin.o
                [!provide]                        PROVIDE (__fini_array_end = .)
                0x0000000008009340                . = ALIGN (0x4)
                0x0000000008009340                _sidata = LOADADDR (.data)

.data           0x0000000020000000      0x100 load address 0x0000000008009340
                0x0000000020000000                . = ALIGN (0x4)
                0x0000000020000000                _sdata = .
 *(.data)
 *(.data*)
 .data.password
                0x0000000020000000       0x10 ./Core/Src/main.o
                0x0000000020000000                password
 .data.logCorrect
                0x0000000020000010       0x13 ./Core/Src/main.o
                0x0000000020000010                logCorrect
 *fill*         0x0000000020000023        0x1 
 .data.logFailed
                0x0000000020000024       0x12 ./Core/Src/main.o
                0x0000000020000024                logFailed
 *fill*         0x0000000020000036        0x2 
 .data.logStatus
                0x0000000020000038        0x4 ./Core/Src/main.o
                0x0000000020000038                logStatus
 .data.alertStatus
                0x000000002000003c        0x4 ./Core/Src/main.o
                0x000000002000003c                alertStatus
 .data.isCorrect
                0x0000000020000040        0x4 ./Core/Src/main.o
                0x0000000020000040                isCorrect
 .data.blink    0x0000000020000044        0x4 ./Core/Src/main.o
                0x0000000020000044                blink
 .data.buzzer_flag
                0x0000000020000048        0x1 ./Core/Src/main.o
                0x0000000020000048                buzzer_flag
 *fill*         0x0000000020000049        0x3 
 .data.setPass  0x000000002000004c        0x9 ./Core/Src/main.o
                0x000000002000004c                setPass
 *fill*         0x0000000020000055        0x3 
 .data.logON    0x0000000020000058        0x6 ./Core/Src/main.o
                0x0000000020000058                logON
 *fill*         0x000000002000005e        0x2 
 .data.logOFF   0x0000000020000060        0x7 ./Core/Src/main.o
                0x0000000020000060                logOFF
 *fill*         0x0000000020000067        0x1 
 .data.alertON  0x0000000020000068        0x8 ./Core/Src/main.o
                0x0000000020000068                alertON
 .data.alertOFF
                0x0000000020000070        0x9 ./Core/Src/main.o
                0x0000000020000070                alertOFF
 *fill*         0x0000000020000079        0x3 
 .data.setVolume
                0x000000002000007c        0xb ./Core/Src/main.o
                0x000000002000007c                setVolume
 *fill*         0x0000000020000087        0x1 
 .data.pwm_timer
                0x0000000020000088        0x4 ./Core/Src/stm32f3xx_it.o
                0x0000000020000088                pwm_timer
 .data.volume   0x000000002000008c        0x2 ./Core/Src/stm32f3xx_it.o
                0x000000002000008c                volume
 *fill*         0x000000002000008e        0x2 
 .data.SystemCoreClock
                0x0000000020000090        0x4 ./Core/Src/system_stm32f3xx.o
                0x0000000020000090                SystemCoreClock
 .data.uwTickPrio
                0x0000000020000094        0x4 ./Drivers/STM32F3xx_HAL_Driver/Src/stm32f3xx_hal.o
                0x0000000020000094                uwTickPrio
 .data.uwTickFreq
                0x0000000020000098        0x1 ./Drivers/STM32F3xx_HAL_Driver/Src/stm32f3xx_hal.o
                0x0000000020000098                uwTickFreq
 *fill*         0x0000000020000099        0x3 
 .data._impure_ptr
                0x000000002000009c        0x4 a:/stm32cubeide_1.11.2/stm32cubeide/plugins/com.st.stm32cube.ide.mcu.externaltools.gnu-tools-for-stm32.10.3-2021.10.win32_1.0.100.202210260954/tools/bin/../lib/gcc/arm-none-eabi/10.3.1/../../../../arm-none-eabi/lib/thumb/v7e-m+fp/hard\libc_nano.a(lib_a-impure.o)
                0x000000002000009c                _impure_ptr
 .data.impure_data
                0x00000000200000a0       0x60 a:/stm32cubeide_1.11.2/stm32cubeide/plugins/com.st.stm32cube.ide.mcu.externaltools.gnu-tools-for-stm32.10.3-2021.10.win32_1.0.100.202210260954/tools/bin/../lib/gcc/arm-none-eabi/10.3.1/../../../../arm-none-eabi/lib/thumb/v7e-m+fp/hard\libc_nano.a(lib_a-impure.o)
 *(.RamFunc)
 *(.RamFunc*)
                0x0000000020000100                . = ALIGN (0x4)
                0x0000000020000100                _edata = .
                0x0000000008009440                _siccmram = LOADADDR (.ccmram)

.igot.plt       0x0000000020000100        0x0 load address 0x0000000008009440
 .igot.plt      0x0000000020000100        0x0 a:/stm32cubeide_1.11.2/stm32cubeide/plugins/com.st.stm32cube.ide.mcu.externaltools.gnu-tools-for-stm32.10.3-2021.10.win32_1.0.100.202210260954/tools/bin/../lib/gcc/arm-none-eabi/10.3.1/thumb/v7e-m+fp/hard/crtbegin.o

.ccmram         0x0000000010000000        0x0 load address 0x0000000008009440
                0x0000000010000000                . = ALIGN (0x4)
                0x0000000010000000                _sccmram = .
 *(.ccmram)
 *(.ccmram*)
                0x0000000010000000                . = ALIGN (0x4)
                0x0000000010000000                _eccmram = .
                0x0000000010000000                . = ALIGN (0x4)

.bss            0x0000000020000100      0x60c
                0x0000000020000100                _sbss = .
                0x0000000020000100                __bss_start__ = _sbss
 *(.bss)
 .bss           0x0000000020000100       0x1c a:/stm32cubeide_1.11.2/stm32cubeide/plugins/com.st.stm32cube.ide.mcu.externaltools.gnu-tools-for-stm32.10.3-2021.10.win32_1.0.100.202210260954/tools/bin/../lib/gcc/arm-none-eabi/10.3.1/thumb/v7e-m+fp/hard/crtbegin.o
 *(.bss*)
 .bss.hi2c1     0x000000002000011c       0x54 ./Core/Src/main.o
                0x000000002000011c                hi2c1
 .bss.hspi1     0x0000000020000170       0x64 ./Core/Src/main.o
                0x0000000020000170                hspi1
 .bss.htim1     0x00000000200001d4       0x4c ./Core/Src/main.o
                0x00000000200001d4                htim1
 .bss.htim2     0x0000000020000220       0x4c ./Core/Src/main.o
                0x0000000020000220                htim2
 .bss.huart1    0x000000002000026c       0x88 ./Core/Src/main.o
                0x000000002000026c                huart1
 .bss.hpcd_USB_FS
                0x00000000200002f4      0x2ec ./Core/Src/main.o
                0x00000000200002f4                hpcd_USB_FS
 .bss.playlist  0x00000000200005e0        0x4 ./Core/Src/main.o
                0x00000000200005e0                playlist
 .bss.melody    0x00000000200005e4        0x4 ./Core/Src/main.o
                0x00000000200005e4                melody
 .bss.led       0x00000000200005e8        0x8 ./Core/Src/main.o
                0x00000000200005e8                led
 .bss.carrier   0x00000000200005f0       0x10 ./Core/Src/main.o
                0x00000000200005f0                carrier
 .bss.wrongPassCounter
                0x0000000020000600        0x4 ./Core/Src/main.o
                0x0000000020000600                wrongPassCounter
 .bss.previousMillis
                0x0000000020000604        0x4 ./Core/Src/main.o
                0x0000000020000604                previousMillis
 .bss.currentMillis
                0x0000000020000608        0x4 ./Core/Src/main.o
                0x0000000020000608                currentMillis
 .bss.prevTime  0x000000002000060c        0x4 ./Core/Src/main.o
                0x000000002000060c                prevTime
 .bss.coolDownTimer
                0x0000000020000610        0x4 ./Core/Src/main.o
                0x0000000020000610                coolDownTimer
 .bss.nextTurn  0x0000000020000614        0x4 ./Core/Src/main.o
                0x0000000020000614                nextTurn
 .bss.index     0x0000000020000618        0x4 ./Core/Src/main.o
                0x0000000020000618                index
 .bss.prevEnterTime
                0x000000002000061c        0x4 ./Core/Src/main.o
                0x000000002000061c                prevEnterTime
 .bss.buzzerEnterTime
                0x0000000020000620        0x4 ./Core/Src/main.o
                0x0000000020000620                buzzerEnterTime
 .bss.LED       0x0000000020000624        0x4 ./Core/Src/main.o
                0x0000000020000624                LED
 .bss.digits    0x0000000020000628       0x50 ./Core/Src/main.o
                0x0000000020000628                digits
 .bss.data      0x0000000020000678       0x64 ./Core/Src/main.o
                0x0000000020000678                data
 .bss.d         0x00000000200006dc        0x1 ./Core/Src/main.o
                0x00000000200006dc                d
 .bss.i         0x00000000200006dd        0x1 ./Core/Src/main.o
                0x00000000200006dd                i
 *fill*         0x00000000200006de        0x2 
 .bss.pwm_channel
                0x00000000200006e0        0x4 ./Core/Src/stm32f3xx_it.o
                0x00000000200006e0                pwm_channel
 .bss.melody_ptr
                0x00000000200006e4        0x4 ./Core/Src/stm32f3xx_it.o
                0x00000000200006e4                melody_ptr
 .bss.melody_tone_count
                0x00000000200006e8        0x2 ./Core/Src/stm32f3xx_it.o
                0x00000000200006e8                melody_tone_count
 .bss.current_tone_number
                0x00000000200006ea        0x2 ./Core/Src/stm32f3xx_it.o
                0x00000000200006ea                current_tone_number
 .bss.current_tone_end
                0x00000000200006ec        0x4 ./Core/Src/stm32f3xx_it.o
                0x00000000200006ec                current_tone_end
 .bss.last_button_press
                0x00000000200006f0        0x4 ./Core/Src/stm32f3xx_it.o
                0x00000000200006f0                last_button_press
 .bss.__sbrk_heap_end
                0x00000000200006f4        0x4 ./Core/Src/sysmem.o
 .bss.uwTick    0x00000000200006f8        0x4 ./Drivers/STM32F3xx_HAL_Driver/Src/stm32f3xx_hal.o
                0x00000000200006f8                uwTick
 .bss.__malloc_free_list
                0x00000000200006fc        0x4 a:/stm32cubeide_1.11.2/stm32cubeide/plugins/com.st.stm32cube.ide.mcu.externaltools.gnu-tools-for-stm32.10.3-2021.10.win32_1.0.100.202210260954/tools/bin/../lib/gcc/arm-none-eabi/10.3.1/../../../../arm-none-eabi/lib/thumb/v7e-m+fp/hard\libc_nano.a(lib_a-nano-mallocr.o)
                0x00000000200006fc                __malloc_free_list
 .bss.__malloc_sbrk_start
                0x0000000020000700        0x4 a:/stm32cubeide_1.11.2/stm32cubeide/plugins/com.st.stm32cube.ide.mcu.externaltools.gnu-tools-for-stm32.10.3-2021.10.win32_1.0.100.202210260954/tools/bin/../lib/gcc/arm-none-eabi/10.3.1/../../../../arm-none-eabi/lib/thumb/v7e-m+fp/hard\libc_nano.a(lib_a-nano-mallocr.o)
                0x0000000020000700                __malloc_sbrk_start
 .bss.errno     0x0000000020000704        0x4 a:/stm32cubeide_1.11.2/stm32cubeide/plugins/com.st.stm32cube.ide.mcu.externaltools.gnu-tools-for-stm32.10.3-2021.10.win32_1.0.100.202210260954/tools/bin/../lib/gcc/arm-none-eabi/10.3.1/../../../../arm-none-eabi/lib/thumb/v7e-m+fp/hard\libc_nano.a(lib_a-reent.o)
                0x0000000020000704                errno
 .bss.__lock___malloc_recursive_mutex
                0x0000000020000708        0x1 a:/stm32cubeide_1.11.2/stm32cubeide/plugins/com.st.stm32cube.ide.mcu.externaltools.gnu-tools-for-stm32.10.3-2021.10.win32_1.0.100.202210260954/tools/bin/../lib/gcc/arm-none-eabi/10.3.1/../../../../arm-none-eabi/lib/thumb/v7e-m+fp/hard\libc_nano.a(lib_a-lock.o)
                0x0000000020000708                __lock___malloc_recursive_mutex
 *(COMMON)
                0x000000002000070c                . = ALIGN (0x4)
 *fill*         0x0000000020000709        0x3 
                0x000000002000070c                _ebss = .
                0x000000002000070c                __bss_end__ = _ebss

._user_heap_stack
                0x000000002000070c      0x604
                0x0000000020000710                . = ALIGN (0x8)
 *fill*         0x000000002000070c        0x4 
                [!provide]                        PROVIDE (end = .)
                0x0000000020000710                PROVIDE (_end = .)
                0x0000000020000910                . = (. + _Min_Heap_Size)
 *fill*         0x0000000020000710      0x200 
                0x0000000020000d10                . = (. + _Min_Stack_Size)
 *fill*         0x0000000020000910      0x400 
                0x0000000020000d10                . = ALIGN (0x8)

/DISCARD/
 libc.a(*)
 libm.a(*)
 libgcc.a(*)

.ARM.attributes
                0x0000000000000000       0x30
 *(.ARM.attributes)
 .ARM.attributes
                0x0000000000000000       0x1e a:/stm32cubeide_1.11.2/stm32cubeide/plugins/com.st.stm32cube.ide.mcu.externaltools.gnu-tools-for-stm32.10.3-2021.10.win32_1.0.100.202210260954/tools/bin/../lib/gcc/arm-none-eabi/10.3.1/thumb/v7e-m+fp/hard/crti.o
 .ARM.attributes
                0x000000000000001e       0x34 a:/stm32cubeide_1.11.2/stm32cubeide/plugins/com.st.stm32cube.ide.mcu.externaltools.gnu-tools-for-stm32.10.3-2021.10.win32_1.0.100.202210260954/tools/bin/../lib/gcc/arm-none-eabi/10.3.1/thumb/v7e-m+fp/hard/crtbegin.o
 .ARM.attributes
                0x0000000000000052       0x34 ./Core/Src/dictionary.o
 .ARM.attributes
                0x0000000000000086       0x34 ./Core/Src/main.o
 .ARM.attributes
                0x00000000000000ba       0x34 ./Core/Src/stm32f3xx_hal_msp.o
 .ARM.attributes
                0x00000000000000ee       0x34 ./Core/Src/stm32f3xx_it.o
 .ARM.attributes
                0x0000000000000122       0x34 ./Core/Src/sysmem.o
 .ARM.attributes
                0x0000000000000156       0x34 ./Core/Src/system_stm32f3xx.o
 .ARM.attributes
                0x000000000000018a       0x21 ./Core/Startup/startup_stm32f303vctx.o
 .ARM.attributes
                0x00000000000001ab       0x34 ./Drivers/STM32F3xx_HAL_Driver/Src/stm32f3xx_hal.o
 .ARM.attributes
                0x00000000000001df       0x34 ./Drivers/STM32F3xx_HAL_Driver/Src/stm32f3xx_hal_cortex.o
 .ARM.attributes
                0x0000000000000213       0x34 ./Drivers/STM32F3xx_HAL_Driver/Src/stm32f3xx_hal_dma.o
 .ARM.attributes
                0x0000000000000247       0x34 ./Drivers/STM32F3xx_HAL_Driver/Src/stm32f3xx_hal_gpio.o
 .ARM.attributes
                0x000000000000027b       0x34 ./Drivers/STM32F3xx_HAL_Driver/Src/stm32f3xx_hal_i2c.o
 .ARM.attributes
                0x00000000000002af       0x34 ./Drivers/STM32F3xx_HAL_Driver/Src/stm32f3xx_hal_i2c_ex.o
 .ARM.attributes
                0x00000000000002e3       0x34 ./Drivers/STM32F3xx_HAL_Driver/Src/stm32f3xx_hal_pcd.o
 .ARM.attributes
                0x0000000000000317       0x34 ./Drivers/STM32F3xx_HAL_Driver/Src/stm32f3xx_hal_rcc.o
 .ARM.attributes
                0x000000000000034b       0x34 ./Drivers/STM32F3xx_HAL_Driver/Src/stm32f3xx_hal_rcc_ex.o
 .ARM.attributes
                0x000000000000037f       0x34 ./Drivers/STM32F3xx_HAL_Driver/Src/stm32f3xx_hal_spi.o
 .ARM.attributes
                0x00000000000003b3       0x34 ./Drivers/STM32F3xx_HAL_Driver/Src/stm32f3xx_hal_tim.o
 .ARM.attributes
                0x00000000000003e7       0x34 ./Drivers/STM32F3xx_HAL_Driver/Src/stm32f3xx_hal_tim_ex.o
 .ARM.attributes
                0x000000000000041b       0x34 ./Drivers/STM32F3xx_HAL_Driver/Src/stm32f3xx_hal_uart.o
 .ARM.attributes
                0x000000000000044f       0x34 ./Drivers/STM32F3xx_HAL_Driver/Src/stm32f3xx_hal_uart_ex.o
 .ARM.attributes
                0x0000000000000483       0x34 ./Drivers/STM32F3xx_HAL_Driver/Src/stm32f3xx_ll_usb.o
 .ARM.attributes
                0x00000000000004b7       0x34 a:/stm32cubeide_1.11.2/stm32cubeide/plugins/com.st.stm32cube.ide.mcu.externaltools.gnu-tools-for-stm32.10.3-2021.10.win32_1.0.100.202210260954/tools/bin/../lib/gcc/arm-none-eabi/10.3.1/../../../../arm-none-eabi/lib/thumb/v7e-m+fp/hard\libc_nano.a(lib_a-errno.o)
 .ARM.attributes
                0x00000000000004eb       0x34 a:/stm32cubeide_1.11.2/stm32cubeide/plugins/com.st.stm32cube.ide.mcu.externaltools.gnu-tools-for-stm32.10.3-2021.10.win32_1.0.100.202210260954/tools/bin/../lib/gcc/arm-none-eabi/10.3.1/../../../../arm-none-eabi/lib/thumb/v7e-m+fp/hard\libc_nano.a(lib_a-impure.o)
 .ARM.attributes
                0x000000000000051f       0x34 a:/stm32cubeide_1.11.2/stm32cubeide/plugins/com.st.stm32cube.ide.mcu.externaltools.gnu-tools-for-stm32.10.3-2021.10.win32_1.0.100.202210260954/tools/bin/../lib/gcc/arm-none-eabi/10.3.1/../../../../arm-none-eabi/lib/thumb/v7e-m+fp/hard\libc_nano.a(lib_a-init.o)
 .ARM.attributes
                0x0000000000000553       0x34 a:/stm32cubeide_1.11.2/stm32cubeide/plugins/com.st.stm32cube.ide.mcu.externaltools.gnu-tools-for-stm32.10.3-2021.10.win32_1.0.100.202210260954/tools/bin/../lib/gcc/arm-none-eabi/10.3.1/../../../../arm-none-eabi/lib/thumb/v7e-m+fp/hard\libc_nano.a(lib_a-malloc.o)
 .ARM.attributes
                0x0000000000000587       0x34 a:/stm32cubeide_1.11.2/stm32cubeide/plugins/com.st.stm32cube.ide.mcu.externaltools.gnu-tools-for-stm32.10.3-2021.10.win32_1.0.100.202210260954/tools/bin/../lib/gcc/arm-none-eabi/10.3.1/../../../../arm-none-eabi/lib/thumb/v7e-m+fp/hard\libc_nano.a(lib_a-memcpy-stub.o)
 .ARM.attributes
                0x00000000000005bb       0x34 a:/stm32cubeide_1.11.2/stm32cubeide/plugins/com.st.stm32cube.ide.mcu.externaltools.gnu-tools-for-stm32.10.3-2021.10.win32_1.0.100.202210260954/tools/bin/../lib/gcc/arm-none-eabi/10.3.1/../../../../arm-none-eabi/lib/thumb/v7e-m+fp/hard\libc_nano.a(lib_a-memset.o)
 .ARM.attributes
                0x00000000000005ef       0x34 a:/stm32cubeide_1.11.2/stm32cubeide/plugins/com.st.stm32cube.ide.mcu.externaltools.gnu-tools-for-stm32.10.3-2021.10.win32_1.0.100.202210260954/tools/bin/../lib/gcc/arm-none-eabi/10.3.1/../../../../arm-none-eabi/lib/thumb/v7e-m+fp/hard\libc_nano.a(lib_a-nano-mallocr.o)
 .ARM.attributes
                0x0000000000000623       0x34 a:/stm32cubeide_1.11.2/stm32cubeide/plugins/com.st.stm32cube.ide.mcu.externaltools.gnu-tools-for-stm32.10.3-2021.10.win32_1.0.100.202210260954/tools/bin/../lib/gcc/arm-none-eabi/10.3.1/../../../../arm-none-eabi/lib/thumb/v7e-m+fp/hard\libc_nano.a(lib_a-sbrkr.o)
 .ARM.attributes
                0x0000000000000657       0x1c a:/stm32cubeide_1.11.2/stm32cubeide/plugins/com.st.stm32cube.ide.mcu.externaltools.gnu-tools-for-stm32.10.3-2021.10.win32_1.0.100.202210260954/tools/bin/../lib/gcc/arm-none-eabi/10.3.1/../../../../arm-none-eabi/lib/thumb/v7e-m+fp/hard\libc_nano.a(lib_a-strcmp.o)
 .ARM.attributes
                0x0000000000000673       0x34 a:/stm32cubeide_1.11.2/stm32cubeide/plugins/com.st.stm32cube.ide.mcu.externaltools.gnu-tools-for-stm32.10.3-2021.10.win32_1.0.100.202210260954/tools/bin/../lib/gcc/arm-none-eabi/10.3.1/../../../../arm-none-eabi/lib/thumb/v7e-m+fp/hard\libc_nano.a(lib_a-strdup.o)
 .ARM.attributes
                0x00000000000006a7       0x34 a:/stm32cubeide_1.11.2/stm32cubeide/plugins/com.st.stm32cube.ide.mcu.externaltools.gnu-tools-for-stm32.10.3-2021.10.win32_1.0.100.202210260954/tools/bin/../lib/gcc/arm-none-eabi/10.3.1/../../../../arm-none-eabi/lib/thumb/v7e-m+fp/hard\libc_nano.a(lib_a-strdup_r.o)
 .ARM.attributes
                0x00000000000006db       0x17 a:/stm32cubeide_1.11.2/stm32cubeide/plugins/com.st.stm32cube.ide.mcu.externaltools.gnu-tools-for-stm32.10.3-2021.10.win32_1.0.100.202210260954/tools/bin/../lib/gcc/arm-none-eabi/10.3.1/../../../../arm-none-eabi/lib/thumb/v7e-m+fp/hard\libc_nano.a(lib_a-strlen.o)
 .ARM.attributes
                0x00000000000006f2       0x34 a:/stm32cubeide_1.11.2/stm32cubeide/plugins/com.st.stm32cube.ide.mcu.externaltools.gnu-tools-for-stm32.10.3-2021.10.win32_1.0.100.202210260954/tools/bin/../lib/gcc/arm-none-eabi/10.3.1/../../../../arm-none-eabi/lib/thumb/v7e-m+fp/hard\libc_nano.a(lib_a-mlock.o)
 .ARM.attributes
                0x0000000000000726       0x34 a:/stm32cubeide_1.11.2/stm32cubeide/plugins/com.st.stm32cube.ide.mcu.externaltools.gnu-tools-for-stm32.10.3-2021.10.win32_1.0.100.202210260954/tools/bin/../lib/gcc/arm-none-eabi/10.3.1/../../../../arm-none-eabi/lib/thumb/v7e-m+fp/hard\libc_nano.a(lib_a-reent.o)
 .ARM.attributes
                0x000000000000075a       0x34 a:/stm32cubeide_1.11.2/stm32cubeide/plugins/com.st.stm32cube.ide.mcu.externaltools.gnu-tools-for-stm32.10.3-2021.10.win32_1.0.100.202210260954/tools/bin/../lib/gcc/arm-none-eabi/10.3.1/../../../../arm-none-eabi/lib/thumb/v7e-m+fp/hard\libc_nano.a(lib_a-lock.o)
 .ARM.attributes
                0x000000000000078e       0x1e a:/stm32cubeide_1.11.2/stm32cubeide/plugins/com.st.stm32cube.ide.mcu.externaltools.gnu-tools-for-stm32.10.3-2021.10.win32_1.0.100.202210260954/tools/bin/../lib/gcc/arm-none-eabi/10.3.1/thumb/v7e-m+fp/hard/crtn.o
OUTPUT(MusicMaster_STM32.elf elf32-littlearm)
LOAD linker stubs
LOAD a:/stm32cubeide_1.11.2/stm32cubeide/plugins/com.st.stm32cube.ide.mcu.externaltools.gnu-tools-for-stm32.10.3-2021.10.win32_1.0.100.202210260954/tools/bin/../lib/gcc/arm-none-eabi/10.3.1/../../../../arm-none-eabi/lib/thumb/v7e-m+fp/hard\libc.a
LOAD a:/stm32cubeide_1.11.2/stm32cubeide/plugins/com.st.stm32cube.ide.mcu.externaltools.gnu-tools-for-stm32.10.3-2021.10.win32_1.0.100.202210260954/tools/bin/../lib/gcc/arm-none-eabi/10.3.1/../../../../arm-none-eabi/lib/thumb/v7e-m+fp/hard\libm.a
LOAD a:/stm32cubeide_1.11.2/stm32cubeide/plugins/com.st.stm32cube.ide.mcu.externaltools.gnu-tools-for-stm32.10.3-2021.10.win32_1.0.100.202210260954/tools/bin/../lib/gcc/arm-none-eabi/10.3.1/thumb/v7e-m+fp/hard\libgcc.a

.debug_info     0x0000000000000000    0x19933
 .debug_info    0x0000000000000000      0x417 ./Core/Src/dictionary.o
 .debug_info    0x0000000000000417     0x2902 ./Core/Src/main.o
 .debug_info    0x0000000000002d19     0x1bf8 ./Core/Src/stm32f3xx_hal_msp.o
 .debug_info    0x0000000000004911      0xdaa ./Core/Src/stm32f3xx_it.o
 .debug_info    0x00000000000056bb      0x171 ./Core/Src/sysmem.o
 .debug_info    0x000000000000582c      0x416 ./Core/Src/system_stm32f3xx.o
 .debug_info    0x0000000000005c42       0x22 ./Core/Startup/startup_stm32f303vctx.o
 .debug_info    0x0000000000005c64      0x807 ./Drivers/STM32F3xx_HAL_Driver/Src/stm32f3xx_hal.o
 .debug_info    0x000000000000646b      0xd85 ./Drivers/STM32F3xx_HAL_Driver/Src/stm32f3xx_hal_cortex.o
 .debug_info    0x00000000000071f0      0x757 ./Drivers/STM32F3xx_HAL_Driver/Src/stm32f3xx_hal_dma.o
 .debug_info    0x0000000000007947      0x68a ./Drivers/STM32F3xx_HAL_Driver/Src/stm32f3xx_hal_gpio.o
 .debug_info    0x0000000000007fd1     0x226b ./Drivers/STM32F3xx_HAL_Driver/Src/stm32f3xx_hal_i2c.o
 .debug_info    0x000000000000a23c      0x8ab ./Drivers/STM32F3xx_HAL_Driver/Src/stm32f3xx_hal_i2c_ex.o
 .debug_info    0x000000000000aae7     0x1784 ./Drivers/STM32F3xx_HAL_Driver/Src/stm32f3xx_hal_pcd.o
 .debug_info    0x000000000000c26b     0x1585 ./Drivers/STM32F3xx_HAL_Driver/Src/stm32f3xx_hal_rcc.o
 .debug_info    0x000000000000d7f0      0x628 ./Drivers/STM32F3xx_HAL_Driver/Src/stm32f3xx_hal_rcc_ex.o
 .debug_info    0x000000000000de18     0x178c ./Drivers/STM32F3xx_HAL_Driver/Src/stm32f3xx_hal_spi.o
 .debug_info    0x000000000000f5a4     0x2cdb ./Drivers/STM32F3xx_HAL_Driver/Src/stm32f3xx_hal_tim.o
 .debug_info    0x000000000001227f     0x16a8 ./Drivers/STM32F3xx_HAL_Driver/Src/stm32f3xx_hal_tim_ex.o
 .debug_info    0x0000000000013927     0x3bf8 ./Drivers/STM32F3xx_HAL_Driver/Src/stm32f3xx_hal_uart.o
 .debug_info    0x000000000001751f      0xd23 ./Drivers/STM32F3xx_HAL_Driver/Src/stm32f3xx_hal_uart_ex.o
 .debug_info    0x0000000000018242     0x16f1 ./Drivers/STM32F3xx_HAL_Driver/Src/stm32f3xx_ll_usb.o

.debug_abbrev   0x0000000000000000     0x2f89
 .debug_abbrev  0x0000000000000000      0x16e ./Core/Src/dictionary.o
 .debug_abbrev  0x000000000000016e      0x40e ./Core/Src/main.o
 .debug_abbrev  0x000000000000057c      0x220 ./Core/Src/stm32f3xx_hal_msp.o
 .debug_abbrev  0x000000000000079c      0x280 ./Core/Src/stm32f3xx_it.o
 .debug_abbrev  0x0000000000000a1c       0xbb ./Core/Src/sysmem.o
 .debug_abbrev  0x0000000000000ad7      0x116 ./Core/Src/system_stm32f3xx.o
 .debug_abbrev  0x0000000000000bed       0x12 ./Core/Startup/startup_stm32f303vctx.o
 .debug_abbrev  0x0000000000000bff      0x20e ./Drivers/STM32F3xx_HAL_Driver/Src/stm32f3xx_hal.o
 .debug_abbrev  0x0000000000000e0d      0x316 ./Drivers/STM32F3xx_HAL_Driver/Src/stm32f3xx_hal_cortex.o
 .debug_abbrev  0x0000000000001123      0x1fe ./Drivers/STM32F3xx_HAL_Driver/Src/stm32f3xx_hal_dma.o
 .debug_abbrev  0x0000000000001321      0x1bb ./Drivers/STM32F3xx_HAL_Driver/Src/stm32f3xx_hal_gpio.o
 .debug_abbrev  0x00000000000014dc      0x24a ./Drivers/STM32F3xx_HAL_Driver/Src/stm32f3xx_hal_i2c.o
 .debug_abbrev  0x0000000000001726      0x1b0 ./Drivers/STM32F3xx_HAL_Driver/Src/stm32f3xx_hal_i2c_ex.o
 .debug_abbrev  0x00000000000018d6      0x2c0 ./Drivers/STM32F3xx_HAL_Driver/Src/stm32f3xx_hal_pcd.o
 .debug_abbrev  0x0000000000001b96      0x2f9 ./Drivers/STM32F3xx_HAL_Driver/Src/stm32f3xx_hal_rcc.o
 .debug_abbrev  0x0000000000001e8f      0x240 ./Drivers/STM32F3xx_HAL_Driver/Src/stm32f3xx_hal_rcc_ex.o
 .debug_abbrev  0x00000000000020cf      0x254 ./Drivers/STM32F3xx_HAL_Driver/Src/stm32f3xx_hal_spi.o
 .debug_abbrev  0x0000000000002323      0x264 ./Drivers/STM32F3xx_HAL_Driver/Src/stm32f3xx_hal_tim.o
 .debug_abbrev  0x0000000000002587      0x26c ./Drivers/STM32F3xx_HAL_Driver/Src/stm32f3xx_hal_tim_ex.o
 .debug_abbrev  0x00000000000027f3      0x2bc ./Drivers/STM32F3xx_HAL_Driver/Src/stm32f3xx_hal_uart.o
 .debug_abbrev  0x0000000000002aaf      0x2ab ./Drivers/STM32F3xx_HAL_Driver/Src/stm32f3xx_hal_uart_ex.o
 .debug_abbrev  0x0000000000002d5a      0x22f ./Drivers/STM32F3xx_HAL_Driver/Src/stm32f3xx_ll_usb.o

.debug_aranges  0x0000000000000000     0x14d0
 .debug_aranges
                0x0000000000000000       0x48 ./Core/Src/dictionary.o
 .debug_aranges
                0x0000000000000048       0xb0 ./Core/Src/main.o
 .debug_aranges
                0x00000000000000f8       0x78 ./Core/Src/stm32f3xx_hal_msp.o
 .debug_aranges
                0x0000000000000170       0xb0 ./Core/Src/stm32f3xx_it.o
 .debug_aranges
                0x0000000000000220       0x20 ./Core/Src/sysmem.o
 .debug_aranges
                0x0000000000000240       0x28 ./Core/Src/system_stm32f3xx.o
 .debug_aranges
                0x0000000000000268       0x28 ./Core/Startup/startup_stm32f303vctx.o
 .debug_aranges
                0x0000000000000290       0xe0 ./Drivers/STM32F3xx_HAL_Driver/Src/stm32f3xx_hal.o
 .debug_aranges
                0x0000000000000370      0x118 ./Drivers/STM32F3xx_HAL_Driver/Src/stm32f3xx_hal_cortex.o
 .debug_aranges
                0x0000000000000488       0x88 ./Drivers/STM32F3xx_HAL_Driver/Src/stm32f3xx_hal_dma.o
 .debug_aranges
                0x0000000000000510       0x58 ./Drivers/STM32F3xx_HAL_Driver/Src/stm32f3xx_hal_gpio.o
 .debug_aranges
                0x0000000000000568      0x2a0 ./Drivers/STM32F3xx_HAL_Driver/Src/stm32f3xx_hal_i2c.o
 .debug_aranges
                0x0000000000000808       0x48 ./Drivers/STM32F3xx_HAL_Driver/Src/stm32f3xx_hal_i2c_ex.o
 .debug_aranges
                0x0000000000000850      0x140 ./Drivers/STM32F3xx_HAL_Driver/Src/stm32f3xx_hal_pcd.o
 .debug_aranges
                0x0000000000000990       0x88 ./Drivers/STM32F3xx_HAL_Driver/Src/stm32f3xx_hal_rcc.o
 .debug_aranges
                0x0000000000000a18       0x38 ./Drivers/STM32F3xx_HAL_Driver/Src/stm32f3xx_hal_rcc_ex.o
 .debug_aranges
                0x0000000000000a50      0x1d8 ./Drivers/STM32F3xx_HAL_Driver/Src/stm32f3xx_hal_spi.o
 .debug_aranges
                0x0000000000000c28      0x3e0 ./Drivers/STM32F3xx_HAL_Driver/Src/stm32f3xx_hal_tim.o
 .debug_aranges
                0x0000000000001008      0x178 ./Drivers/STM32F3xx_HAL_Driver/Src/stm32f3xx_hal_tim_ex.o
 .debug_aranges
                0x0000000000001180      0x228 ./Drivers/STM32F3xx_HAL_Driver/Src/stm32f3xx_hal_uart.o
 .debug_aranges
                0x00000000000013a8       0x70 ./Drivers/STM32F3xx_HAL_Driver/Src/stm32f3xx_hal_uart_ex.o
 .debug_aranges
                0x0000000000001418       0xb8 ./Drivers/STM32F3xx_HAL_Driver/Src/stm32f3xx_ll_usb.o

.debug_ranges   0x0000000000000000     0x1410
 .debug_ranges  0x0000000000000000       0x38 ./Core/Src/dictionary.o
 .debug_ranges  0x0000000000000038       0xd0 ./Core/Src/main.o
 .debug_ranges  0x0000000000000108       0x68 ./Core/Src/stm32f3xx_hal_msp.o
 .debug_ranges  0x0000000000000170       0xd8 ./Core/Src/stm32f3xx_it.o
 .debug_ranges  0x0000000000000248       0x10 ./Core/Src/sysmem.o
 .debug_ranges  0x0000000000000258       0x18 ./Core/Src/system_stm32f3xx.o
 .debug_ranges  0x0000000000000270       0x20 ./Core/Startup/startup_stm32f303vctx.o
 .debug_ranges  0x0000000000000290       0xd0 ./Drivers/STM32F3xx_HAL_Driver/Src/stm32f3xx_hal.o
 .debug_ranges  0x0000000000000360      0x108 ./Drivers/STM32F3xx_HAL_Driver/Src/stm32f3xx_hal_cortex.o
 .debug_ranges  0x0000000000000468       0x78 ./Drivers/STM32F3xx_HAL_Driver/Src/stm32f3xx_hal_dma.o
 .debug_ranges  0x00000000000004e0       0x48 ./Drivers/STM32F3xx_HAL_Driver/Src/stm32f3xx_hal_gpio.o
 .debug_ranges  0x0000000000000528      0x290 ./Drivers/STM32F3xx_HAL_Driver/Src/stm32f3xx_hal_i2c.o
 .debug_ranges  0x00000000000007b8       0x38 ./Drivers/STM32F3xx_HAL_Driver/Src/stm32f3xx_hal_i2c_ex.o
 .debug_ranges  0x00000000000007f0      0x130 ./Drivers/STM32F3xx_HAL_Driver/Src/stm32f3xx_hal_pcd.o
 .debug_ranges  0x0000000000000920       0x78 ./Drivers/STM32F3xx_HAL_Driver/Src/stm32f3xx_hal_rcc.o
 .debug_ranges  0x0000000000000998       0x28 ./Drivers/STM32F3xx_HAL_Driver/Src/stm32f3xx_hal_rcc_ex.o
 .debug_ranges  0x00000000000009c0      0x1c8 ./Drivers/STM32F3xx_HAL_Driver/Src/stm32f3xx_hal_spi.o
 .debug_ranges  0x0000000000000b88      0x3d0 ./Drivers/STM32F3xx_HAL_Driver/Src/stm32f3xx_hal_tim.o
 .debug_ranges  0x0000000000000f58      0x168 ./Drivers/STM32F3xx_HAL_Driver/Src/stm32f3xx_hal_tim_ex.o
 .debug_ranges  0x00000000000010c0      0x248 ./Drivers/STM32F3xx_HAL_Driver/Src/stm32f3xx_hal_uart.o
 .debug_ranges  0x0000000000001308       0x60 ./Drivers/STM32F3xx_HAL_Driver/Src/stm32f3xx_hal_uart_ex.o
 .debug_ranges  0x0000000000001368       0xa8 ./Drivers/STM32F3xx_HAL_Driver/Src/stm32f3xx_ll_usb.o

.debug_macro    0x0000000000000000    0x1fd36
 .debug_macro   0x0000000000000000      0x20c ./Core/Src/dictionary.o
 .debug_macro   0x000000000000020c      0xa78 ./Core/Src/dictionary.o
 .debug_macro   0x0000000000000c84      0x226 ./Core/Src/dictionary.o
 .debug_macro   0x0000000000000eaa       0x22 ./Core/Src/dictionary.o
 .debug_macro   0x0000000000000ecc       0x4c ./Core/Src/dictionary.o
 .debug_macro   0x0000000000000f18       0x1e ./Core/Src/dictionary.o
 .debug_macro   0x0000000000000f36       0x94 ./Core/Src/dictionary.o
 .debug_macro   0x0000000000000fca       0x3c ./Core/Src/dictionary.o
 .debug_macro   0x0000000000001006       0x34 ./Core/Src/dictionary.o
 .debug_macro   0x000000000000103a       0x16 ./Core/Src/dictionary.o
 .debug_macro   0x0000000000001050       0x57 ./Core/Src/dictionary.o
 .debug_macro   0x00000000000010a7       0x97 ./Core/Src/dictionary.o
 .debug_macro   0x000000000000113e      0x341 ./Core/Src/dictionary.o
 .debug_macro   0x000000000000147f       0xfd ./Core/Src/dictionary.o
 .debug_macro   0x000000000000157c       0x10 ./Core/Src/dictionary.o
 .debug_macro   0x000000000000158c       0x16 ./Core/Src/dictionary.o
 .debug_macro   0x00000000000015a2       0x43 ./Core/Src/dictionary.o
 .debug_macro   0x00000000000015e5       0x34 ./Core/Src/dictionary.o
 .debug_macro   0x0000000000001619       0x10 ./Core/Src/dictionary.o
 .debug_macro   0x0000000000001629       0x58 ./Core/Src/dictionary.o
 .debug_macro   0x0000000000001681       0x71 ./Core/Src/dictionary.o
 .debug_macro   0x00000000000016f2       0x1c ./Core/Src/dictionary.o
 .debug_macro   0x000000000000170e      0x12a ./Core/Src/dictionary.o
 .debug_macro   0x0000000000001838       0x10 ./Core/Src/dictionary.o
 .debug_macro   0x0000000000001848       0x6a ./Core/Src/dictionary.o
 .debug_macro   0x00000000000018b2       0x1c ./Core/Src/dictionary.o
 .debug_macro   0x00000000000018ce       0x52 ./Core/Src/dictionary.o
 .debug_macro   0x0000000000001920       0x22 ./Core/Src/dictionary.o
 .debug_macro   0x0000000000001942       0x10 ./Core/Src/dictionary.o
 .debug_macro   0x0000000000001952       0x52 ./Core/Src/dictionary.o
 .debug_macro   0x00000000000019a4       0xd5 ./Core/Src/dictionary.o
 .debug_macro   0x0000000000001a79       0x1c ./Core/Src/dictionary.o
 .debug_macro   0x0000000000001a95       0x3d ./Core/Src/dictionary.o
 .debug_macro   0x0000000000001ad2       0x16 ./Core/Src/dictionary.o
 .debug_macro   0x0000000000001ae8      0x145 ./Core/Src/dictionary.o
 .debug_macro   0x0000000000001c2d       0x16 ./Core/Src/dictionary.o
 .debug_macro   0x0000000000001c43       0x35 ./Core/Src/dictionary.o
 .debug_macro   0x0000000000001c78       0x16 ./Core/Src/dictionary.o
 .debug_macro   0x0000000000001c8e       0x29 ./Core/Src/dictionary.o
 .debug_macro   0x0000000000001cb7       0x16 ./Core/Src/dictionary.o
 .debug_macro   0x0000000000001ccd       0x20 ./Core/Src/dictionary.o
 .debug_macro   0x0000000000001ced      0x24a ./Core/Src/main.o
 .debug_macro   0x0000000000001f37      0x163 ./Core/Src/main.o
 .debug_macro   0x000000000000209a       0x2e ./Core/Src/main.o
 .debug_macro   0x00000000000020c8       0x28 ./Core/Src/main.o
 .debug_macro   0x00000000000020f0       0x8e ./Core/Src/main.o
 .debug_macro   0x000000000000217e       0x51 ./Core/Src/main.o
 .debug_macro   0x00000000000021cf      0x103 ./Core/Src/main.o
 .debug_macro   0x00000000000022d2      0x1df ./Core/Src/main.o
 .debug_macro   0x00000000000024b1       0x1c ./Core/Src/main.o
 .debug_macro   0x00000000000024cd       0x22 ./Core/Src/main.o
 .debug_macro   0x00000000000024ef       0xd9 ./Core/Src/main.o
 .debug_macro   0x00000000000025c8     0x102d ./Core/Src/main.o
 .debug_macro   0x00000000000035f5      0x11f ./Core/Src/main.o
 .debug_macro   0x0000000000003714    0x12a3a ./Core/Src/main.o
 .debug_macro   0x000000000001614e       0x6d ./Core/Src/main.o
 .debug_macro   0x00000000000161bb     0x3558 ./Core/Src/main.o
 .debug_macro   0x0000000000019713      0x174 ./Core/Src/main.o
 .debug_macro   0x0000000000019887       0x55 ./Core/Src/main.o
 .debug_macro   0x00000000000198dc      0x961 ./Core/Src/main.o
 .debug_macro   0x000000000001a23d      0x5fe ./Core/Src/main.o
 .debug_macro   0x000000000001a83b      0x1b5 ./Core/Src/main.o
 .debug_macro   0x000000000001a9f0      0x1fb ./Core/Src/main.o
 .debug_macro   0x000000000001abeb      0x1dc ./Core/Src/main.o
 .debug_macro   0x000000000001adc7      0x1bc ./Core/Src/main.o
 .debug_macro   0x000000000001af83       0x30 ./Core/Src/main.o
 .debug_macro   0x000000000001afb3       0x3c ./Core/Src/main.o
 .debug_macro   0x000000000001afef      0x235 ./Core/Src/main.o
 .debug_macro   0x000000000001b224       0xc5 ./Core/Src/main.o
 .debug_macro   0x000000000001b2e9      0x21d ./Core/Src/main.o
 .debug_macro   0x000000000001b506      0x22c ./Core/Src/main.o
 .debug_macro   0x000000000001b732       0x5b ./Core/Src/main.o
 .debug_macro   0x000000000001b78d       0xa5 ./Core/Src/main.o
 .debug_macro   0x000000000001b832       0x73 ./Core/Src/main.o
 .debug_macro   0x000000000001b8a5      0x242 ./Core/Src/main.o
 .debug_macro   0x000000000001bae7       0x81 ./Core/Src/main.o
 .debug_macro   0x000000000001bb68       0xd3 ./Core/Src/main.o
 .debug_macro   0x000000000001bc3b      0x2fe ./Core/Src/main.o
 .debug_macro   0x000000000001bf39      0xa59 ./Core/Src/main.o
 .debug_macro   0x000000000001c992       0x89 ./Core/Src/main.o
 .debug_macro   0x000000000001ca1b      0x5ba ./Core/Src/main.o
 .debug_macro   0x000000000001cfd5       0x3e ./Core/Src/main.o
 .debug_macro   0x000000000001d013      0x275 ./Core/Src/main.o
 .debug_macro   0x000000000001d288       0xd0 ./Core/Src/main.o
 .debug_macro   0x000000000001d358      0x21f ./Core/Src/stm32f3xx_hal_msp.o
 .debug_macro   0x000000000001d577      0x238 ./Core/Src/stm32f3xx_it.o
 .debug_macro   0x000000000001d7af       0xff ./Core/Src/sysmem.o
 .debug_macro   0x000000000001d8ae      0x23b ./Core/Src/sysmem.o
 .debug_macro   0x000000000001dae9      0x210 ./Core/Src/system_stm32f3xx.o
 .debug_macro   0x000000000001dcf9      0x234 ./Drivers/STM32F3xx_HAL_Driver/Src/stm32f3xx_hal.o
 .debug_macro   0x000000000001df2d      0x210 ./Drivers/STM32F3xx_HAL_Driver/Src/stm32f3xx_hal_cortex.o
 .debug_macro   0x000000000001e13d      0x210 ./Drivers/STM32F3xx_HAL_Driver/Src/stm32f3xx_hal_dma.o
 .debug_macro   0x000000000001e34d      0x217 ./Drivers/STM32F3xx_HAL_Driver/Src/stm32f3xx_hal_gpio.o
 .debug_macro   0x000000000001e564      0x2dc ./Drivers/STM32F3xx_HAL_Driver/Src/stm32f3xx_hal_i2c.o
 .debug_macro   0x000000000001e840      0x210 ./Drivers/STM32F3xx_HAL_Driver/Src/stm32f3xx_hal_i2c_ex.o
 .debug_macro   0x000000000001ea50      0x21c ./Drivers/STM32F3xx_HAL_Driver/Src/stm32f3xx_hal_pcd.o
 .debug_macro   0x000000000001ec6c      0x234 ./Drivers/STM32F3xx_HAL_Driver/Src/stm32f3xx_hal_rcc.o
 .debug_macro   0x000000000001eea0      0x210 ./Drivers/STM32F3xx_HAL_Driver/Src/stm32f3xx_hal_rcc_ex.o
 .debug_macro   0x000000000001f0b0      0x218 ./Drivers/STM32F3xx_HAL_Driver/Src/stm32f3xx_hal_spi.o
 .debug_macro   0x000000000001f2c8      0x211 ./Drivers/STM32F3xx_HAL_Driver/Src/stm32f3xx_hal_tim.o
 .debug_macro   0x000000000001f4d9      0x210 ./Drivers/STM32F3xx_HAL_Driver/Src/stm32f3xx_hal_tim_ex.o
 .debug_macro   0x000000000001f6e9      0x22d ./Drivers/STM32F3xx_HAL_Driver/Src/stm32f3xx_hal_uart.o
 .debug_macro   0x000000000001f916      0x210 ./Drivers/STM32F3xx_HAL_Driver/Src/stm32f3xx_hal_uart_ex.o
 .debug_macro   0x000000000001fb26      0x210 ./Drivers/STM32F3xx_HAL_Driver/Src/stm32f3xx_ll_usb.o

.debug_line     0x0000000000000000    0x1a11a
 .debug_line    0x0000000000000000      0x74d ./Core/Src/dictionary.o
 .debug_line    0x000000000000074d      0xf53 ./Core/Src/main.o
 .debug_line    0x00000000000016a0      0x91e ./Core/Src/stm32f3xx_hal_msp.o
 .debug_line    0x0000000000001fbe      0xa42 ./Core/Src/stm32f3xx_it.o
 .debug_line    0x0000000000002a00      0x4e5 ./Core/Src/sysmem.o
 .debug_line    0x0000000000002ee5      0x7d1 ./Core/Src/system_stm32f3xx.o
 .debug_line    0x00000000000036b6       0x88 ./Core/Startup/startup_stm32f303vctx.o
 .debug_line    0x000000000000373e      0xa06 ./Drivers/STM32F3xx_HAL_Driver/Src/stm32f3xx_hal.o
 .debug_line    0x0000000000004144      0xccb ./Drivers/STM32F3xx_HAL_Driver/Src/stm32f3xx_hal_cortex.o
 .debug_line    0x0000000000004e0f      0xd18 ./Drivers/STM32F3xx_HAL_Driver/Src/stm32f3xx_hal_dma.o
 .debug_line    0x0000000000005b27      0xb65 ./Drivers/STM32F3xx_HAL_Driver/Src/stm32f3xx_hal_gpio.o
 .debug_line    0x000000000000668c     0x37d5 ./Drivers/STM32F3xx_HAL_Driver/Src/stm32f3xx_hal_i2c.o
 .debug_line    0x0000000000009e61      0x978 ./Drivers/STM32F3xx_HAL_Driver/Src/stm32f3xx_hal_i2c_ex.o
 .debug_line    0x000000000000a7d9     0x134d ./Drivers/STM32F3xx_HAL_Driver/Src/stm32f3xx_hal_pcd.o
 .debug_line    0x000000000000bb26     0x13e3 ./Drivers/STM32F3xx_HAL_Driver/Src/stm32f3xx_hal_rcc.o
 .debug_line    0x000000000000cf09      0xd6f ./Drivers/STM32F3xx_HAL_Driver/Src/stm32f3xx_hal_rcc_ex.o
 .debug_line    0x000000000000dc78     0x1fc1 ./Drivers/STM32F3xx_HAL_Driver/Src/stm32f3xx_hal_spi.o
 .debug_line    0x000000000000fc39     0x3d6a ./Drivers/STM32F3xx_HAL_Driver/Src/stm32f3xx_hal_tim.o
 .debug_line    0x00000000000139a3     0x1aed ./Drivers/STM32F3xx_HAL_Driver/Src/stm32f3xx_hal_tim_ex.o
 .debug_line    0x0000000000015490     0x3122 ./Drivers/STM32F3xx_HAL_Driver/Src/stm32f3xx_hal_uart.o
 .debug_line    0x00000000000185b2      0xb69 ./Drivers/STM32F3xx_HAL_Driver/Src/stm32f3xx_hal_uart_ex.o
 .debug_line    0x000000000001911b      0xfff ./Drivers/STM32F3xx_HAL_Driver/Src/stm32f3xx_ll_usb.o

.debug_str      0x0000000000000000    0xbea53
 .debug_str     0x0000000000000000     0x77ee ./Core/Src/dictionary.o
                                       0x797d (size before relaxing)
 .debug_str     0x00000000000077ee    0xb25ab ./Core/Src/main.o
                                      0xb6838 (size before relaxing)
 .debug_str     0x00000000000b9d99      0x13c ./Core/Src/stm32f3xx_hal_msp.o
                                      0xb5b25 (size before relaxing)
 .debug_str     0x00000000000b9ed5      0x296 ./Core/Src/stm32f3xx_it.o
                                      0xb550e (size before relaxing)
 .debug_str     0x00000000000ba16b      0x4da ./Core/Src/sysmem.o
                                       0x5dc2 (size before relaxing)
 .debug_str     0x00000000000ba645       0xdf ./Core/Src/system_stm32f3xx.o
                                      0xb4408 (size before relaxing)
 .debug_str     0x00000000000ba724       0x36 ./Core/Startup/startup_stm32f303vctx.o
                                         0x84 (size before relaxing)
 .debug_str     0x00000000000ba75a      0x36e ./Drivers/STM32F3xx_HAL_Driver/Src/stm32f3xx_hal.o
                                      0xb4c46 (size before relaxing)
 .debug_str     0x00000000000baac8      0x320 ./Drivers/STM32F3xx_HAL_Driver/Src/stm32f3xx_hal_cortex.o
                                      0xb4c98 (size before relaxing)
 .debug_str     0x00000000000bade8      0x248 ./Drivers/STM32F3xx_HAL_Driver/Src/stm32f3xx_hal_dma.o
                                      0xb4750 (size before relaxing)
 .debug_str     0x00000000000bb030       0xf2 ./Drivers/STM32F3xx_HAL_Driver/Src/stm32f3xx_hal_gpio.o
                                      0xb4575 (size before relaxing)
 .debug_str     0x00000000000bb122      0xe12 ./Drivers/STM32F3xx_HAL_Driver/Src/stm32f3xx_hal_i2c.o
                                      0xb570b (size before relaxing)
 .debug_str     0x00000000000bbf34       0xb8 ./Drivers/STM32F3xx_HAL_Driver/Src/stm32f3xx_hal_i2c_ex.o
                                      0xb4929 (size before relaxing)
 .debug_str     0x00000000000bbfec      0x507 ./Drivers/STM32F3xx_HAL_Driver/Src/stm32f3xx_hal_pcd.o
                                      0xb4c1d (size before relaxing)
 .debug_str     0x00000000000bc4f3      0x2ae ./Drivers/STM32F3xx_HAL_Driver/Src/stm32f3xx_hal_rcc.o
                                      0xb48a8 (size before relaxing)
 .debug_str     0x00000000000bc7a1       0xb4 ./Drivers/STM32F3xx_HAL_Driver/Src/stm32f3xx_hal_rcc_ex.o
                                      0xb466c (size before relaxing)
 .debug_str     0x00000000000bc855      0x566 ./Drivers/STM32F3xx_HAL_Driver/Src/stm32f3xx_hal_spi.o
                                      0xb4d2e (size before relaxing)
 .debug_str     0x00000000000bcdbb      0xd3a ./Drivers/STM32F3xx_HAL_Driver/Src/stm32f3xx_hal_tim.o
                                      0xb582f (size before relaxing)
 .debug_str     0x00000000000bdaf5      0x4dc ./Drivers/STM32F3xx_HAL_Driver/Src/stm32f3xx_hal_tim_ex.o
                                      0xb5085 (size before relaxing)
 .debug_str     0x00000000000bdfd1      0x7f2 ./Drivers/STM32F3xx_HAL_Driver/Src/stm32f3xx_hal_uart.o
                                      0xb512b (size before relaxing)
 .debug_str     0x00000000000be7c3      0x1b8 ./Drivers/STM32F3xx_HAL_Driver/Src/stm32f3xx_hal_uart_ex.o
                                      0xb4a30 (size before relaxing)
 .debug_str     0x00000000000be97b       0xd8 ./Drivers/STM32F3xx_HAL_Driver/Src/stm32f3xx_ll_usb.o
                                      0xb4772 (size before relaxing)

.comment        0x0000000000000000       0x50
 .comment       0x0000000000000000       0x50 ./Core/Src/dictionary.o
                                         0x51 (size before relaxing)
 .comment       0x0000000000000050       0x51 ./Core/Src/main.o
 .comment       0x0000000000000050       0x51 ./Core/Src/stm32f3xx_hal_msp.o
 .comment       0x0000000000000050       0x51 ./Core/Src/stm32f3xx_it.o
 .comment       0x0000000000000050       0x51 ./Core/Src/sysmem.o
 .comment       0x0000000000000050       0x51 ./Core/Src/system_stm32f3xx.o
 .comment       0x0000000000000050       0x51 ./Drivers/STM32F3xx_HAL_Driver/Src/stm32f3xx_hal.o
 .comment       0x0000000000000050       0x51 ./Drivers/STM32F3xx_HAL_Driver/Src/stm32f3xx_hal_cortex.o
 .comment       0x0000000000000050       0x51 ./Drivers/STM32F3xx_HAL_Driver/Src/stm32f3xx_hal_dma.o
 .comment       0x0000000000000050       0x51 ./Drivers/STM32F3xx_HAL_Driver/Src/stm32f3xx_hal_gpio.o
 .comment       0x0000000000000050       0x51 ./Drivers/STM32F3xx_HAL_Driver/Src/stm32f3xx_hal_i2c.o
 .comment       0x0000000000000050       0x51 ./Drivers/STM32F3xx_HAL_Driver/Src/stm32f3xx_hal_i2c_ex.o
 .comment       0x0000000000000050       0x51 ./Drivers/STM32F3xx_HAL_Driver/Src/stm32f3xx_hal_pcd.o
 .comment       0x0000000000000050       0x51 ./Drivers/STM32F3xx_HAL_Driver/Src/stm32f3xx_hal_rcc.o
 .comment       0x0000000000000050       0x51 ./Drivers/STM32F3xx_HAL_Driver/Src/stm32f3xx_hal_rcc_ex.o
 .comment       0x0000000000000050       0x51 ./Drivers/STM32F3xx_HAL_Driver/Src/stm32f3xx_hal_spi.o
 .comment       0x0000000000000050       0x51 ./Drivers/STM32F3xx_HAL_Driver/Src/stm32f3xx_hal_tim.o
 .comment       0x0000000000000050       0x51 ./Drivers/STM32F3xx_HAL_Driver/Src/stm32f3xx_hal_tim_ex.o
 .comment       0x0000000000000050       0x51 ./Drivers/STM32F3xx_HAL_Driver/Src/stm32f3xx_hal_uart.o
 .comment       0x0000000000000050       0x51 ./Drivers/STM32F3xx_HAL_Driver/Src/stm32f3xx_hal_uart_ex.o
 .comment       0x0000000000000050       0x51 ./Drivers/STM32F3xx_HAL_Driver/Src/stm32f3xx_ll_usb.o

.debug_frame    0x0000000000000000     0x5ba8
 .debug_frame   0x0000000000000000       0xf0 ./Core/Src/dictionary.o
 .debug_frame   0x00000000000000f0      0x2a4 ./Core/Src/main.o
 .debug_frame   0x0000000000000394      0x1c0 ./Core/Src/stm32f3xx_hal_msp.o
 .debug_frame   0x0000000000000554      0x238 ./Core/Src/stm32f3xx_it.o
 .debug_frame   0x000000000000078c       0x34 ./Core/Src/sysmem.o
 .debug_frame   0x00000000000007c0       0x58 ./Core/Src/system_stm32f3xx.o
 .debug_frame   0x0000000000000818      0x334 ./Drivers/STM32F3xx_HAL_Driver/Src/stm32f3xx_hal.o
 .debug_frame   0x0000000000000b4c      0x498 ./Drivers/STM32F3xx_HAL_Driver/Src/stm32f3xx_hal_cortex.o
 .debug_frame   0x0000000000000fe4      0x224 ./Drivers/STM32F3xx_HAL_Driver/Src/stm32f3xx_hal_dma.o
 .debug_frame   0x0000000000001208      0x14c ./Drivers/STM32F3xx_HAL_Driver/Src/stm32f3xx_hal_gpio.o
 .debug_frame   0x0000000000001354      0xc38 ./Drivers/STM32F3xx_HAL_Driver/Src/stm32f3xx_hal_i2c.o
 .debug_frame   0x0000000000001f8c      0x100 ./Drivers/STM32F3xx_HAL_Driver/Src/stm32f3xx_hal_i2c_ex.o
 .debug_frame   0x000000000000208c      0x59c ./Drivers/STM32F3xx_HAL_Driver/Src/stm32f3xx_hal_pcd.o
 .debug_frame   0x0000000000002628      0x214 ./Drivers/STM32F3xx_HAL_Driver/Src/stm32f3xx_hal_rcc.o
 .debug_frame   0x000000000000283c       0xb0 ./Drivers/STM32F3xx_HAL_Driver/Src/stm32f3xx_hal_rcc_ex.o
 .debug_frame   0x00000000000028ec      0x860 ./Drivers/STM32F3xx_HAL_Driver/Src/stm32f3xx_hal_spi.o
 .debug_frame   0x000000000000314c     0x121c ./Drivers/STM32F3xx_HAL_Driver/Src/stm32f3xx_hal_tim.o
 .debug_frame   0x0000000000004368      0x688 ./Drivers/STM32F3xx_HAL_Driver/Src/stm32f3xx_hal_tim_ex.o
 .debug_frame   0x00000000000049f0      0x9e8 ./Drivers/STM32F3xx_HAL_Driver/Src/stm32f3xx_hal_uart.o
 .debug_frame   0x00000000000053d8      0x1b4 ./Drivers/STM32F3xx_HAL_Driver/Src/stm32f3xx_hal_uart_ex.o
 .debug_frame   0x000000000000558c      0x338 ./Drivers/STM32F3xx_HAL_Driver/Src/stm32f3xx_ll_usb.o
 .debug_frame   0x00000000000058c4       0x20 a:/stm32cubeide_1.11.2/stm32cubeide/plugins/com.st.stm32cube.ide.mcu.externaltools.gnu-tools-for-stm32.10.3-2021.10.win32_1.0.100.202210260954/tools/bin/../lib/gcc/arm-none-eabi/10.3.1/../../../../arm-none-eabi/lib/thumb/v7e-m+fp/hard\libc_nano.a(lib_a-errno.o)
 .debug_frame   0x00000000000058e4       0x2c a:/stm32cubeide_1.11.2/stm32cubeide/plugins/com.st.stm32cube.ide.mcu.externaltools.gnu-tools-for-stm32.10.3-2021.10.win32_1.0.100.202210260954/tools/bin/../lib/gcc/arm-none-eabi/10.3.1/../../../../arm-none-eabi/lib/thumb/v7e-m+fp/hard\libc_nano.a(lib_a-init.o)
 .debug_frame   0x0000000000005910       0x30 a:/stm32cubeide_1.11.2/stm32cubeide/plugins/com.st.stm32cube.ide.mcu.externaltools.gnu-tools-for-stm32.10.3-2021.10.win32_1.0.100.202210260954/tools/bin/../lib/gcc/arm-none-eabi/10.3.1/../../../../arm-none-eabi/lib/thumb/v7e-m+fp/hard\libc_nano.a(lib_a-malloc.o)
 .debug_frame   0x0000000000005940       0x28 a:/stm32cubeide_1.11.2/stm32cubeide/plugins/com.st.stm32cube.ide.mcu.externaltools.gnu-tools-for-stm32.10.3-2021.10.win32_1.0.100.202210260954/tools/bin/../lib/gcc/arm-none-eabi/10.3.1/../../../../arm-none-eabi/lib/thumb/v7e-m+fp/hard\libc_nano.a(lib_a-memcpy-stub.o)
 .debug_frame   0x0000000000005968       0x20 a:/stm32cubeide_1.11.2/stm32cubeide/plugins/com.st.stm32cube.ide.mcu.externaltools.gnu-tools-for-stm32.10.3-2021.10.win32_1.0.100.202210260954/tools/bin/../lib/gcc/arm-none-eabi/10.3.1/../../../../arm-none-eabi/lib/thumb/v7e-m+fp/hard\libc_nano.a(lib_a-memset.o)