Archive member included to satisfy reference by file (symbol)

a:/stm32cubeide_1.11.2/stm32cubeide/plugins/com.st.stm32cube.ide.mcu.externaltools.gnu-tools-for-stm32.10.3-2021.10.win32_1.0.100.202210260954/tools/bin/../lib/gcc/arm-none-eabi/10.3.1/../../../../arm-none-eabi/lib/thumb/v7e-m+fp/hard\libc_nano.a(lib_a-errno.o)
                              ./Core/Src/syscalls.o (__errno)
a:/stm32cubeide_1.11.2/stm32cubeide/plugins/com.st.stm32cube.ide.mcu.externaltools.gnu-tools-for-stm32.10.3-2021.10.win32_1.0.100.202210260954/tools/bin/../lib/gcc/arm-none-eabi/10.3.1/../../../../arm-none-eabi/lib/thumb/v7e-m+fp/hard\libc_nano.a(lib_a-exit.o)
                              a:/stm32cubeide_1.11.2/stm32cubeide/plugins/com.st.stm32cube.ide.mcu.externaltools.gnu-tools-for-stm32.10.3-2021.10.win32_1.0.100.202210260954/tools/bin/../lib/gcc/arm-none-eabi/10.3.1/../../../../arm-none-eabi/lib/thumb/v7e-m+fp/hard/crt0.o (exit)
a:/stm32cubeide_1.11.2/stm32cubeide/plugins/com.st.stm32cube.ide.mcu.externaltools.gnu-tools-for-stm32.10.3-2021.10.win32_1.0.100.202210260954/tools/bin/../lib/gcc/arm-none-eabi/10.3.1/../../../../arm-none-eabi/lib/thumb/v7e-m+fp/hard\libc_nano.a(lib_a-impure.o)
                              a:/stm32cubeide_1.11.2/stm32cubeide/plugins/com.st.stm32cube.ide.mcu.externaltools.gnu-tools-for-stm32.10.3-2021.10.win32_1.0.100.202210260954/tools/bin/../lib/gcc/arm-none-eabi/10.3.1/../../../../arm-none-eabi/lib/thumb/v7e-m+fp/hard\libc_nano.a(lib_a-exit.o) (_global_impure_ptr)
a:/stm32cubeide_1.11.2/stm32cubeide/plugins/com.st.stm32cube.ide.mcu.externaltools.gnu-tools-for-stm32.10.3-2021.10.win32_1.0.100.202210260954/tools/bin/../lib/gcc/arm-none-eabi/10.3.1/../../../../arm-none-eabi/lib/thumb/v7e-m+fp/hard\libc_nano.a(lib_a-init.o)
                              a:/stm32cubeide_1.11.2/stm32cubeide/plugins/com.st.stm32cube.ide.mcu.externaltools.gnu-tools-for-stm32.10.3-2021.10.win32_1.0.100.202210260954/tools/bin/../lib/gcc/arm-none-eabi/10.3.1/../../../../arm-none-eabi/lib/thumb/v7e-m+fp/hard/crt0.o (__libc_init_array)
a:/stm32cubeide_1.11.2/stm32cubeide/plugins/com.st.stm32cube.ide.mcu.externaltools.gnu-tools-for-stm32.10.3-2021.10.win32_1.0.100.202210260954/tools/bin/../lib/gcc/arm-none-eabi/10.3.1/../../../../arm-none-eabi/lib/thumb/v7e-m+fp/hard\libc_nano.a(lib_a-malloc.o)
                              ./Core/Src/dictionary.o (malloc)
a:/stm32cubeide_1.11.2/stm32cubeide/plugins/com.st.stm32cube.ide.mcu.externaltools.gnu-tools-for-stm32.10.3-2021.10.win32_1.0.100.202210260954/tools/bin/../lib/gcc/arm-none-eabi/10.3.1/../../../../arm-none-eabi/lib/thumb/v7e-m+fp/hard\libc_nano.a(lib_a-memcpy-stub.o)
                              ./Core/Src/dictionary.o (memcpy)
a:/stm32cubeide_1.11.2/stm32cubeide/plugins/com.st.stm32cube.ide.mcu.externaltools.gnu-tools-for-stm32.10.3-2021.10.win32_1.0.100.202210260954/tools/bin/../lib/gcc/arm-none-eabi/10.3.1/../../../../arm-none-eabi/lib/thumb/v7e-m+fp/hard\libc_nano.a(lib_a-memset.o)
                              a:/stm32cubeide_1.11.2/stm32cubeide/plugins/com.st.stm32cube.ide.mcu.externaltools.gnu-tools-for-stm32.10.3-2021.10.win32_1.0.100.202210260954/tools/bin/../lib/gcc/arm-none-eabi/10.3.1/../../../../arm-none-eabi/lib/thumb/v7e-m+fp/hard/crt0.o (memset)
a:/stm32cubeide_1.11.2/stm32cubeide/plugins/com.st.stm32cube.ide.mcu.externaltools.gnu-tools-for-stm32.10.3-2021.10.win32_1.0.100.202210260954/tools/bin/../lib/gcc/arm-none-eabi/10.3.1/../../../../arm-none-eabi/lib/thumb/v7e-m+fp/hard\libc_nano.a(lib_a-nano-freer.o)
                              a:/stm32cubeide_1.11.2/stm32cubeide/plugins/com.st.stm32cube.ide.mcu.externaltools.gnu-tools-for-stm32.10.3-2021.10.win32_1.0.100.202210260954/tools/bin/../lib/gcc/arm-none-eabi/10.3.1/../../../../arm-none-eabi/lib/thumb/v7e-m+fp/hard\libc_nano.a(lib_a-malloc.o) (_free_r)
a:/stm32cubeide_1.11.2/stm32cubeide/plugins/com.st.stm32cube.ide.mcu.externaltools.gnu-tools-for-stm32.10.3-2021.10.win32_1.0.100.202210260954/tools/bin/../lib/gcc/arm-none-eabi/10.3.1/../../../../arm-none-eabi/lib/thumb/v7e-m+fp/hard\libc_nano.a(lib_a-nano-mallocr.o)
                              a:/stm32cubeide_1.11.2/stm32cubeide/plugins/com.st.stm32cube.ide.mcu.externaltools.gnu-tools-for-stm32.10.3-2021.10.win32_1.0.100.202210260954/tools/bin/../lib/gcc/arm-none-eabi/10.3.1/../../../../arm-none-eabi/lib/thumb/v7e-m+fp/hard\libc_nano.a(lib_a-malloc.o) (_malloc_r)
a:/stm32cubeide_1.11.2/stm32cubeide/plugins/com.st.stm32cube.ide.mcu.externaltools.gnu-tools-for-stm32.10.3-2021.10.win32_1.0.100.202210260954/tools/bin/../lib/gcc/arm-none-eabi/10.3.1/../../../../arm-none-eabi/lib/thumb/v7e-m+fp/hard\libc_nano.a(lib_a-sbrkr.o)
                              a:/stm32cubeide_1.11.2/stm32cubeide/plugins/com.st.stm32cube.ide.mcu.externaltools.gnu-tools-for-stm32.10.3-2021.10.win32_1.0.100.202210260954/tools/bin/../lib/gcc/arm-none-eabi/10.3.1/../../../../arm-none-eabi/lib/thumb/v7e-m+fp/hard\libc_nano.a(lib_a-nano-mallocr.o) (_sbrk_r)
[...]
Memory Configuration

Name             Origin             Length             Attributes
CCMRAM           0x0000000010000000 0x0000000000002000 xrw
RAM              0x0000000020000000 0x000000000000a000 xrw
FLASH            0x0000000008000000 0x0000000000040000 xr
*default*        0x0000000000000000 0xffffffffffffffff

Linker script and memory map

LOAD a:/stm32cubeide_1.11.2/stm32cubeide/plugins/com.st.stm32cube.ide.mcu.externaltools.gnu-tools-for-stm32.10.3-2021.10.win32_1.0.100.202210260954/tools/bin/../lib/gcc/arm-none-eabi/10.3.1/thumb/v7e-m+fp/hard/crti.o
LOAD a:/stm32cubeide_1.11.2/stm32cubeide/plugins/com.st.stm32cube.ide.mcu.externaltools.gnu-tools-for-stm32.10.3-2021.10.win32_1.0.100.202210260954/tools/bin/../lib/gcc/arm-none-eabi/10.3.1/thumb/v7e-m+fp/hard/crtbegin.o
LOAD a:/stm32cubeide_1.11.2/stm32cubeide/plugins/com.st.stm32cube.ide.mcu.externaltools.gnu-tools-for-stm32.10.3-2021.10.win32_1.0.100.202210260954/tools/bin/../lib/gcc/arm-none-eabi/10.3.1/../../../../arm-none-eabi/lib/thumb/v7e-m+fp/hard/crt0.o
LOAD ./Core/Src/dictionary.o
LOAD ./Core/Src/main.o
LOAD ./Core/Src/stm32f3xx_hal_msp.o
LOAD ./Core/Src/stm32f3xx_it.o
LOAD ./Core/Src/syscalls.o
LOAD ./Core/Src/sysmem.o
LOAD ./Core/Src/system_stm32f3xx.o
LOAD ./Core/Startup/startup_stm32f303vctx.o
LOAD ./Drivers/STM32F3xx_HAL_Driver/Src/stm32f3xx_hal.o
LOAD ./Drivers/STM32F3xx_HAL_Driver/Src/stm32f3xx_hal_adc.o
LOAD ./Drivers/STM32F3xx_HAL_Driver/Src/stm32f3xx_hal_adc_ex.o
LOAD ./Drivers/STM32F3xx_HAL_Driver/Src/stm32f3xx_hal_cortex.o
LOAD ./Drivers/STM32F3xx_HAL_Driver/Src/stm32f3xx_hal_dma.o
LOAD ./Drivers/STM32F3xx_HAL_Driver/Src/stm32f3xx_hal_exti.o
LOAD ./Drivers/STM32F3xx_HAL_Driver/Src/stm32f3xx_hal_flash.o
LOAD ./Drivers/STM32F3xx_HAL_Driver/Src/stm32f3xx_hal_flash_ex.o
LOAD ./Drivers/STM32F3xx_HAL_Driver/Src/stm32f3xx_hal_gpio.o
LOAD ./Drivers/STM32F3xx_HAL_Driver/Src/stm32f3xx_hal_i2c.o
LOAD ./Drivers/STM32F3xx_HAL_Driver/Src/stm32f3xx_hal_i2c_ex.o
LOAD ./Drivers/STM32F3xx_HAL_Driver/Src/stm32f3xx_hal_pcd.o
LOAD ./Drivers/STM32F3xx_HAL_Driver/Src/stm32f3xx_hal_pcd_ex.o
LOAD ./Drivers/STM32F3xx_HAL_Driver/Src/stm32f3xx_hal_pwr.o
LOAD ./Drivers/STM32F3xx_HAL_Driver/Src/stm32f3xx_hal_pwr_ex.o
LOAD ./Drivers/STM32F3xx_HAL_Driver/Src/stm32f3xx_hal_rcc.o
LOAD ./Drivers/STM32F3xx_HAL_Driver/Src/stm32f3xx_hal_rcc_ex.o
LOAD ./Drivers/STM32F3xx_HAL_Driver/Src/stm32f3xx_hal_spi.o
LOAD ./Drivers/STM32F3xx_HAL_Driver/Src/stm32f3xx_hal_spi_ex.o
LOAD ./Drivers/STM32F3xx_HAL_Driver/Src/stm32f3xx_hal_tim.o
LOAD ./Drivers/STM32F3xx_HAL_Driver/Src/stm32f3xx_hal_tim_ex.o
LOAD ./Drivers/STM32F3xx_HAL_Driver/Src/stm32f3xx_hal_uart.o
LOAD ./Drivers/STM32F3xx_HAL_Driver/Src/stm32f3xx_hal_uart_ex.o
LOAD ./Drivers/STM32F3xx_HAL_Driver/Src/stm32f3xx_ll_usb.o
START GROUP
LOAD a:/stm32cubeide_1.11.2/stm32cubeide/plugins/com.st.stm32cube.ide.mcu.externaltools.gnu-tools-for-stm32.10.3-2021.10.win32_1.0.100.202210260954/tools/bin/../lib/gcc/arm-none-eabi/10.3.1/../../../../arm-none-eabi/lib/thumb/v7e-m+fp/hard\libc_nano.a
LOAD a:/stm32cubeide_1.11.2/stm32cubeide/plugins/com.st.stm32cube.ide.mcu.externaltools.gnu-tools-for-stm32.10.3-2021.10.win32_1.0.100.202210260954/tools/bin/../lib/gcc/arm-none-eabi/10.3.1/../../../../arm-none-eabi/lib/thumb/v7e-m+fp/hard\libm.a
END GROUP
START GROUP
LOAD a:/stm32cubeide_1.11.2/stm32cubeide/plugins/com.st.stm32cube.ide.mcu.externaltools.gnu-tools-for-stm32.10.3-2021.10.win32_1.0.100.202210260954/tools/bin/../lib/gcc/arm-none-eabi/10.3.1/thumb/v7e-m+fp/hard\libgcc.a
LOAD a:/stm32cubeide_1.11.2/stm32cubeide/plugins/com.st.stm32cube.ide.mcu.externaltools.gnu-tools-for-stm32.10.3-2021.10.win32_1.0.100.202210260954/tools/bin/../lib/gcc/arm-none-eabi/10.3.1/../../../../arm-none-eabi/lib/thumb/v7e-m+fp/hard\libc_nano.a
END GROUP
START GROUP
LOAD a:/stm32cubeide_1.11.2/stm32cubeide/plugins/com.st.stm32cube.ide.mcu.externaltools.gnu-tools-for-stm32.10.3-2021.10.win32_1.0.100.202210260954/tools/bin/../lib/gcc/arm-none-eabi/10.3.1/thumb/v7e-m+fp/hard\libgcc.a
LOAD a:/stm32cubeide_1.11.2/stm32cubeide/plugins/com.st.stm32cube.ide.mcu.externaltools.gnu-tools-for-stm32.10.3-2021.10.win32_1.0.100.202210260954/tools/bin/../lib/gcc/arm-none-eabi/10.3.1/../../../../arm-none-eabi/lib/thumb/v7e-m+fp/hard\libc_nano.a
LOAD a:/stm32cubeide_1.11.2/stm32cubeide/plugins/com.st.stm32cube.ide.mcu.externaltools.gnu-tools-for-stm32.10.3-2021.10.win32_1.0.100.202210260954/tools/bin/../lib/gcc/arm-none-eabi/10.3.1/../../../../arm-none-eabi/lib/thumb/v7e-m+fp/hard\libnosys.a
END GROUP
START GROUP
LOAD a:/stm32cubeide_1.11.2/stm32cubeide/plugins/com.st.stm32cube.ide.mcu.externaltools.gnu-tools-for-stm32.10.3-2021.10.win32_1.0.100.202210260954/tools/bin/../lib/gcc/arm-none-eabi/10.3.1/thumb/v7e-m+fp/hard\libgcc.a
LOAD a:/stm32cubeide_1.11.2/stm32cubeide/plugins/com.st.stm32cube.ide.mcu.externaltools.gnu-tools-for-stm32.10.3-2021.10.win32_1.0.100.202210260954/tools/bin/../lib/gcc/arm-none-eabi/10.3.1/../../../../arm-none-eabi/lib/thumb/v7e-m+fp/hard\libc_nano.a
LOAD a:/stm32cubeide_1.11.2/stm32cubeide/plugins/com.st.stm32cube.ide.mcu.externaltools.gnu-tools-for-stm32.10.3-2021.10.win32_1.0.100.202210260954/tools/bin/../lib/gcc/arm-none-eabi/10.3.1/../../../../arm-none-eabi/lib/thumb/v7e-m+fp/hard\libnosys.a
END GROUP
LOAD a:/stm32cubeide_1.11.2/stm32cubeide/plugins/com.st.stm32cube.ide.mcu.externaltools.gnu-tools-for-stm32.10.3-2021.10.win32_1.0.100.202210260954/tools/bin/../lib/gcc/arm-none-eabi/10.3.1/thumb/v7e-m+fp/hard/crtend.o
LOAD a:/stm32cubeide_1.11.2/stm32cubeide/plugins/com.st.stm32cube.ide.mcu.externaltools.gnu-tools-for-stm32.10.3-2021.10.win32_1.0.100.202210260954/tools/bin/../lib/gcc/arm-none-eabi/10.3.1/thumb/v7e-m+fp/hard/crtn.o
                0x000000002000a000                _estack = (ORIGIN (RAM) + LENGTH (RAM))
                0x0000000000000200                _Min_Heap_Size = 0x200
                0x0000000000000400                _Min_Stack_Size = 0x400

.isr_vector     0x0000000008000000      0x188
                0x0000000008000000                . = ALIGN (0x4)
 *(.isr_vector)
 .isr_vector    0x0000000008000000      0x188 ./Core/Startup/startup_stm32f303vctx.o
                0x0000000008000000                g_pfnVectors
                0x0000000008000188                . = ALIGN (0x4)

.text           0x0000000008000188     0x83b0
                0x0000000008000188                . = ALIGN (0x4)
 *(.text)
 .text          0x0000000008000188       0x40 a:/stm32cubeide_1.11.2/stm32cubeide/plugins/com.st.stm32cube.ide.mcu.externaltools.gnu-tools-for-stm32.10.3-2021.10.win32_1.0.100.202210260954/tools/bin/../lib/gcc/arm-none-eabi/10.3.1/thumb/v7e-m+fp/hard/crtbegin.o
 .text          0x00000000080001c8       0x14 a:/stm32cubeide_1.11.2/stm32cubeide/plugins/com.st.stm32cube.ide.mcu.externaltools.gnu-tools-for-stm32.10.3-2021.10.win32_1.0.100.202210260954/tools/bin/../lib/gcc/arm-none-eabi/10.3.1/../../../../arm-none-eabi/lib/thumb/v7e-m+fp/hard\libc_nano.a(lib_a-strcmp.o)
                0x00000000080001c8                strcmp
 .text          0x00000000080001dc       0x10 a:/stm32cubeide_1.11.2/stm32cubeide/plugins/com.st.stm32cube.ide.mcu.externaltools.gnu-tools-for-stm32.10.3-2021.10.win32_1.0.100.202210260954/tools/bin/../lib/gcc/arm-none-eabi/10.3.1/../../../../arm-none-eabi/lib/thumb/v7e-m+fp/hard\libc_nano.a(lib_a-strlen.o)
                0x00000000080001dc                strlen
 *(.text*)
 .text.hashString
                0x00000000080001ec       0x42 ./Core/Src/dictionary.o
                0x00000000080001ec                hashString
 .text.hashNumeric
                0x000000000800022e       0x26 ./Core/Src/dictionary.o
                0x000000000800022e                hashNumeric
 .text.initDictionary
                0x0000000008000254       0x56 ./Core/Src/dictionary.o
                0x0000000008000254                initDictionary
 .text.insert   0x00000000080002aa       0x9e ./Core/Src/dictionary.o
                0x00000000080002aa                insert
 .text.lookup   0x0000000008000348       0xba ./Core/Src/dictionary.o
                0x0000000008000348                lookup
 *fill*         0x0000000008000402        0x2 
 .text.extractNumber
                0x0000000008000404      0x118 ./Core/Src/main.o
                0x0000000008000404                extractNumber
 .text.compareStrings
                0x000000000800051c       0x46 ./Core/Src/main.o
                0x000000000800051c                compareStrings
 *fill*         0x0000000008000562        0x2 
 .text.HAL_UART_RxCpltCallback
                0x0000000008000564      0x224 ./Core/Src/main.o
                0x0000000008000564                HAL_UART_RxCpltCallback
 .text.HAL_ADC_ConvCpltCallback
                0x0000000008000788       0x22 ./Core/Src/main.o
                0x0000000008000788                HAL_ADC_ConvCpltCallback
 *fill*         0x00000000080007aa        0x2 
 .text.display_number
                0x00000000080007ac       0x68 ./Core/Src/main.o
                0x00000000080007ac                display_number
 .text.increase
                0x0000000008000814       0x40 ./Core/Src/main.o
                0x0000000008000814                increase
 .text.init_display
                0x0000000008000854       0x18 ./Core/Src/main.o
                0x0000000008000854                init_display
 .text.initTonesDictionary
                0x000000000800086c      0x118 ./Core/Src/main.o
                0x000000000800086c                initTonesDictionary
 .text.main     0x0000000008000984      0x18c ./Core/Src/main.o
                0x0000000008000984                main
 .text.SystemClock_Config
                0x0000000008000b10       0xd0 ./Core/Src/main.o
                0x0000000008000b10                SystemClock_Config
 .text.MX_ADC1_Init
                0x0000000008000be0       0xe0 ./Core/Src/main.o
 .text.MX_I2C1_Init
                0x0000000008000cc0       0x80 ./Core/Src/main.o
 .text.MX_SPI1_Init
                0x0000000008000d40       0x7c ./Core/Src/main.o
 .text.MX_TIM1_Init
                0x0000000008000dbc       0xa8 ./Core/Src/main.o
 .text.MX_TIM2_Init
                0x0000000008000e64       0xec ./Core/Src/main.o
 .text.MX_USART1_UART_Init
                0x0000000008000f50       0x60 ./Core/Src/main.o
 .text.MX_USB_PCD_Init
                0x0000000008000fb0       0x44 ./Core/Src/main.o
 .text.MX_GPIO_Init
                0x0000000008000ff4      0x19c ./Core/Src/main.o
 .text.HAL_GPIO_EXTI_Callback
                0x0000000008001190      0x29c ./Core/Src/main.o
                0x0000000008001190                HAL_GPIO_EXTI_Callback
 .text.HAL_TIM_PeriodElapsedCallback
                0x000000000800142c       0xec ./Core/Src/main.o
                0x000000000800142c                HAL_TIM_PeriodElapsedCallback
 .text.Error_Handler
                0x0000000008001518        0xa ./Core/Src/main.o
                0x0000000008001518                Error_Handler
 *fill*         0x0000000008001522        0x2 
 .text.HAL_MspInit
                0x0000000008001524       0x48 ./Core/Src/stm32f3xx_hal_msp.o
                0x0000000008001524                HAL_MspInit
 .text.HAL_ADC_MspInit
                0x000000000800156c       0x8c ./Core/Src/stm32f3xx_hal_msp.o
                0x000000000800156c                HAL_ADC_MspInit
 .text.HAL_I2C_MspInit
                0x00000000080015f8       0x88 ./Core/Src/stm32f3xx_hal_msp.o
                0x00000000080015f8                HAL_I2C_MspInit
 .text.HAL_SPI_MspInit
                0x0000000008001680       0x84 ./Core/Src/stm32f3xx_hal_msp.o
                0x0000000008001680                HAL_SPI_MspInit
 .text.HAL_TIM_Base_MspInit
                0x0000000008001704       0x70 ./Core/Src/stm32f3xx_hal_msp.o
                0x0000000008001704                HAL_TIM_Base_MspInit
 .text.HAL_TIM_MspPostInit
                0x0000000008001774       0x6c ./Core/Src/stm32f3xx_hal_msp.o
                0x0000000008001774                HAL_TIM_MspPostInit
 .text.HAL_UART_MspInit
                0x00000000080017e0       0x98 ./Core/Src/stm32f3xx_hal_msp.o
                0x00000000080017e0                HAL_UART_MspInit
 .text.HAL_PCD_MspInit
                0x0000000008001878       0x88 ./Core/Src/stm32f3xx_hal_msp.o
                0x0000000008001878                HAL_PCD_MspInit
 .text.PWM_Start
                0x0000000008001900       0x20 ./Core/Src/stm32f3xx_it.o
                0x0000000008001900                PWM_Start
 .text.PWM_Change_Tone
                0x0000000008001920      0x168 ./Core/Src/stm32f3xx_it.o
                0x0000000008001920                PWM_Change_Tone
 .text.Change_Melody
                0x0000000008001a88       0x38 ./Core/Src/stm32f3xx_it.o
                0x0000000008001a88                Change_Melody
 .text.Update_Melody
                0x0000000008001ac0       0x9c ./Core/Src/stm32f3xx_it.o
                0x0000000008001ac0                Update_Melody
 .text.NMI_Handler
                0x0000000008001b5c        0x6 ./Core/Src/stm32f3xx_it.o
                0x0000000008001b5c                NMI_Handler
 .text.HardFault_Handler
                0x0000000008001b62        0x6 ./Core/Src/stm32f3xx_it.o
                0x0000000008001b62                HardFault_Handler
 .text.MemManage_Handler
                0x0000000008001b68        0x6 ./Core/Src/stm32f3xx_it.o
                0x0000000008001b68                MemManage_Handler
 .text.BusFault_Handler
                0x0000000008001b6e        0x6 ./Core/Src/stm32f3xx_it.o
                0x0000000008001b6e                BusFault_Handler
 .text.UsageFault_Handler
                0x0000000008001b74        0x6 ./Core/Src/stm32f3xx_it.o
                0x0000000008001b74                UsageFault_Handler
 .text.SVC_Handler
                0x0000000008001b7a        0xe ./Core/Src/stm32f3xx_it.o
                0x0000000008001b7a                SVC_Handler
 .text.DebugMon_Handler
                0x0000000008001b88        0xe ./Core/Src/stm32f3xx_it.o
                0x0000000008001b88                DebugMon_Handler
 .text.PendSV_Handler
                0x0000000008001b96        0xe ./Core/Src/stm32f3xx_it.o
                0x0000000008001b96                PendSV_Handler
 .text.SysTick_Handler
                0x0000000008001ba4       0x10 ./Core/Src/stm32f3xx_it.o
                0x0000000008001ba4                SysTick_Handler
 .text.EXTI0_IRQHandler
                0x0000000008001bb4       0x2c ./Core/Src/stm32f3xx_it.o
                0x0000000008001bb4                EXTI0_IRQHandler
 .text.EXTI1_IRQHandler
                0x0000000008001be0        0xe ./Core/Src/stm32f3xx_it.o
                0x0000000008001be0                EXTI1_IRQHandler
 .text.EXTI2_TSC_IRQHandler
                0x0000000008001bee        0xe ./Core/Src/stm32f3xx_it.o
                0x0000000008001bee                EXTI2_TSC_IRQHandler
 .text.EXTI3_IRQHandler
                0x0000000008001bfc        0xe ./Core/Src/stm32f3xx_it.o
                0x0000000008001bfc                EXTI3_IRQHandler
 *fill*         0x0000000008001c0a        0x2 
 .text.ADC1_2_IRQHandler
                0x0000000008001c0c       0x14 ./Core/Src/stm32f3xx_it.o
                0x0000000008001c0c                ADC1_2_IRQHandler
 .text.TIM1_UP_TIM16_IRQHandler
                0x0000000008001c20       0x14 ./Core/Src/stm32f3xx_it.o
                0x0000000008001c20                TIM1_UP_TIM16_IRQHandler
 .text.USART1_IRQHandler
                0x0000000008001c34       0x14 ./Core/Src/stm32f3xx_it.o
                0x0000000008001c34                USART1_IRQHandler
 .text._sbrk    0x0000000008001c48       0x6c ./Core/Src/sysmem.o
                0x0000000008001c48                _sbrk
 .text.SystemInit
                0x0000000008001cb4       0x24 ./Core/Src/system_stm32f3xx.o
                0x0000000008001cb4                SystemInit
 .text.Reset_Handler
                0x0000000008001cd8       0x50 ./Core/Startup/startup_stm32f303vctx.o
                0x0000000008001cd8                Reset_Handler
 .text.Default_Handler
                0x0000000008001d28        0x2 ./Core/Startup/startup_stm32f303vctx.o
                0x0000000008001d28                RTC_Alarm_IRQHandler
                0x0000000008001d28                TIM8_TRG_COM_IRQHandler
                0x0000000008001d28                TIM8_CC_IRQHandler
                0x0000000008001d28                TIM1_CC_IRQHandler
                0x0000000008001d28                USB_HP_IRQHandler
                0x0000000008001d28                PVD_IRQHandler
                0x0000000008001d28                TAMP_STAMP_IRQHandler
                0x0000000008001d28                USB_HP_CAN_TX_IRQHandler
                0x0000000008001d28                I2C2_EV_IRQHandler
                0x0000000008001d28                FPU_IRQHandler
                0x0000000008001d28                SPI1_IRQHandler
                0x0000000008001d28                CAN_SCE_IRQHandler
                0x0000000008001d28                TIM6_DAC_IRQHandler
                0x0000000008001d28                TIM8_UP_IRQHandler
                0x0000000008001d28                DMA2_Channel2_IRQHandler
                0x0000000008001d28                DMA1_Channel4_IRQHandler
                0x0000000008001d28                USART3_IRQHandler
                0x0000000008001d28                DMA1_Channel7_IRQHandler
                0x0000000008001d28                UART5_IRQHandler
                0x0000000008001d28                ADC3_IRQHandler
                0x0000000008001d28                TIM4_IRQHandler
                0x0000000008001d28                CAN_RX1_IRQHandler
                0x0000000008001d28                DMA2_Channel1_IRQHandler
                0x0000000008001d28                I2C1_EV_IRQHandler
                0x0000000008001d28                DMA1_Channel6_IRQHandler
                0x0000000008001d28                UART4_IRQHandler
                0x0000000008001d28                DMA2_Channel4_IRQHandler
                0x0000000008001d28                TIM3_IRQHandler
                0x0000000008001d28                RCC_IRQHandler
                0x0000000008001d28                DMA1_Channel1_IRQHandler
                0x0000000008001d28                Default_Handler
                0x0000000008001d28                USBWakeUp_RMP_IRQHandler
                0x0000000008001d28                EXTI15_10_IRQHandler
                0x0000000008001d28                TIM7_IRQHandler
                0x0000000008001d28                EXTI9_5_IRQHandler
                0x0000000008001d28                RTC_WKUP_IRQHandler
                0x0000000008001d28                SPI2_IRQHandler
                0x0000000008001d28                USB_LP_CAN_RX0_IRQHandler
                0x0000000008001d28                DMA2_Channel5_IRQHandler
                0x0000000008001d28                DMA1_Channel5_IRQHandler
                0x0000000008001d28                USB_LP_IRQHandler
                0x0000000008001d28                EXTI4_IRQHandler
                0x0000000008001d28                TIM1_TRG_COM_TIM17_IRQHandler
                0x0000000008001d28                DMA1_Channel3_IRQHandler
                0x0000000008001d28                ADC4_IRQHandler
                0x0000000008001d28                WWDG_IRQHandler
                0x0000000008001d28                TIM2_IRQHandler
                0x0000000008001d28                COMP7_IRQHandler
                0x0000000008001d28                COMP1_2_3_IRQHandler
                0x0000000008001d28                USART2_IRQHandler
                0x0000000008001d28                COMP4_5_6_IRQHandler
                0x0000000008001d28                I2C2_ER_IRQHandler
                0x0000000008001d28                DMA1_Channel2_IRQHandler
                0x0000000008001d28                TIM8_BRK_IRQHandler
                0x0000000008001d28                FLASH_IRQHandler
                0x0000000008001d28                SPI3_IRQHandler
                0x0000000008001d28                I2C1_ER_IRQHandler
                0x0000000008001d28                USBWakeUp_IRQHandler
                0x0000000008001d28                DMA2_Channel3_IRQHandler
                0x0000000008001d28                TIM1_BRK_TIM15_IRQHandler
 *fill*         0x0000000008001d2a        0x2 
 .text.HAL_Init
                0x0000000008001d2c       0x2c ./Drivers/STM32F3xx_HAL_Driver/Src/stm32f3xx_hal.o
                0x0000000008001d2c                HAL_Init
 .text.HAL_InitTick
                0x0000000008001d58       0x60 ./Drivers/STM32F3xx_HAL_Driver/Src/stm32f3xx_hal.o
                0x0000000008001d58                HAL_InitTick
 .text.HAL_IncTick
                0x0000000008001db8       0x28 ./Drivers/STM32F3xx_HAL_Driver/Src/stm32f3xx_hal.o
                0x0000000008001db8                HAL_IncTick
 .text.HAL_GetTick
                0x0000000008001de0       0x18 ./Drivers/STM32F3xx_HAL_Driver/Src/stm32f3xx_hal.o
                0x0000000008001de0                HAL_GetTick
 .text.HAL_ADC_LevelOutOfWindowCallback
                0x0000000008001df8       0x14 ./Drivers/STM32F3xx_HAL_Driver/Src/stm32f3xx_hal_adc.o
                0x0000000008001df8                HAL_ADC_LevelOutOfWindowCallback
 .text.HAL_ADC_ErrorCallback
                0x0000000008001e0c       0x14 ./Drivers/STM32F3xx_HAL_Driver/Src/stm32f3xx_hal_adc.o
                0x0000000008001e0c                HAL_ADC_ErrorCallback
 .text.HAL_ADC_Init
                0x0000000008001e20      0x3c0 ./Drivers/STM32F3xx_HAL_Driver/Src/stm32f3xx_hal_adc_ex.o
                0x0000000008001e20                HAL_ADC_Init
 .text.HAL_ADC_Start_IT
                0x00000000080021e0      0x280 ./Drivers/STM32F3xx_HAL_Driver/Src/stm32f3xx_hal_adc_ex.o
                0x00000000080021e0                HAL_ADC_Start_IT
 .text.HAL_ADC_GetValue
                0x0000000008002460       0x1a ./Drivers/STM32F3xx_HAL_Driver/Src/stm32f3xx_hal_adc_ex.o
                0x0000000008002460                HAL_ADC_GetValue
 *fill*         0x000000000800247a        0x2 
 .text.HAL_ADC_IRQHandler
                0x000000000800247c      0x5cc ./Drivers/STM32F3xx_HAL_Driver/Src/stm32f3xx_hal_adc_ex.o
                0x000000000800247c                HAL_ADC_IRQHandler
 .text.HAL_ADCEx_InjectedConvCpltCallback
                0x0000000008002a48       0x14 ./Drivers/STM32F3xx_HAL_Driver/Src/stm32f3xx_hal_adc_ex.o
                0x0000000008002a48                HAL_ADCEx_InjectedConvCpltCallback
 .text.HAL_ADCEx_InjectedQueueOverflowCallback
                0x0000000008002a5c       0x14 ./Drivers/STM32F3xx_HAL_Driver/Src/stm32f3xx_hal_adc_ex.o
                0x0000000008002a5c                HAL_ADCEx_InjectedQueueOverflowCallback
 .text.HAL_ADCEx_LevelOutOfWindow2Callback
                0x0000000008002a70       0x14 ./Drivers/STM32F3xx_HAL_Driver/Src/stm32f3xx_hal_adc_ex.o
                0x0000000008002a70                HAL_ADCEx_LevelOutOfWindow2Callback
 .text.HAL_ADCEx_LevelOutOfWindow3Callback
                0x0000000008002a84       0x14 ./Drivers/STM32F3xx_HAL_Driver/Src/stm32f3xx_hal_adc_ex.o
                0x0000000008002a84                HAL_ADCEx_LevelOutOfWindow3Callback
 .text.HAL_ADC_ConfigChannel
                0x0000000008002a98      0x5d8 ./Drivers/STM32F3xx_HAL_Driver/Src/stm32f3xx_hal_adc_ex.o
                0x0000000008002a98                HAL_ADC_ConfigChannel
 .text.HAL_ADCEx_MultiModeConfigChannel
                0x0000000008003070      0x1e4 ./Drivers/STM32F3xx_HAL_Driver/Src/stm32f3xx_hal_adc_ex.o
                0x0000000008003070                HAL_ADCEx_MultiModeConfigChannel
 .text.ADC_Enable
                0x0000000008003254       0xc8 ./Drivers/STM32F3xx_HAL_Driver/Src/stm32f3xx_hal_adc_ex.o
 .text.ADC_Disable
                0x000000000800331c       0xcc ./Drivers/STM32F3xx_HAL_Driver/Src/stm32f3xx_hal_adc_ex.o
 .text.__NVIC_SetPriorityGrouping
                0x00000000080033e8       0x48 ./Drivers/STM32F3xx_HAL_Driver/Src/stm32f3xx_hal_cortex.o
 .text.__NVIC_GetPriorityGrouping
                0x0000000008003430       0x1c ./Drivers/STM32F3xx_HAL_Driver/Src/stm32f3xx_hal_cortex.o
 .text.__NVIC_EnableIRQ
                0x000000000800344c       0x3c ./Drivers/STM32F3xx_HAL_Driver/Src/stm32f3xx_hal_cortex.o
 .text.__NVIC_SetPriority
                0x0000000008003488       0x54 ./Drivers/STM32F3xx_HAL_Driver/Src/stm32f3xx_hal_cortex.o
 .text.NVIC_EncodePriority
                0x00000000080034dc       0x66 ./Drivers/STM32F3xx_HAL_Driver/Src/stm32f3xx_hal_cortex.o
 *fill*         0x0000000008003542        0x2 
 .text.SysTick_Config
                0x0000000008003544       0x44 ./Drivers/STM32F3xx_HAL_Driver/Src/stm32f3xx_hal_cortex.o
 .text.HAL_NVIC_SetPriorityGrouping
                0x0000000008003588       0x16 ./Drivers/STM32F3xx_HAL_Driver/Src/stm32f3xx_hal_cortex.o
                0x0000000008003588                HAL_NVIC_SetPriorityGrouping
 .text.HAL_NVIC_SetPriority
                0x000000000800359e       0x38 ./Drivers/STM32F3xx_HAL_Driver/Src/stm32f3xx_hal_cortex.o
                0x000000000800359e                HAL_NVIC_SetPriority
 .text.HAL_NVIC_EnableIRQ
                0x00000000080035d6       0x1c ./Drivers/STM32F3xx_HAL_Driver/Src/stm32f3xx_hal_cortex.o
                0x00000000080035d6                HAL_NVIC_EnableIRQ
 .text.HAL_SYSTICK_Config
                0x00000000080035f2       0x18 ./Drivers/STM32F3xx_HAL_Driver/Src/stm32f3xx_hal_cortex.o
                0x00000000080035f2                HAL_SYSTICK_Config
 .text.HAL_DMA_Abort
                0x000000000800360a       0x72 ./Drivers/STM32F3xx_HAL_Driver/Src/stm32f3xx_hal_dma.o
                0x000000000800360a                HAL_DMA_Abort
 .text.HAL_DMA_Abort_IT
                0x000000000800367c       0x7c ./Drivers/STM32F3xx_HAL_Driver/Src/stm32f3xx_hal_dma.o
                0x000000000800367c                HAL_DMA_Abort_IT
 .text.HAL_GPIO_Init
                0x00000000080036f8      0x2f4 ./Drivers/STM32F3xx_HAL_Driver/Src/stm32f3xx_hal_gpio.o
                0x00000000080036f8                HAL_GPIO_Init
 .text.HAL_GPIO_WritePin
                0x00000000080039ec       0x30 ./Drivers/STM32F3xx_HAL_Driver/Src/stm32f3xx_hal_gpio.o
                0x00000000080039ec                HAL_GPIO_WritePin
 .text.HAL_GPIO_EXTI_IRQHandler
                0x0000000008003a1c       0x30 ./Drivers/STM32F3xx_HAL_Driver/Src/stm32f3xx_hal_gpio.o
                0x0000000008003a1c                HAL_GPIO_EXTI_IRQHandler
 .text.HAL_I2C_Init
                0x0000000008003a4c      0x11e ./Drivers/STM32F3xx_HAL_Driver/Src/stm32f3xx_hal_i2c.o
                0x0000000008003a4c                HAL_I2C_Init
 .text.HAL_I2CEx_ConfigAnalogFilter
                0x0000000008003b6a       0x96 ./Drivers/STM32F3xx_HAL_Driver/Src/stm32f3xx_hal_i2c_ex.o
                0x0000000008003b6a                HAL_I2CEx_ConfigAnalogFilter
 .text.HAL_I2CEx_ConfigDigitalFilter
                0x0000000008003c00       0x98 ./Drivers/STM32F3xx_HAL_Driver/Src/stm32f3xx_hal_i2c_ex.o
                0x0000000008003c00                HAL_I2CEx_ConfigDigitalFilter
 .text.HAL_PCD_Init
                0x0000000008003c98      0x1a4 ./Drivers/STM32F3xx_HAL_Driver/Src/stm32f3xx_hal_pcd.o
                0x0000000008003c98                HAL_PCD_Init
 .text.HAL_RCC_OscConfig
                0x0000000008003e3c     0x107c ./Drivers/STM32F3xx_HAL_Driver/Src/stm32f3xx_hal_rcc.o
                0x0000000008003e3c                HAL_RCC_OscConfig
 .text.HAL_RCC_ClockConfig
                0x0000000008004eb8      0x2f8 ./Drivers/STM32F3xx_HAL_Driver/Src/stm32f3xx_hal_rcc.o
                0x0000000008004eb8                HAL_RCC_ClockConfig
 .text.HAL_RCC_GetSysClockFreq
                0x00000000080051b0       0xd4 ./Drivers/STM32F3xx_HAL_Driver/Src/stm32f3xx_hal_rcc.o
                0x00000000080051b0                HAL_RCC_GetSysClockFreq
 .text.HAL_RCC_GetHCLKFreq
                0x0000000008005284       0x18 ./Drivers/STM32F3xx_HAL_Driver/Src/stm32f3xx_hal_rcc.o
                0x0000000008005284                HAL_RCC_GetHCLKFreq
 .text.HAL_RCC_GetPCLK1Freq
                0x000000000800529c       0x44 ./Drivers/STM32F3xx_HAL_Driver/Src/stm32f3xx_hal_rcc.o
                0x000000000800529c                HAL_RCC_GetPCLK1Freq
 .text.HAL_RCC_GetPCLK2Freq
                0x00000000080052e0       0x44 ./Drivers/STM32F3xx_HAL_Driver/Src/stm32f3xx_hal_rcc.o
                0x00000000080052e0                HAL_RCC_GetPCLK2Freq
 .text.HAL_RCCEx_PeriphCLKConfig
                0x0000000008005324      0x360 ./Drivers/STM32F3xx_HAL_Driver/Src/stm32f3xx_hal_rcc_ex.o
                0x0000000008005324                HAL_RCCEx_PeriphCLKConfig
 .text.HAL_SPI_Init
                0x0000000008005684      0x156 ./Drivers/STM32F3xx_HAL_Driver/Src/stm32f3xx_hal_spi.o
                0x0000000008005684                HAL_SPI_Init
 .text.HAL_TIM_Base_Init
                0x00000000080057da       0xae ./Drivers/STM32F3xx_HAL_Driver/Src/stm32f3xx_hal_tim.o
                0x00000000080057da                HAL_TIM_Base_Init
 .text.HAL_TIM_Base_Start_IT
                0x0000000008005888       0xd4 ./Drivers/STM32F3xx_HAL_Driver/Src/stm32f3xx_hal_tim.o
                0x0000000008005888                HAL_TIM_Base_Start_IT
 .text.HAL_TIM_PWM_Init
                0x000000000800595c       0xae ./Drivers/STM32F3xx_HAL_Driver/Src/stm32f3xx_hal_tim.o
                0x000000000800595c                HAL_TIM_PWM_Init
 .text.HAL_TIM_PWM_MspInit
                0x0000000008005a0a       0x14 ./Drivers/STM32F3xx_HAL_Driver/Src/stm32f3xx_hal_tim.o
                0x0000000008005a0a                HAL_TIM_PWM_MspInit
 *fill*         0x0000000008005a1e        0x2 
 .text.HAL_TIM_PWM_Start
                0x0000000008005a20      0x200 ./Drivers/STM32F3xx_HAL_Driver/Src/stm32f3xx_hal_tim.o
                0x0000000008005a20                HAL_TIM_PWM_Start
 .text.HAL_TIM_IRQHandler
                0x0000000008005c20      0x23e ./Drivers/STM32F3xx_HAL_Driver/Src/stm32f3xx_hal_tim.o
                0x0000000008005c20                HAL_TIM_IRQHandler
 *fill*         0x0000000008005e5e        0x2 
 .text.HAL_TIM_PWM_ConfigChannel
                0x0000000008005e60      0x228 ./Drivers/STM32F3xx_HAL_Driver/Src/stm32f3xx_hal_tim.o
                0x0000000008005e60                HAL_TIM_PWM_ConfigChannel
 .text.HAL_TIM_ConfigClockSource
                0x0000000008006088      0x192 ./Drivers/STM32F3xx_HAL_Driver/Src/stm32f3xx_hal_tim.o
                0x0000000008006088                HAL_TIM_ConfigClockSource
 .text.HAL_TIM_OC_DelayElapsedCallback
                0x000000000800621a       0x14 ./Drivers/STM32F3xx_HAL_Driver/Src/stm32f3xx_hal_tim.o
                0x000000000800621a                HAL_TIM_OC_DelayElapsedCallback
 .text.HAL_TIM_IC_CaptureCallback
                0x000000000800622e       0x14 ./Drivers/STM32F3xx_HAL_Driver/Src/stm32f3xx_hal_tim.o
                0x000000000800622e                HAL_TIM_IC_CaptureCallback
 .text.HAL_TIM_PWM_PulseFinishedCallback
                0x0000000008006242       0x14 ./Drivers/STM32F3xx_HAL_Driver/Src/stm32f3xx_hal_tim.o
                0x0000000008006242                HAL_TIM_PWM_PulseFinishedCallback
 .text.HAL_TIM_TriggerCallback
                0x0000000008006256       0x14 ./Drivers/STM32F3xx_HAL_Driver/Src/stm32f3xx_hal_tim.o
                0x0000000008006256                HAL_TIM_TriggerCallback
 *fill*         0x000000000800626a        0x2 
 .text.TIM_Base_SetConfig
                0x000000000800626c      0x120 ./Drivers/STM32F3xx_HAL_Driver/Src/stm32f3xx_hal_tim.o
                0x000000000800626c                TIM_Base_SetConfig
 .text.TIM_OC1_SetConfig
                0x000000000800638c      0x120 ./Drivers/STM32F3xx_HAL_Driver/Src/stm32f3xx_hal_tim.o
 .text.TIM_OC2_SetConfig
                0x00000000080064ac      0x114 ./Drivers/STM32F3xx_HAL_Driver/Src/stm32f3xx_hal_tim.o
                0x00000000080064ac                TIM_OC2_SetConfig
 .text.TIM_OC3_SetConfig
                0x00000000080065c0      0x110 ./Drivers/STM32F3xx_HAL_Driver/Src/stm32f3xx_hal_tim.o
 .text.TIM_OC4_SetConfig
                0x00000000080066d0       0xd4 ./Drivers/STM32F3xx_HAL_Driver/Src/stm32f3xx_hal_tim.o
 .text.TIM_OC5_SetConfig
                0x00000000080067a4       0xc8 ./Drivers/STM32F3xx_HAL_Driver/Src/stm32f3xx_hal_tim.o
 .text.TIM_OC6_SetConfig
                0x000000000800686c       0xcc ./Drivers/STM32F3xx_HAL_Driver/Src/stm32f3xx_hal_tim.o
 .text.TIM_TI1_ConfigInputStage
                0x0000000008006938       0x5e ./Drivers/STM32F3xx_HAL_Driver/Src/stm32f3xx_hal_tim.o
 .text.TIM_TI2_ConfigInputStage
                0x0000000008006996       0x60 ./Drivers/STM32F3xx_HAL_Driver/Src/stm32f3xx_hal_tim.o
 .text.TIM_ITRx_SetConfig
                0x00000000080069f6       0x36 ./Drivers/STM32F3xx_HAL_Driver/Src/stm32f3xx_hal_tim.o
 .text.TIM_ETR_SetConfig
                0x0000000008006a2c       0x40 ./Drivers/STM32F3xx_HAL_Driver/Src/stm32f3xx_hal_tim.o
                0x0000000008006a2c                TIM_ETR_SetConfig
 .text.TIM_CCxChannelCmd
                0x0000000008006a6c       0x4a ./Drivers/STM32F3xx_HAL_Driver/Src/stm32f3xx_hal_tim.o
                0x0000000008006a6c                TIM_CCxChannelCmd
 *fill*         0x0000000008006ab6        0x2 
 .text.HAL_TIMEx_MasterConfigSynchronization
                0x0000000008006ab8      0x100 ./Drivers/STM32F3xx_HAL_Driver/Src/stm32f3xx_hal_tim_ex.o
                0x0000000008006ab8                HAL_TIMEx_MasterConfigSynchronization
 .text.HAL_TIMEx_CommutCallback
                0x0000000008006bb8       0x14 ./Drivers/STM32F3xx_HAL_Driver/Src/stm32f3xx_hal_tim_ex.o
                0x0000000008006bb8                HAL_TIMEx_CommutCallback
 .text.HAL_TIMEx_BreakCallback
                0x0000000008006bcc       0x14 ./Drivers/STM32F3xx_HAL_Driver/Src/stm32f3xx_hal_tim_ex.o
                0x0000000008006bcc                HAL_TIMEx_BreakCallback
 .text.HAL_TIMEx_Break2Callback
                0x0000000008006be0       0x14 ./Drivers/STM32F3xx_HAL_Driver/Src/stm32f3xx_hal_tim_ex.o
                0x0000000008006be0                HAL_TIMEx_Break2Callback
 .text.HAL_UART_Init
                0x0000000008006bf4       0x9c ./Drivers/STM32F3xx_HAL_Driver/Src/stm32f3xx_hal_uart.o
                0x0000000008006bf4                HAL_UART_Init
 .text.HAL_UART_Transmit_IT
                0x0000000008006c90       0xbc ./Drivers/STM32F3xx_HAL_Driver/Src/stm32f3xx_hal_uart.o
                0x0000000008006c90                HAL_UART_Transmit_IT
 .text.HAL_UART_Receive_IT
                0x0000000008006d4c       0x88 ./Drivers/STM32F3xx_HAL_Driver/Src/stm32f3xx_hal_uart.o
                0x0000000008006d4c                HAL_UART_Receive_IT
 .text.HAL_UART_IRQHandler
                0x0000000008006dd4      0x5cc ./Drivers/STM32F3xx_HAL_Driver/Src/stm32f3xx_hal_uart.o
                0x0000000008006dd4                HAL_UART_IRQHandler
 .text.HAL_UART_TxCpltCallback
                0x00000000080073a0       0x14 ./Drivers/STM32F3xx_HAL_Driver/Src/stm32f3xx_hal_uart.o
                0x00000000080073a0                HAL_UART_TxCpltCallback
 .text.HAL_UART_ErrorCallback
                0x00000000080073b4       0x14 ./Drivers/STM32F3xx_HAL_Driver/Src/stm32f3xx_hal_uart.o
                0x00000000080073b4                HAL_UART_ErrorCallback
 .text.HAL_UARTEx_RxEventCallback
                0x00000000080073c8       0x18 ./Drivers/STM32F3xx_HAL_Driver/Src/stm32f3xx_hal_uart.o
                0x00000000080073c8                HAL_UARTEx_RxEventCallback
 .text.UART_SetConfig
                0x00000000080073e0      0x3a8 ./Drivers/STM32F3xx_HAL_Driver/Src/stm32f3xx_hal_uart.o
                0x00000000080073e0                UART_SetConfig
 .text.UART_AdvFeatureConfig
                0x0000000008007788      0x144 ./Drivers/STM32F3xx_HAL_Driver/Src/stm32f3xx_hal_uart.o
                0x0000000008007788                UART_AdvFeatureConfig
 .text.UART_CheckIdleState
                0x00000000080078cc      0x150 ./Drivers/STM32F3xx_HAL_Driver/Src/stm32f3xx_hal_uart.o
                0x00000000080078cc                UART_CheckIdleState
 .text.UART_WaitOnFlagUntilTimeout
                0x0000000008007a1c       0xce ./Drivers/STM32F3xx_HAL_Driver/Src/stm32f3xx_hal_uart.o
                0x0000000008007a1c                UART_WaitOnFlagUntilTimeout
 *fill*         0x0000000008007aea        0x2 
 .text.UART_Start_Receive_IT
                0x0000000008007aec      0x168 ./Drivers/STM32F3xx_HAL_Driver/Src/stm32f3xx_hal_uart.o
                0x0000000008007aec                UART_Start_Receive_IT
 .text.UART_EndRxTransfer
                0x0000000008007c54       0xc8 ./Drivers/STM32F3xx_HAL_Driver/Src/stm32f3xx_hal_uart.o
 .text.UART_DMAAbortOnError
                0x0000000008007d1c       0x2c ./Drivers/STM32F3xx_HAL_Driver/Src/stm32f3xx_hal_uart.o
 .text.UART_TxISR_8BIT
                0x0000000008007d48       0xb8 ./Drivers/STM32F3xx_HAL_Driver/Src/stm32f3xx_hal_uart.o
 .text.UART_TxISR_16BIT
                0x0000000008007e00       0xc0 ./Drivers/STM32F3xx_HAL_Driver/Src/stm32f3xx_hal_uart.o
 .text.UART_EndTransmit_IT
                0x0000000008007ec0       0x54 ./Drivers/STM32F3xx_HAL_Driver/Src/stm32f3xx_hal_uart.o
 .text.UART_RxISR_8BIT
                0x0000000008007f14      0x1a8 ./Drivers/STM32F3xx_HAL_Driver/Src/stm32f3xx_hal_uart.o
 .text.UART_RxISR_16BIT
                0x00000000080080bc      0x1a8 ./Drivers/STM32F3xx_HAL_Driver/Src/stm32f3xx_hal_uart.o
 .text.HAL_UARTEx_WakeupCallback
                0x0000000008008264       0x14 ./Drivers/STM32F3xx_HAL_Driver/Src/stm32f3xx_hal_uart_ex.o
                0x0000000008008264                HAL_UARTEx_WakeupCallback
 .text.USB_DisableGlobalInt
                0x0000000008008278       0x36 ./Drivers/STM32F3xx_HAL_Driver/Src/stm32f3xx_ll_usb.o
                0x0000000008008278                USB_DisableGlobalInt
 .text.USB_DevInit
                0x00000000080082ae       0x42 ./Drivers/STM32F3xx_HAL_Driver/Src/stm32f3xx_ll_usb.o
                0x00000000080082ae                USB_DevInit
 .text.__errno  0x00000000080082f0        0xc a:/stm32cubeide_1.11.2/stm32cubeide/plugins/com.st.stm32cube.ide.mcu.externaltools.gnu-tools-for-stm32.10.3-2021.10.win32_1.0.100.202210260954/tools/bin/../lib/gcc/arm-none-eabi/10.3.1/../../../../arm-none-eabi/lib/thumb/v7e-m+fp/hard\libc_nano.a(lib_a-errno.o)
                0x00000000080082f0                __errno
 .text.__libc_init_array
                0x00000000080082fc       0x48 a:/stm32cubeide_1.11.2/stm32cubeide/plugins/com.st.stm32cube.ide.mcu.externaltools.gnu-tools-for-stm32.10.3-2021.10.win32_1.0.100.202210260954/tools/bin/../lib/gcc/arm-none-eabi/10.3.1/../../../../arm-none-eabi/lib/thumb/v7e-m+fp/hard\libc_nano.a(lib_a-init.o)
                0x00000000080082fc                __libc_init_array
 .text.malloc   0x0000000008008344       0x10 a:/stm32cubeide_1.11.2/stm32cubeide/plugins/com.st.stm32cube.ide.mcu.externaltools.gnu-tools-for-stm32.10.3-2021.10.win32_1.0.100.202210260954/tools/bin/../lib/gcc/arm-none-eabi/10.3.1/../../../../arm-none-eabi/lib/thumb/v7e-m+fp/hard\libc_nano.a(lib_a-malloc.o)
                0x0000000008008344                malloc
 .text.memcpy   0x0000000008008354       0x1c a:/stm32cubeide_1.11.2/stm32cubeide/plugins/com.st.stm32cube.ide.mcu.externaltools.gnu-tools-for-stm32.10.3-2021.10.win32_1.0.100.202210260954/tools/bin/../lib/gcc/arm-none-eabi/10.3.1/../../../../arm-none-eabi/lib/thumb/v7e-m+fp/hard\libc_nano.a(lib_a-memcpy-stub.o)
                0x0000000008008354                memcpy
 .text.memset   0x0000000008008370       0x10 a:/stm32cubeide_1.11.2/stm32cubeide/plugins/com.st.stm32cube.ide.mcu.externaltools.gnu-tools-for-stm32.10.3-2021.10.win32_1.0.100.202210260954/tools/bin/../lib/gcc/arm-none-eabi/10.3.1/../../../../arm-none-eabi/lib/thumb/v7e-m+fp/hard\libc_nano.a(lib_a-memset.o)
                0x0000000008008370                memset
 .text.sbrk_aligned
                0x0000000008008380       0x40 a:/stm32cubeide_1.11.2/stm32cubeide/plugins/com.st.stm32cube.ide.mcu.externaltools.gnu-tools-for-stm32.10.3-2021.10.win32_1.0.100.202210260954/tools/bin/../lib/gcc/arm-none-eabi/10.3.1/../../../../arm-none-eabi/lib/thumb/v7e-m+fp/hard\libc_nano.a(lib_a-nano-mallocr.o)
 .text._malloc_r
                0x00000000080083c0       0xe8 a:/stm32cubeide_1.11.2/stm32cubeide/plugins/com.st.stm32cube.ide.mcu.externaltools.gnu-tools-for-stm32.10.3-2021.10.win32_1.0.100.202210260954/tools/bin/../lib/gcc/arm-none-eabi/10.3.1/../../../../arm-none-eabi/lib/thumb/v7e-m+fp/hard\libc_nano.a(lib_a-nano-mallocr.o)
                0x00000000080083c0                _malloc_r
 .text._sbrk_r  0x00000000080084a8       0x20 a:/stm32cubeide_1.11.2/stm32cubeide/plugins/com.st.stm32cube.ide.mcu.externaltools.gnu-tools-for-stm32.10.3-2021.10.win32_1.0.100.202210260954/tools/bin/../lib/gcc/arm-none-eabi/10.3.1/../../../../arm-none-eabi/lib/thumb/v7e-m+fp/hard\libc_nano.a(lib_a-sbrkr.o)
                0x00000000080084a8                _sbrk_r
 .text.strdup   0x00000000080084c8       0x10 a:/stm32cubeide_1.11.2/stm32cubeide/plugins/com.st.stm32cube.ide.mcu.externaltools.gnu-tools-for-stm32.10.3-2021.10.win32_1.0.100.202210260954/tools/bin/../lib/gcc/arm-none-eabi/10.3.1/../../../../arm-none-eabi/lib/thumb/v7e-m+fp/hard\libc_nano.a(lib_a-strdup.o)
                0x00000000080084c8                strdup
 .text._strdup_r
                0x00000000080084d8       0x2a a:/stm32cubeide_1.11.2/stm32cubeide/plugins/com.st.stm32cube.ide.mcu.externaltools.gnu-tools-for-stm32.10.3-2021.10.win32_1.0.100.202210260954/tools/bin/../lib/gcc/arm-none-eabi/10.3.1/../../../../arm-none-eabi/lib/thumb/v7e-m+fp/hard\libc_nano.a(lib_a-strdup_r.o)
                0x00000000080084d8                _strdup_r
 *fill*         0x0000000008008502        0x2 
 .text.__malloc_lock
                0x0000000008008504        0xc a:/stm32cubeide_1.11.2/stm32cubeide/plugins/com.st.stm32cube.ide.mcu.externaltools.gnu-tools-for-stm32.10.3-2021.10.win32_1.0.100.202210260954/tools/bin/../lib/gcc/arm-none-eabi/10.3.1/../../../../arm-none-eabi/lib/thumb/v7e-m+fp/hard\libc_nano.a(lib_a-mlock.o)
                0x0000000008008504                __malloc_lock
 .text.__malloc_unlock
                0x0000000008008510        0xc a:/stm32cubeide_1.11.2/stm32cubeide/plugins/com.st.stm32cube.ide.mcu.externaltools.gnu-tools-for-stm32.10.3-2021.10.win32_1.0.100.202210260954/tools/bin/../lib/gcc/arm-none-eabi/10.3.1/../../../../arm-none-eabi/lib/thumb/v7e-m+fp/hard\libc_nano.a(lib_a-mlock.o)
                0x0000000008008510                __malloc_unlock
 .text.__retarget_lock_acquire_recursive
                0x000000000800851c        0x2 a:/stm32cubeide_1.11.2/stm32cubeide/plugins/com.st.stm32cube.ide.mcu.externaltools.gnu-tools-for-stm32.10.3-2021.10.win32_1.0.100.202210260954/tools/bin/../lib/gcc/arm-none-eabi/10.3.1/../../../../arm-none-eabi/lib/thumb/v7e-m+fp/hard\libc_nano.a(lib_a-lock.o)
                0x000000000800851c                __retarget_lock_acquire_recursive
 .text.__retarget_lock_release_recursive
                0x000000000800851e        0x2 a:/stm32cubeide_1.11.2/stm32cubeide/plugins/com.st.stm32cube.ide.mcu.externaltools.gnu-tools-for-stm32.10.3-2021.10.win32_1.0.100.202210260954/tools/bin/../lib/gcc/arm-none-eabi/10.3.1/../../../../arm-none-eabi/lib/thumb/v7e-m+fp/hard\libc_nano.a(lib_a-lock.o)
                0x000000000800851e                __retarget_lock_release_recursive
 *(.glue_7)
 .glue_7        0x0000000008008520        0x0 linker stubs
 *(.glue_7t)
 .glue_7t       0x0000000008008520        0x0 linker stubs
 *(.eh_frame)
 .eh_frame      0x0000000008008520        0x0 a:/stm32cubeide_1.11.2/stm32cubeide/plugins/com.st.stm32cube.ide.mcu.externaltools.gnu-tools-for-stm32.10.3-2021.10.win32_1.0.100.202210260954/tools/bin/../lib/gcc/arm-none-eabi/10.3.1/thumb/v7e-m+fp/hard/crtbegin.o
 *(.init)
 .init          0x0000000008008520        0x4 a:/stm32cubeide_1.11.2/stm32cubeide/plugins/com.st.stm32cube.ide.mcu.externaltools.gnu-tools-for-stm32.10.3-2021.10.win32_1.0.100.202210260954/tools/bin/../lib/gcc/arm-none-eabi/10.3.1/thumb/v7e-m+fp/hard/crti.o
                0x0000000008008520                _init
 .init          0x0000000008008524        0x8 a:/stm32cubeide_1.11.2/stm32cubeide/plugins/com.st.stm32cube.ide.mcu.externaltools.gnu-tools-for-stm32.10.3-2021.10.win32_1.0.100.202210260954/tools/bin/../lib/gcc/arm-none-eabi/10.3.1/thumb/v7e-m+fp/hard/crtn.o
 *(.fini)
 .fini          0x000000000800852c        0x4 a:/stm32cubeide_1.11.2/stm32cubeide/plugins/com.st.stm32cube.ide.mcu.externaltools.gnu-tools-for-stm32.10.3-2021.10.win32_1.0.100.202210260954/tools/bin/../lib/gcc/arm-none-eabi/10.3.1/thumb/v7e-m+fp/hard/crti.o
                0x000000000800852c                _fini
 .fini          0x0000000008008530        0x8 a:/stm32cubeide_1.11.2/stm32cubeide/plugins/com.st.stm32cube.ide.mcu.externaltools.gnu-tools-for-stm32.10.3-2021.10.win32_1.0.100.202210260954/tools/bin/../lib/gcc/arm-none-eabi/10.3.1/thumb/v7e-m+fp/hard/crtn.o
                0x0000000008008538                . = ALIGN (0x4)
                0x0000000008008538                _etext = .

.vfp11_veneer   0x0000000008008538        0x0
 .vfp11_veneer  0x0000000008008538        0x0 linker stubs

.v4_bx          0x0000000008008538        0x0
 .v4_bx         0x0000000008008538        0x0 linker stubs

.iplt           0x0000000008008538        0x0
 .iplt          0x0000000008008538        0x0 a:/stm32cubeide_1.11.2/stm32cubeide/plugins/com.st.stm32cube.ide.mcu.externaltools.gnu-tools-for-stm32.10.3-2021.10.win32_1.0.100.202210260954/tools/bin/../lib/gcc/arm-none-eabi/10.3.1/thumb/v7e-m+fp/hard/crtbegin.o

.rodata         0x0000000008008538     0x2548
                0x0000000008008538                . = ALIGN (0x4)
 *(.rodata)
 .rodata        0x0000000008008538     0x250d ./Core/Src/main.o
 *(.rodata*)
 *fill*         0x000000000800aa45        0x3 
 .rodata.AHBPrescTable
                0x000000000800aa48       0x10 ./Core/Src/system_stm32f3xx.o
                0x000000000800aa48                AHBPrescTable
 .rodata.APBPrescTable
                0x000000000800aa58        0x8 ./Core/Src/system_stm32f3xx.o
                0x000000000800aa58                APBPrescTable
 .rodata.aPLLMULFactorTable
                0x000000000800aa60       0x10 ./Drivers/STM32F3xx_HAL_Driver/Src/stm32f3xx_hal_rcc.o
 .rodata.aPredivFactorTable
                0x000000000800aa70       0x10 ./Drivers/STM32F3xx_HAL_Driver/Src/stm32f3xx_hal_rcc.o
                0x000000000800aa80                . = ALIGN (0x4)

.rel.dyn        0x000000000800aa80        0x0
 .rel.iplt      0x000000000800aa80        0x0 a:/stm32cubeide_1.11.2/stm32cubeide/plugins/com.st.stm32cube.ide.mcu.externaltools.gnu-tools-for-stm32.10.3-2021.10.win32_1.0.100.202210260954/tools/bin/../lib/gcc/arm-none-eabi/10.3.1/thumb/v7e-m+fp/hard/crtbegin.o

.ARM.extab      0x000000000800aa80        0x0
                0x000000000800aa80                . = ALIGN (0x4)
 *(.ARM.extab* .gnu.linkonce.armextab.*)
                0x000000000800aa80                . = ALIGN (0x4)

.ARM            0x000000000800aa80        0x0
                0x000000000800aa80                . = ALIGN (0x4)
                0x000000000800aa80                __exidx_start = .
 *(.ARM.exidx*)
                0x000000000800aa80                __exidx_end = .
                0x000000000800aa80                . = ALIGN (0x4)

.preinit_array  0x000000000800aa80        0x0
                0x000000000800aa80                . = ALIGN (0x4)
                0x000000000800aa80                PROVIDE (__preinit_array_start = .)
 *(.preinit_array*)
                0x000000000800aa80                PROVIDE (__preinit_array_end = .)
                0x000000000800aa80                . = ALIGN (0x4)

.init_array     0x000000000800aa80        0x4
                0x000000000800aa80                . = ALIGN (0x4)
                0x000000000800aa80                PROVIDE (__init_array_start = .)
 *(SORT_BY_NAME(.init_array.*))
 *(.init_array*)
 .init_array    0x000000000800aa80        0x4 a:/stm32cubeide_1.11.2/stm32cubeide/plugins/com.st.stm32cube.ide.mcu.externaltools.gnu-tools-for-stm32.10.3-2021.10.win32_1.0.100.202210260954/tools/bin/../lib/gcc/arm-none-eabi/10.3.1/thumb/v7e-m+fp/hard/crtbegin.o
                0x000000000800aa84                PROVIDE (__init_array_end = .)
                0x000000000800aa84                . = ALIGN (0x4)

.fini_array     0x000000000800aa84        0x4
                0x000000000800aa84                . = ALIGN (0x4)
                [!provide]                        PROVIDE (__fini_array_start = .)
 *(SORT_BY_NAME(.fini_array.*))
 *(.fini_array*)
 .fini_array    0x000000000800aa84        0x4 a:/stm32cubeide_1.11.2/stm32cubeide/plugins/com.st.stm32cube.ide.mcu.externaltools.gnu-tools-for-stm32.10.3-2021.10.win32_1.0.100.202210260954/tools/bin/../lib/gcc/arm-none-eabi/10.3.1/thumb/v7e-m+fp/hard/crtbegin.o
                [!provide]                        PROVIDE (__fini_array_end = .)
                0x000000000800aa88                . = ALIGN (0x4)
                0x000000000800aa88                _sidata = LOADADDR (.data)

.data           0x0000000020000000      0x100 load address 0x000000000800aa88
                0x0000000020000000                . = ALIGN (0x4)
                0x0000000020000000                _sdata = .
 *(.data)
 *(.data*)
 .data.password
                0x0000000020000000       0x10 ./Core/Src/main.o
                0x0000000020000000                password
 .data.logCorrect
                0x0000000020000010       0x13 ./Core/Src/main.o
                0x0000000020000010                logCorrect
 *fill*         0x0000000020000023        0x1 
 .data.logFailed
                0x0000000020000024       0x12 ./Core/Src/main.o
                0x0000000020000024                logFailed
 *fill*         0x0000000020000036        0x2 
 .data.logStatus
                0x0000000020000038        0x4 ./Core/Src/main.o
                0x0000000020000038                logStatus
 .data.alertStatus
                0x000000002000003c        0x4 ./Core/Src/main.o
                0x000000002000003c                alertStatus
 .data.isCorrect
                0x0000000020000040        0x4 ./Core/Src/main.o
                0x0000000020000040                isCorrect
 .data.blink    0x0000000020000044        0x4 ./Core/Src/main.o
                0x0000000020000044                blink
 .data.programState
                0x0000000020000048        0x1 ./Core/Src/main.o
                0x0000000020000048                programState
 *fill*         0x0000000020000049        0x3 
 .data.setPass  0x000000002000004c        0x9 ./Core/Src/main.o
                0x000000002000004c                setPass
 *fill*         0x0000000020000055        0x3 
 .data.logON    0x0000000020000058        0x6 ./Core/Src/main.o
                0x0000000020000058                logON
 *fill*         0x000000002000005e        0x2 
 .data.logOFF   0x0000000020000060        0x7 ./Core/Src/main.o
                0x0000000020000060                logOFF
 *fill*         0x0000000020000067        0x1 
 .data.alertON  0x0000000020000068        0x8 ./Core/Src/main.o
                0x0000000020000068                alertON
 .data.alertOFF
                0x0000000020000070        0x9 ./Core/Src/main.o
                0x0000000020000070                alertOFF
 *fill*         0x0000000020000079        0x3 
 .data.setVolume
                0x000000002000007c        0xb ./Core/Src/main.o
                0x000000002000007c                setVolume
 *fill*         0x0000000020000087        0x1 
 .data.pwm_timer
                0x0000000020000088        0x4 ./Core/Src/stm32f3xx_it.o
                0x0000000020000088                pwm_timer
 .data.volume   0x000000002000008c        0x2 ./Core/Src/stm32f3xx_it.o
                0x000000002000008c                volume
 *fill*         0x000000002000008e        0x2 
 .data.SystemCoreClock
                0x0000000020000090        0x4 ./Core/Src/system_stm32f3xx.o
                0x0000000020000090                SystemCoreClock
 .data.uwTickPrio
                0x0000000020000094        0x4 ./Drivers/STM32F3xx_HAL_Driver/Src/stm32f3xx_hal.o
                0x0000000020000094                uwTickPrio
 .data.uwTickFreq
                0x0000000020000098        0x1 ./Drivers/STM32F3xx_HAL_Driver/Src/stm32f3xx_hal.o
                0x0000000020000098                uwTickFreq
 *fill*         0x0000000020000099        0x3 
 .data._impure_ptr
                0x000000002000009c        0x4 a:/stm32cubeide_1.11.2/stm32cubeide/plugins/com.st.stm32cube.ide.mcu.externaltools.gnu-tools-for-stm32.10.3-2021.10.win32_1.0.100.202210260954/tools/bin/../lib/gcc/arm-none-eabi/10.3.1/../../../../arm-none-eabi/lib/thumb/v7e-m+fp/hard\libc_nano.a(lib_a-impure.o)
                0x000000002000009c                _impure_ptr
 .data.impure_data
                0x00000000200000a0       0x60 a:/stm32cubeide_1.11.2/stm32cubeide/plugins/com.st.stm32cube.ide.mcu.externaltools.gnu-tools-for-stm32.10.3-2021.10.win32_1.0.100.202210260954/tools/bin/../lib/gcc/arm-none-eabi/10.3.1/../../../../arm-none-eabi/lib/thumb/v7e-m+fp/hard\libc_nano.a(lib_a-impure.o)
 *(.RamFunc)
 *(.RamFunc*)
                0x0000000020000100                . = ALIGN (0x4)
                0x0000000020000100                _edata = .
                0x000000000800ab88                _siccmram = LOADADDR (.ccmram)

.igot.plt       0x0000000020000100        0x0 load address 0x000000000800ab88
 .igot.plt      0x0000000020000100        0x0 a:/stm32cubeide_1.11.2/stm32cubeide/plugins/com.st.stm32cube.ide.mcu.externaltools.gnu-tools-for-stm32.10.3-2021.10.win32_1.0.100.202210260954/tools/bin/../lib/gcc/arm-none-eabi/10.3.1/thumb/v7e-m+fp/hard/crtbegin.o

.ccmram         0x0000000010000000        0x0 load address 0x000000000800ab88
                0x0000000010000000                . = ALIGN (0x4)
                0x0000000010000000                _sccmram = .
 *(.ccmram)
 *(.ccmram*)
                0x0000000010000000                . = ALIGN (0x4)
                0x0000000010000000                _eccmram = .
                0x0000000010000000                . = ALIGN (0x4)

.bss            0x0000000020000100      0x65c
                0x0000000020000100                _sbss = .
                0x0000000020000100                __bss_start__ = _sbss
 *(.bss)
 .bss           0x0000000020000100       0x1c a:/stm32cubeide_1.11.2/stm32cubeide/plugins/com.st.stm32cube.ide.mcu.externaltools.gnu-tools-for-stm32.10.3-2021.10.win32_1.0.100.202210260954/tools/bin/../lib/gcc/arm-none-eabi/10.3.1/thumb/v7e-m+fp/hard/crtbegin.o
 *(.bss*)
 .bss.hadc1     0x000000002000011c       0x50 ./Core/Src/main.o
                0x000000002000011c                hadc1
 .bss.hi2c1     0x000000002000016c       0x54 ./Core/Src/main.o
                0x000000002000016c                hi2c1
 .bss.hspi1     0x00000000200001c0       0x64 ./Core/Src/main.o
                0x00000000200001c0                hspi1
 .bss.htim1     0x0000000020000224       0x4c ./Core/Src/main.o
                0x0000000020000224                htim1
 .bss.htim2     0x0000000020000270       0x4c ./Core/Src/main.o
                0x0000000020000270                htim2
 .bss.huart1    0x00000000200002bc       0x88 ./Core/Src/main.o
                0x00000000200002bc                huart1
 .bss.hpcd_USB_FS
                0x0000000020000344      0x2ec ./Core/Src/main.o
                0x0000000020000344                hpcd_USB_FS
 .bss.playlist  0x0000000020000630        0x4 ./Core/Src/main.o
                0x0000000020000630                playlist
 .bss.melody    0x0000000020000634        0x4 ./Core/Src/main.o
                0x0000000020000634                melody
 .bss.led       0x0000000020000638        0x8 ./Core/Src/main.o
                0x0000000020000638                led
 .bss.carrier   0x0000000020000640       0x10 ./Core/Src/main.o
                0x0000000020000640                carrier
 .bss.wrongPassCounter
                0x0000000020000650        0x4 ./Core/Src/main.o
                0x0000000020000650                wrongPassCounter
 .bss.previousMillis
                0x0000000020000654        0x4 ./Core/Src/main.o
                0x0000000020000654                previousMillis
 .bss.currentMillis
                0x0000000020000658        0x4 ./Core/Src/main.o
                0x0000000020000658                currentMillis
 .bss.prevTime  0x000000002000065c        0x4 ./Core/Src/main.o
                0x000000002000065c                prevTime
 .bss.coolDownTimer
                0x0000000020000660        0x4 ./Core/Src/main.o
                0x0000000020000660                coolDownTimer
 .bss.nextTurn  0x0000000020000664        0x4 ./Core/Src/main.o
                0x0000000020000664                nextTurn
 .bss.index     0x0000000020000668        0x4 ./Core/Src/main.o
                0x0000000020000668                index
 .bss.prevEnterTime
                0x000000002000066c        0x4 ./Core/Src/main.o
                0x000000002000066c                prevEnterTime
 .bss.buzzerEnterTime
                0x0000000020000670        0x4 ./Core/Src/main.o
                0x0000000020000670                buzzerEnterTime
 .bss.LED       0x0000000020000674        0x4 ./Core/Src/main.o
                0x0000000020000674                LED
 .bss.digits    0x0000000020000678       0x50 ./Core/Src/main.o
                0x0000000020000678                digits
 .bss.data      0x00000000200006c8       0x64 ./Core/Src/main.o
                0x00000000200006c8                data
 .bss.d         0x000000002000072c        0x1 ./Core/Src/main.o
                0x000000002000072c                d
 .bss.i         0x000000002000072d        0x1 ./Core/Src/main.o
                0x000000002000072d                i
 *fill*         0x000000002000072e        0x2 
 .bss.pwm_channel
                0x0000000020000730        0x4 ./Core/Src/stm32f3xx_it.o
                0x0000000020000730                pwm_channel
 .bss.melody_ptr
                0x0000000020000734        0x4 ./Core/Src/stm32f3xx_it.o
                0x0000000020000734                melody_ptr
 .bss.melody_tone_count
                0x0000000020000738        0x2 ./Core/Src/stm32f3xx_it.o
                0x0000000020000738                melody_tone_count
 .bss.current_tone_number
                0x000000002000073a        0x2 ./Core/Src/stm32f3xx_it.o
                0x000000002000073a                current_tone_number
 .bss.current_tone_end
                0x000000002000073c        0x4 ./Core/Src/stm32f3xx_it.o
                0x000000002000073c                current_tone_end
 .bss.last_button_press
                0x0000000020000740        0x4 ./Core/Src/stm32f3xx_it.o
                0x0000000020000740                last_button_press
 .bss.__sbrk_heap_end
                0x0000000020000744        0x4 ./Core/Src/sysmem.o
 .bss.uwTick    0x0000000020000748        0x4 ./Drivers/STM32F3xx_HAL_Driver/Src/stm32f3xx_hal.o
                0x0000000020000748                uwTick
 .bss.__malloc_free_list
                0x000000002000074c        0x4 a:/stm32cubeide_1.11.2/stm32cubeide/plugins/com.st.stm32cube.ide.mcu.externaltools.gnu-tools-for-stm32.10.3-2021.10.win32_1.0.100.202210260954/tools/bin/../lib/gcc/arm-none-eabi/10.3.1/../../../../arm-none-eabi/lib/thumb/v7e-m+fp/hard\libc_nano.a(lib_a-nano-mallocr.o)
                0x000000002000074c                __malloc_free_list
 .bss.__malloc_sbrk_start
                0x0000000020000750        0x4 a:/stm32cubeide_1.11.2/stm32cubeide/plugins/com.st.stm32cube.ide.mcu.externaltools.gnu-tools-for-stm32.10.3-2021.10.win32_1.0.100.202210260954/tools/bin/../lib/gcc/arm-none-eabi/10.3.1/../../../../arm-none-eabi/lib/thumb/v7e-m+fp/hard\libc_nano.a(lib_a-nano-mallocr.o)
                0x0000000020000750                __malloc_sbrk_start
 .bss.errno     0x0000000020000754        0x4 a:/stm32cubeide_1.11.2/stm32cubeide/plugins/com.st.stm32cube.ide.mcu.externaltools.gnu-tools-for-stm32.10.3-2021.10.win32_1.0.100.202210260954/tools/bin/../lib/gcc/arm-none-eabi/10.3.1/../../../../arm-none-eabi/lib/thumb/v7e-m+fp/hard\libc_nano.a(lib_a-reent.o)
                0x0000000020000754                errno
 .bss.__lock___malloc_recursive_mutex
                0x0000000020000758        0x1 a:/stm32cubeide_1.11.2/stm32cubeide/plugins/com.st.stm32cube.ide.mcu.externaltools.gnu-tools-for-stm32.10.3-2021.10.win32_1.0.100.202210260954/tools/bin/../lib/gcc/arm-none-eabi/10.3.1/../../../../arm-none-eabi/lib/thumb/v7e-m+fp/hard\libc_nano.a(lib_a-lock.o)
                0x0000000020000758                __lock___malloc_recursive_mutex
 *(COMMON)
                0x000000002000075c                . = ALIGN (0x4)
 *fill*         0x0000000020000759        0x3 
                0x000000002000075c                _ebss = .
                0x000000002000075c                __bss_end__ = _ebss

._user_heap_stack
                0x000000002000075c      0x604
                0x0000000020000760                . = ALIGN (0x8)
 *fill*         0x000000002000075c        0x4 
                [!provide]                        PROVIDE (end = .)
                0x0000000020000760                PROVIDE (_end = .)
                0x0000000020000960                . = (. + _Min_Heap_Size)
 *fill*         0x0000000020000760      0x200 
                0x0000000020000d60                . = (. + _Min_Stack_Size)
 *fill*         0x0000000020000960      0x400 
                0x0000000020000d60                . = ALIGN (0x8)

/DISCARD/
 libc.a(*)
 libm.a(*)
 libgcc.a(*)

.ARM.attributes
                0x0000000000000000       0x30
 *(.ARM.attributes)
 .ARM.attributes
                0x0000000000000000       0x1e a:/stm32cubeide_1.11.2/stm32cubeide/plugins/com.st.stm32cube.ide.mcu.externaltools.gnu-tools-for-stm32.10.3-2021.10.win32_1.0.100.202210260954/tools/bin/../lib/gcc/arm-none-eabi/10.3.1/thumb/v7e-m+fp/hard/crti.o
 .ARM.attributes
                0x000000000000001e       0x34 a:/stm32cubeide_1.11.2/stm32cubeide/plugins/com.st.stm32cube.ide.mcu.externaltools.gnu-tools-for-stm32.10.3-2021.10.win32_1.0.100.202210260954/tools/bin/../lib/gcc/arm-none-eabi/10.3.1/thumb/v7e-m+fp/hard/crtbegin.o
 .ARM.attributes
                0x0000000000000052       0x34 ./Core/Src/dictionary.o
 .ARM.attributes
                0x0000000000000086       0x34 ./Core/Src/main.o
 .ARM.attributes
                0x00000000000000ba       0x34 ./Core/Src/stm32f3xx_hal_msp.o
 .ARM.attributes
                0x00000000000000ee       0x34 ./Core/Src/stm32f3xx_it.o
 .ARM.attributes
                0x0000000000000122       0x34 ./Core/Src/sysmem.o
 .ARM.attributes
                0x0000000000000156       0x34 ./Core/Src/system_stm32f3xx.o
 .ARM.attributes
                0x000000000000018a       0x21 ./Core/Startup/startup_stm32f303vctx.o
 .ARM.attributes
                0x00000000000001ab       0x34 ./Drivers/STM32F3xx_HAL_Driver/Src/stm32f3xx_hal.o
 .ARM.attributes
                0x00000000000001df       0x34 ./Drivers/STM32F3xx_HAL_Driver/Src/stm32f3xx_hal_adc.o
 .ARM.attributes
                0x0000000000000213       0x34 ./Drivers/STM32F3xx_HAL_Driver/Src/stm32f3xx_hal_adc_ex.o
 .ARM.attributes
                0x0000000000000247       0x34 ./Drivers/STM32F3xx_HAL_Driver/Src/stm32f3xx_hal_cortex.o
 .ARM.attributes
                0x000000000000027b       0x34 ./Drivers/STM32F3xx_HAL_Driver/Src/stm32f3xx_hal_dma.o
 .ARM.attributes
                0x00000000000002af       0x34 ./Drivers/STM32F3xx_HAL_Driver/Src/stm32f3xx_hal_gpio.o
 .ARM.attributes
                0x00000000000002e3       0x34 ./Drivers/STM32F3xx_HAL_Driver/Src/stm32f3xx_hal_i2c.o
 .ARM.attributes
                0x0000000000000317       0x34 ./Drivers/STM32F3xx_HAL_Driver/Src/stm32f3xx_hal_i2c_ex.o
 .ARM.attributes
                0x000000000000034b       0x34 ./Drivers/STM32F3xx_HAL_Driver/Src/stm32f3xx_hal_pcd.o
 .ARM.attributes
                0x000000000000037f       0x34 ./Drivers/STM32F3xx_HAL_Driver/Src/stm32f3xx_hal_rcc.o
 .ARM.attributes
                0x00000000000003b3       0x34 ./Drivers/STM32F3xx_HAL_Driver/Src/stm32f3xx_hal_rcc_ex.o
 .ARM.attributes
                0x00000000000003e7       0x34 ./Drivers/STM32F3xx_HAL_Driver/Src/stm32f3xx_hal_spi.o
 .ARM.attributes
                0x000000000000041b       0x34 ./Drivers/STM32F3xx_HAL_Driver/Src/stm32f3xx_hal_tim.o
 .ARM.attributes
                0x000000000000044f       0x34 ./Drivers/STM32F3xx_HAL_Driver/Src/stm32f3xx_hal_tim_ex.o
 .ARM.attributes
                0x0000000000000483       0x34 ./Drivers/STM32F3xx_HAL_Driver/Src/stm32f3xx_hal_uart.o
 .ARM.attributes
                0x00000000000004b7       0x34 ./Drivers/STM32F3xx_HAL_Driver/Src/stm32f3xx_hal_uart_ex.o
 .ARM.attributes
                0x00000000000004eb       0x34 ./Drivers/STM32F3xx_HAL_Driver/Src/stm32f3xx_ll_usb.o
 .ARM.attributes
                0x000000000000051f       0x34 a:/stm32cubeide_1.11.2/stm32cubeide/plugins/com.st.stm32cube.ide.mcu.externaltools.gnu-tools-for-stm32.10.3-2021.10.win32_1.0.100.202210260954/tools/bin/../lib/gcc/arm-none-eabi/10.3.1/../../../../arm-none-eabi/lib/thumb/v7e-m+fp/hard\libc_nano.a(lib_a-errno.o)
 .ARM.attributes
                0x0000000000000553       0x34 a:/stm32cubeide_1.11.2/stm32cubeide/plugins/com.st.stm32cube.ide.mcu.externaltools.gnu-tools-for-stm32.10.3-2021.10.win32_1.0.100.202210260954/tools/bin/../lib/gcc/arm-none-eabi/10.3.1/../../../../arm-none-eabi/lib/thumb/v7e-m+fp/hard\libc_nano.a(lib_a-impure.o)
 .ARM.attributes
                0x0000000000000587       0x34 a:/stm32cubeide_1.11.2/stm32cubeide/plugins/com.st.stm32cube.ide.mcu.externaltools.gnu-tools-for-stm32.10.3-2021.10.win32_1.0.100.202210260954/tools/bin/../lib/gcc/arm-none-eabi/10.3.1/../../../../arm-none-eabi/lib/thumb/v7e-m+fp/hard\libc_nano.a(lib_a-init.o)
 .ARM.attributes
                0x00000000000005bb       0x34 a:/stm32cubeide_1.11.2/stm32cubeide/plugins/com.st.stm32cube.ide.mcu.externaltools.gnu-tools-for-stm32.10.3-2021.10.win32_1.0.100.202210260954/tools/bin/../lib/gcc/arm-none-eabi/10.3.1/../../../../arm-none-eabi/lib/thumb/v7e-m+fp/hard\libc_nano.a(lib_a-malloc.o)
 .ARM.attributes
                0x00000000000005ef       0x34 a:/stm32cubeide_1.11.2/stm32cubeide/plugins/com.st.stm32cube.ide.mcu.externaltools.gnu-tools-for-stm32.10.3-2021.10.win32_1.0.100.202210260954/tools/bin/../lib/gcc/arm-none-eabi/10.3.1/../../../../arm-none-eabi/lib/thumb/v7e-m+fp/hard\libc_nano.a(lib_a-memcpy-stub.o)
 .ARM.attributes
                0x0000000000000623       0x34 a:/stm32cubeide_1.11.2/stm32cubeide/plugins/com.st.stm32cube.ide.mcu.externaltools.gnu-tools-for-stm32.10.3-2021.10.win32_1.0.100.202210260954/tools/bin/../lib/gcc/arm-none-eabi/10.3.1/../../../../arm-none-eabi/lib/thumb/v7e-m+fp/hard\libc_nano.a(lib_a-memset.o)
 .ARM.attributes
                0x0000000000000657       0x34 a:/stm32cubeide_1.11.2/stm32cubeide/plugins/com.st.stm32cube.ide.mcu.externaltools.gnu-tools-for-stm32.10.3-2021.10.win32_1.0.100.202210260954/tools/bin/../lib/gcc/arm-none-eabi/10.3.1/../../../../arm-none-eabi/lib/thumb/v7e-m+fp/hard\libc_nano.a(lib_a-nano-mallocr.o)
 .ARM.attributes
                0x000000000000068b       0x34 a:/stm32cubeide_1.11.2/stm32cubeide/plugins/com.st.stm32cube.ide.mcu.externaltools.gnu-tools-for-stm32.10.3-2021.10.win32_1.0.100.202210260954/tools/bin/../lib/gcc/arm-none-eabi/10.3.1/../../../../arm-none-eabi/lib/thumb/v7e-m+fp/hard\libc_nano.a(lib_a-sbrkr.o)
 .ARM.attributes
                0x00000000000006bf       0x1c a:/stm32cubeide_1.11.2/stm32cubeide/plugins/com.st.stm32cube.ide.mcu.externaltools.gnu-tools-for-stm32.10.3-2021.10.win32_1.0.100.202210260954/tools/bin/../lib/gcc/arm-none-eabi/10.3.1/../../../../arm-none-eabi/lib/thumb/v7e-m+fp/hard\libc_nano.a(lib_a-strcmp.o)
 .ARM.attributes
                0x00000000000006db       0x34 a:/stm32cubeide_1.11.2/stm32cubeide/plugins/com.st.stm32cube.ide.mcu.externaltools.gnu-tools-for-stm32.10.3-2021.10.win32_1.0.100.202210260954/tools/bin/../lib/gcc/arm-none-eabi/10.3.1/../../../../arm-none-eabi/lib/thumb/v7e-m+fp/hard\libc_nano.a(lib_a-strdup.o)
 .ARM.attributes
                0x000000000000070f       0x34 a:/stm32cubeide_1.11.2/stm32cubeide/plugins/com.st.stm32cube.ide.mcu.externaltools.gnu-tools-for-stm32.10.3-2021.10.win32_1.0.100.202210260954/tools/bin/../lib/gcc/arm-none-eabi/10.3.1/../../../../arm-none-eabi/lib/thumb/v7e-m+fp/hard\libc_nano.a(lib_a-strdup_r.o)
 .ARM.attributes
                0x0000000000000743       0x17 a:/stm32cubeide_1.11.2/stm32cubeide/plugins/com.st.stm32cube.ide.mcu.externaltools.gnu-tools-for-stm32.10.3-2021.10.win32_1.0.100.202210260954/tools/bin/../lib/gcc/arm-none-eabi/10.3.1/../../../../arm-none-eabi/lib/thumb/v7e-m+fp/hard\libc_nano.a(lib_a-strlen.o)
 .ARM.attributes
                0x000000000000075a       0x34 a:/stm32cubeide_1.11.2/stm32cubeide/plugins/com.st.stm32cube.ide.mcu.externaltools.gnu-tools-for-stm32.10.3-2021.10.win32_1.0.100.202210260954/tools/bin/../lib/gcc/arm-none-eabi/10.3.1/../../../../arm-none-eabi/lib/thumb/v7e-m+fp/hard\libc_nano.a(lib_a-mlock.o)
 .ARM.attributes
                0x000000000000078e       0x34 a:/stm32cubeide_1.11.2/stm32cubeide/plugins/com.st.stm32cube.ide.mcu.externaltools.gnu-tools-for-stm32.10.3-2021.10.win32_1.0.100.202210260954/tools/bin/../lib/gcc/arm-none-eabi/10.3.1/../../../../arm-none-eabi/lib/thumb/v7e-m+fp/hard\libc_nano.a(lib_a-reent.o)
 .ARM.attributes
                0x00000000000007c2       0x34 a:/stm32cubeide_1.11.2/stm32cubeide/plugins/com.st.stm32cube.ide.mcu.externaltools.gnu-tools-for-stm32.10.3-2021.10.win32_1.0.100.202210260954/tools/bin/../lib/gcc/arm-none-eabi/10.3.1/../../../../arm-none-eabi/lib/thumb/v7e-m+fp/hard\libc_nano.a(lib_a-lock.o)
 .ARM.attributes
                0x00000000000007f6       0x1e a:/stm32cubeide_1.11.2/stm32cubeide/plugins/com.st.stm32cube.ide.mcu.externaltools.gnu-tools-for-stm32.10.3-2021.10.win32_1.0.100.202210260954/tools/bin/../lib/gcc/arm-none-eabi/10.3.1/thumb/v7e-m+fp/hard/crtn.o
OUTPUT(MusicMaster_STM32.elf elf32-littlearm)
LOAD linker stubs
LOAD a:/stm32cubeide_1.11.2/stm32cubeide/plugins/com.st.stm32cube.ide.mcu.externaltools.gnu-tools-for-stm32.10.3-2021.10.win32_1.0.100.202210260954/tools/bin/../lib/gcc/arm-none-eabi/10.3.1/../../../../arm-none-eabi/lib/thumb/v7e-m+fp/hard\libc.a
LOAD a:/stm32cubeide_1.11.2/stm32cubeide/plugins/com.st.stm32cube.ide.mcu.externaltools.gnu-tools-for-stm32.10.3-2021.10.win32_1.0.100.202210260954/tools/bin/../lib/gcc/arm-none-eabi/10.3.1/../../../../arm-none-eabi/lib/thumb/v7e-m+fp/hard\libm.a
LOAD a:/stm32cubeide_1.11.2/stm32cubeide/plugins/com.st.stm32cube.ide.mcu.externaltools.gnu-tools-for-stm32.10.3-2021.10.win32_1.0.100.202210260954/tools/bin/../lib/gcc/arm-none-eabi/10.3.1/thumb/v7e-m+fp/hard\libgcc.a

.debug_info     0x0000000000000000    0x1c9c3
 .debug_info    0x0000000000000000      0x417 ./Core/Src/dictionary.o
 .debug_info    0x0000000000000417     0x2ecd ./Core/Src/main.o
 .debug_info    0x00000000000032e4     0x203f ./Core/Src/stm32f3xx_hal_msp.o
 .debug_info    0x0000000000005323     0x11b8 ./Core/Src/stm32f3xx_it.o
 .debug_info    0x00000000000064db      0x171 ./Core/Src/sysmem.o
 .debug_info    0x000000000000664c      0x416 ./Core/Src/system_stm32f3xx.o
 .debug_info    0x0000000000006a62       0x22 ./Core/Startup/startup_stm32f303vctx.o
 .debug_info    0x0000000000006a84      0x807 ./Drivers/STM32F3xx_HAL_Driver/Src/stm32f3xx_hal.o
 .debug_info    0x000000000000728b      0xb9e ./Drivers/STM32F3xx_HAL_Driver/Src/stm32f3xx_hal_adc.o
 .debug_info    0x0000000000007e29     0x16d2 ./Drivers/STM32F3xx_HAL_Driver/Src/stm32f3xx_hal_adc_ex.o
 .debug_info    0x00000000000094fb      0xd85 ./Drivers/STM32F3xx_HAL_Driver/Src/stm32f3xx_hal_cortex.o
 .debug_info    0x000000000000a280      0x757 ./Drivers/STM32F3xx_HAL_Driver/Src/stm32f3xx_hal_dma.o
 .debug_info    0x000000000000a9d7      0x68a ./Drivers/STM32F3xx_HAL_Driver/Src/stm32f3xx_hal_gpio.o
 .debug_info    0x000000000000b061     0x226b ./Drivers/STM32F3xx_HAL_Driver/Src/stm32f3xx_hal_i2c.o
 .debug_info    0x000000000000d2cc      0x8ab ./Drivers/STM32F3xx_HAL_Driver/Src/stm32f3xx_hal_i2c_ex.o
 .debug_info    0x000000000000db77     0x1784 ./Drivers/STM32F3xx_HAL_Driver/Src/stm32f3xx_hal_pcd.o
 .debug_info    0x000000000000f2fb     0x1585 ./Drivers/STM32F3xx_HAL_Driver/Src/stm32f3xx_hal_rcc.o
 .debug_info    0x0000000000010880      0x628 ./Drivers/STM32F3xx_HAL_Driver/Src/stm32f3xx_hal_rcc_ex.o
 .debug_info    0x0000000000010ea8     0x178c ./Drivers/STM32F3xx_HAL_Driver/Src/stm32f3xx_hal_spi.o
 .debug_info    0x0000000000012634     0x2cdb ./Drivers/STM32F3xx_HAL_Driver/Src/stm32f3xx_hal_tim.o
 .debug_info    0x000000000001530f     0x16a8 ./Drivers/STM32F3xx_HAL_Driver/Src/stm32f3xx_hal_tim_ex.o
 .debug_info    0x00000000000169b7     0x3bf8 ./Drivers/STM32F3xx_HAL_Driver/Src/stm32f3xx_hal_uart.o
 .debug_info    0x000000000001a5af      0xd23 ./Drivers/STM32F3xx_HAL_Driver/Src/stm32f3xx_hal_uart_ex.o
 .debug_info    0x000000000001b2d2     0x16f1 ./Drivers/STM32F3xx_HAL_Driver/Src/stm32f3xx_ll_usb.o

.debug_abbrev   0x0000000000000000     0x33e0
 .debug_abbrev  0x0000000000000000      0x16e ./Core/Src/dictionary.o
 .debug_abbrev  0x000000000000016e      0x436 ./Core/Src/main.o
 .debug_abbrev  0x00000000000005a4      0x220 ./Core/Src/stm32f3xx_hal_msp.o
 .debug_abbrev  0x00000000000007c4      0x2bb ./Core/Src/stm32f3xx_it.o
 .debug_abbrev  0x0000000000000a7f       0xbb ./Core/Src/sysmem.o
 .debug_abbrev  0x0000000000000b3a      0x116 ./Core/Src/system_stm32f3xx.o
 .debug_abbrev  0x0000000000000c50       0x12 ./Core/Startup/startup_stm32f303vctx.o
 .debug_abbrev  0x0000000000000c62      0x20e ./Drivers/STM32F3xx_HAL_Driver/Src/stm32f3xx_hal.o
 .debug_abbrev  0x0000000000000e70      0x17a ./Drivers/STM32F3xx_HAL_Driver/Src/stm32f3xx_hal_adc.o
 .debug_abbrev  0x0000000000000fea      0x27a ./Drivers/STM32F3xx_HAL_Driver/Src/stm32f3xx_hal_adc_ex.o
 .debug_abbrev  0x0000000000001264      0x316 ./Drivers/STM32F3xx_HAL_Driver/Src/stm32f3xx_hal_cortex.o
 .debug_abbrev  0x000000000000157a      0x1fe ./Drivers/STM32F3xx_HAL_Driver/Src/stm32f3xx_hal_dma.o
 .debug_abbrev  0x0000000000001778      0x1bb ./Drivers/STM32F3xx_HAL_Driver/Src/stm32f3xx_hal_gpio.o
 .debug_abbrev  0x0000000000001933      0x24a ./Drivers/STM32F3xx_HAL_Driver/Src/stm32f3xx_hal_i2c.o
 .debug_abbrev  0x0000000000001b7d      0x1b0 ./Drivers/STM32F3xx_HAL_Driver/Src/stm32f3xx_hal_i2c_ex.o
 .debug_abbrev  0x0000000000001d2d      0x2c0 ./Drivers/STM32F3xx_HAL_Driver/Src/stm32f3xx_hal_pcd.o
 .debug_abbrev  0x0000000000001fed      0x2f9 ./Drivers/STM32F3xx_HAL_Driver/Src/stm32f3xx_hal_rcc.o
 .debug_abbrev  0x00000000000022e6      0x240 ./Drivers/STM32F3xx_HAL_Driver/Src/stm32f3xx_hal_rcc_ex.o
 .debug_abbrev  0x0000000000002526      0x254 ./Drivers/STM32F3xx_HAL_Driver/Src/stm32f3xx_hal_spi.o
 .debug_abbrev  0x000000000000277a      0x264 ./Drivers/STM32F3xx_HAL_Driver/Src/stm32f3xx_hal_tim.o
 .debug_abbrev  0x00000000000029de      0x26c ./Drivers/STM32F3xx_HAL_Driver/Src/stm32f3xx_hal_tim_ex.o
 .debug_abbrev  0x0000000000002c4a      0x2bc ./Drivers/STM32F3xx_HAL_Driver/Src/stm32f3xx_hal_uart.o
 .debug_abbrev  0x0000000000002f06      0x2ab ./Drivers/STM32F3xx_HAL_Driver/Src/stm32f3xx_hal_uart_ex.o
 .debug_abbrev  0x00000000000031b1      0x22f ./Drivers/STM32F3xx_HAL_Driver/Src/stm32f3xx_ll_usb.o

.debug_aranges  0x0000000000000000     0x1730
 .debug_aranges
                0x0000000000000000       0x48 ./Core/Src/dictionary.o
 .debug_aranges
                0x0000000000000048       0xc8 ./Core/Src/main.o
 .debug_aranges
                0x0000000000000110       0x88 ./Core/Src/stm32f3xx_hal_msp.o
 .debug_aranges
                0x0000000000000198       0xb8 ./Core/Src/stm32f3xx_it.o
 .debug_aranges
                0x0000000000000250       0x20 ./Core/Src/sysmem.o
 .debug_aranges
                0x0000000000000270       0x28 ./Core/Src/system_stm32f3xx.o
 .debug_aranges
                0x0000000000000298       0x28 ./Core/Startup/startup_stm32f303vctx.o
 .debug_aranges
                0x00000000000002c0       0xe0 ./Drivers/STM32F3xx_HAL_Driver/Src/stm32f3xx_hal.o
 .debug_aranges
                0x00000000000003a0       0xc8 ./Drivers/STM32F3xx_HAL_Driver/Src/stm32f3xx_hal_adc.o
 .debug_aranges
                0x0000000000000468      0x168 ./Drivers/STM32F3xx_HAL_Driver/Src/stm32f3xx_hal_adc_ex.o
 .debug_aranges
                0x00000000000005d0      0x118 ./Drivers/STM32F3xx_HAL_Driver/Src/stm32f3xx_hal_cortex.o
 .debug_aranges
                0x00000000000006e8       0x88 ./Drivers/STM32F3xx_HAL_Driver/Src/stm32f3xx_hal_dma.o
 .debug_aranges
                0x0000000000000770       0x58 ./Drivers/STM32F3xx_HAL_Driver/Src/stm32f3xx_hal_gpio.o
 .debug_aranges
                0x00000000000007c8      0x2a0 ./Drivers/STM32F3xx_HAL_Driver/Src/stm32f3xx_hal_i2c.o
 .debug_aranges
                0x0000000000000a68       0x48 ./Drivers/STM32F3xx_HAL_Driver/Src/stm32f3xx_hal_i2c_ex.o
 .debug_aranges
                0x0000000000000ab0      0x140 ./Drivers/STM32F3xx_HAL_Driver/Src/stm32f3xx_hal_pcd.o
 .debug_aranges
                0x0000000000000bf0       0x88 ./Drivers/STM32F3xx_HAL_Driver/Src/stm32f3xx_hal_rcc.o
 .debug_aranges
                0x0000000000000c78       0x38 ./Drivers/STM32F3xx_HAL_Driver/Src/stm32f3xx_hal_rcc_ex.o
 .debug_aranges
                0x0000000000000cb0      0x1d8 ./Drivers/STM32F3xx_HAL_Driver/Src/stm32f3xx_hal_spi.o
 .debug_aranges
                0x0000000000000e88      0x3e0 ./Drivers/STM32F3xx_HAL_Driver/Src/stm32f3xx_hal_tim.o
 .debug_aranges
                0x0000000000001268      0x178 ./Drivers/STM32F3xx_HAL_Driver/Src/stm32f3xx_hal_tim_ex.o
 .debug_aranges
                0x00000000000013e0      0x228 ./Drivers/STM32F3xx_HAL_Driver/Src/stm32f3xx_hal_uart.o
 .debug_aranges
                0x0000000000001608       0x70 ./Drivers/STM32F3xx_HAL_Driver/Src/stm32f3xx_hal_uart_ex.o
 .debug_aranges
                0x0000000000001678       0xb8 ./Drivers/STM32F3xx_HAL_Driver/Src/stm32f3xx_ll_usb.o

.debug_ranges   0x0000000000000000     0x1650
 .debug_ranges  0x0000000000000000       0x38 ./Core/Src/dictionary.o
 .debug_ranges  0x0000000000000038       0xe8 ./Core/Src/main.o
 .debug_ranges  0x0000000000000120       0x78 ./Core/Src/stm32f3xx_hal_msp.o
 .debug_ranges  0x0000000000000198       0xe0 ./Core/Src/stm32f3xx_it.o
 .debug_ranges  0x0000000000000278       0x10 ./Core/Src/sysmem.o
 .debug_ranges  0x0000000000000288       0x18 ./Core/Src/system_stm32f3xx.o
 .debug_ranges  0x00000000000002a0       0x20 ./Core/Startup/startup_stm32f303vctx.o
 .debug_ranges  0x00000000000002c0       0xd0 ./Drivers/STM32F3xx_HAL_Driver/Src/stm32f3xx_hal.o
 .debug_ranges  0x0000000000000390       0xb8 ./Drivers/STM32F3xx_HAL_Driver/Src/stm32f3xx_hal_adc.o
 .debug_ranges  0x0000000000000448      0x158 ./Drivers/STM32F3xx_HAL_Driver/Src/stm32f3xx_hal_adc_ex.o
 .debug_ranges  0x00000000000005a0      0x108 ./Drivers/STM32F3xx_HAL_Driver/Src/stm32f3xx_hal_cortex.o
 .debug_ranges  0x00000000000006a8       0x78 ./Drivers/STM32F3xx_HAL_Driver/Src/stm32f3xx_hal_dma.o
 .debug_ranges  0x0000000000000720       0x48 ./Drivers/STM32F3xx_HAL_Driver/Src/stm32f3xx_hal_gpio.o
 .debug_ranges  0x0000000000000768      0x290 ./Drivers/STM32F3xx_HAL_Driver/Src/stm32f3xx_hal_i2c.o
 .debug_ranges  0x00000000000009f8       0x38 ./Drivers/STM32F3xx_HAL_Driver/Src/stm32f3xx_hal_i2c_ex.o
 .debug_ranges  0x0000000000000a30      0x130 ./Drivers/STM32F3xx_HAL_Driver/Src/stm32f3xx_hal_pcd.o
 .debug_ranges  0x0000000000000b60       0x78 ./Drivers/STM32F3xx_HAL_Driver/Src/stm32f3xx_hal_rcc.o
 .debug_ranges  0x0000000000000bd8       0x28 ./Drivers/STM32F3xx_HAL_Driver/Src/stm32f3xx_hal_rcc_ex.o
 .debug_ranges  0x0000000000000c00      0x1c8 ./Drivers/STM32F3xx_HAL_Driver/Src/stm32f3xx_hal_spi.o
 .debug_ranges  0x0000000000000dc8      0x3d0 ./Drivers/STM32F3xx_HAL_Driver/Src/stm32f3xx_hal_tim.o
 .debug_ranges  0x0000000000001198      0x168 ./Drivers/STM32F3xx_HAL_Driver/Src/stm32f3xx_hal_tim_ex.o
 .debug_ranges  0x0000000000001300      0x248 ./Drivers/STM32F3xx_HAL_Driver/Src/stm32f3xx_hal_uart.o
 .debug_ranges  0x0000000000001548       0x60 ./Drivers/STM32F3xx_HAL_Driver/Src/stm32f3xx_hal_uart_ex.o
 .debug_ranges  0x00000000000015a8       0xa8 ./Drivers/STM32F3xx_HAL_Driver/Src/stm32f3xx_ll_usb.o

.debug_macro    0x0000000000000000    0x20db2
 .debug_macro   0x0000000000000000      0x20c ./Core/Src/dictionary.o
 .debug_macro   0x000000000000020c      0xa78 ./Core/Src/dictionary.o
 .debug_macro   0x0000000000000c84      0x226 ./Core/Src/dictionary.o
 .debug_macro   0x0000000000000eaa       0x22 ./Core/Src/dictionary.o
 .debug_macro   0x0000000000000ecc       0x4c ./Core/Src/dictionary.o
 .debug_macro   0x0000000000000f18       0x1e ./Core/Src/dictionary.o
 .debug_macro   0x0000000000000f36       0x94 ./Core/Src/dictionary.o
 .debug_macro   0x0000000000000fca       0x3c ./Core/Src/dictionary.o
 .debug_macro   0x0000000000001006       0x34 ./Core/Src/dictionary.o
 .debug_macro   0x000000000000103a       0x16 ./Core/Src/dictionary.o
 .debug_macro   0x0000000000001050       0x57 ./Core/Src/dictionary.o
 .debug_macro   0x00000000000010a7       0x97 ./Core/Src/dictionary.o
 .debug_macro   0x000000000000113e      0x341 ./Core/Src/dictionary.o
 .debug_macro   0x000000000000147f       0xfd ./Core/Src/dictionary.o
 .debug_macro   0x000000000000157c       0x10 ./Core/Src/dictionary.o
 .debug_macro   0x000000000000158c       0x16 ./Core/Src/dictionary.o
 .debug_macro   0x00000000000015a2       0x43 ./Core/Src/dictionary.o
 .debug_macro   0x00000000000015e5       0x34 ./Core/Src/dictionary.o
 .debug_macro   0x0000000000001619       0x10 ./Core/Src/dictionary.o
 .debug_macro   0x0000000000001629       0x58 ./Core/Src/dictionary.o
 .debug_macro   0x0000000000001681       0x71 ./Core/Src/dictionary.o
 .debug_macro   0x00000000000016f2       0x1c ./Core/Src/dictionary.o
 .debug_macro   0x000000000000170e      0x12a ./Core/Src/dictionary.o
 .debug_macro   0x0000000000001838       0x10 ./Core/Src/dictionary.o
 .debug_macro   0x0000000000001848       0x6a ./Core/Src/dictionary.o
 .debug_macro   0x00000000000018b2       0x1c ./Core/Src/dictionary.o
 .debug_macro   0x00000000000018ce       0x52 ./Core/Src/dictionary.o
 .debug_macro   0x0000000000001920       0x22 ./Core/Src/dictionary.o
 .debug_macro   0x0000000000001942       0x10 ./Core/Src/dictionary.o
 .debug_macro   0x0000000000001952       0x52 ./Core/Src/dictionary.o
 .debug_macro   0x00000000000019a4       0xd5 ./Core/Src/dictionary.o
 .debug_macro   0x0000000000001a79       0x1c ./Core/Src/dictionary.o
 .debug_macro   0x0000000000001a95       0x3d ./Core/Src/dictionary.o
 .debug_macro   0x0000000000001ad2       0x16 ./Core/Src/dictionary.o
 .debug_macro   0x0000000000001ae8      0x145 ./Core/Src/dictionary.o
 .debug_macro   0x0000000000001c2d       0x16 ./Core/Src/dictionary.o
 .debug_macro   0x0000000000001c43       0x35 ./Core/Src/dictionary.o
 .debug_macro   0x0000000000001c78       0x16 ./Core/Src/dictionary.o
 .debug_macro   0x0000000000001c8e       0x29 ./Core/Src/dictionary.o
 .debug_macro   0x0000000000001cb7       0x16 ./Core/Src/dictionary.o
 .debug_macro   0x0000000000001ccd       0x20 ./Core/Src/dictionary.o
 .debug_macro   0x0000000000001ced      0x259 ./Core/Src/main.o
 .debug_macro   0x0000000000001f46      0x169 ./Core/Src/main.o
 .debug_macro   0x00000000000020af       0x2e ./Core/Src/main.o
 .debug_macro   0x00000000000020dd       0x28 ./Core/Src/main.o
 .debug_macro   0x0000000000002105       0x8e ./Core/Src/main.o
 .debug_macro   0x0000000000002193       0x51 ./Core/Src/main.o
 .debug_macro   0x00000000000021e4      0x103 ./Core/Src/main.o
 .debug_macro   0x00000000000022e7      0x1df ./Core/Src/main.o
 .debug_macro   0x00000000000024c6       0x1c ./Core/Src/main.o
 .debug_macro   0x00000000000024e2       0x22 ./Core/Src/main.o
 .debug_macro   0x0000000000002504       0xd9 ./Core/Src/main.o
 .debug_macro   0x00000000000025dd     0x102d ./Core/Src/main.o
 .debug_macro   0x000000000000360a      0x11f ./Core/Src/main.o
 .debug_macro   0x0000000000003729    0x12a3a ./Core/Src/main.o
 .debug_macro   0x0000000000016163       0x6d ./Core/Src/main.o
 .debug_macro   0x00000000000161d0     0x3558 ./Core/Src/main.o
 .debug_macro   0x0000000000019728      0x174 ./Core/Src/main.o
 .debug_macro   0x000000000001989c       0x55 ./Core/Src/main.o
 .debug_macro   0x00000000000198f1      0x961 ./Core/Src/main.o
 .debug_macro   0x000000000001a252      0x5fe ./Core/Src/main.o
 .debug_macro   0x000000000001a850      0x1b5 ./Core/Src/main.o
 .debug_macro   0x000000000001aa05      0x1fb ./Core/Src/main.o
 .debug_macro   0x000000000001ac00      0x1dc ./Core/Src/main.o
 .debug_macro   0x000000000001addc      0x1bc ./Core/Src/main.o
 .debug_macro   0x000000000001af98       0x30 ./Core/Src/main.o
 .debug_macro   0x000000000001afc8       0x3c ./Core/Src/main.o
 .debug_macro   0x000000000001b004      0x235 ./Core/Src/main.o
 .debug_macro   0x000000000001b239      0x9b1 ./Core/Src/main.o
 .debug_macro   0x000000000001bbea       0x77 ./Core/Src/main.o
 .debug_macro   0x000000000001bc61       0xc5 ./Core/Src/main.o
 .debug_macro   0x000000000001bd26      0x21d ./Core/Src/main.o
 .debug_macro   0x000000000001bf43      0x22c ./Core/Src/main.o
 .debug_macro   0x000000000001c16f       0x5b ./Core/Src/main.o
 .debug_macro   0x000000000001c1ca       0xa5 ./Core/Src/main.o
 .debug_macro   0x000000000001c26f       0x73 ./Core/Src/main.o
 .debug_macro   0x000000000001c2e2      0x242 ./Core/Src/main.o
 .debug_macro   0x000000000001c524       0x81 ./Core/Src/main.o
 .debug_macro   0x000000000001c5a5       0xd3 ./Core/Src/main.o
 .debug_macro   0x000000000001c678      0x2fe ./Core/Src/main.o
 .debug_macro   0x000000000001c976      0xa59 ./Core/Src/main.o
 .debug_macro   0x000000000001d3cf       0x89 ./Core/Src/main.o
 .debug_macro   0x000000000001d458      0x5ba ./Core/Src/main.o
 .debug_macro   0x000000000001da12       0x3e ./Core/Src/main.o
 .debug_macro   0x000000000001da50      0x275 ./Core/Src/main.o
 .debug_macro   0x000000000001dcc5       0xd0 ./Core/Src/main.o
 .debug_macro   0x000000000001dd95      0x238 ./Core/Src/stm32f3xx_hal_msp.o
 .debug_macro   0x000000000001dfcd      0x251 ./Core/Src/stm32f3xx_it.o
 .debug_macro   0x000000000001e21e       0xff ./Core/Src/sysmem.o
 .debug_macro   0x000000000001e31d      0x23b ./Core/Src/sysmem.o
 .debug_macro   0x000000000001e558      0x229 ./Core/Src/system_stm32f3xx.o
 .debug_macro   0x000000000001e781      0x24d ./Drivers/STM32F3xx_HAL_Driver/Src/stm32f3xx_hal.o
 .debug_macro   0x000000000001e9ce      0x22a ./Drivers/STM32F3xx_HAL_Driver/Src/stm32f3xx_hal_adc.o
 .debug_macro   0x000000000001ebf8      0x253 ./Drivers/STM32F3xx_HAL_Driver/Src/stm32f3xx_hal_adc_ex.o
 .debug_macro   0x000000000001ee4b      0x229 ./Drivers/STM32F3xx_HAL_Driver/Src/stm32f3xx_hal_cortex.o
 .debug_macro   0x000000000001f074      0x229 ./Drivers/STM32F3xx_HAL_Driver/Src/stm32f3xx_hal_dma.o
 .debug_macro   0x000000000001f29d      0x230 ./Drivers/STM32F3xx_HAL_Driver/Src/stm32f3xx_hal_gpio.o
 .debug_macro   0x000000000001f4cd      0x2f5 ./Drivers/STM32F3xx_HAL_Driver/Src/stm32f3xx_hal_i2c.o
 .debug_macro   0x000000000001f7c2      0x229 ./Drivers/STM32F3xx_HAL_Driver/Src/stm32f3xx_hal_i2c_ex.o
 .debug_macro   0x000000000001f9eb      0x235 ./Drivers/STM32F3xx_HAL_Driver/Src/stm32f3xx_hal_pcd.o
 .debug_macro   0x000000000001fc20      0x24d ./Drivers/STM32F3xx_HAL_Driver/Src/stm32f3xx_hal_rcc.o
 .debug_macro   0x000000000001fe6d      0x229 ./Drivers/STM32F3xx_HAL_Driver/Src/stm32f3xx_hal_rcc_ex.o
 .debug_macro   0x0000000000020096      0x231 ./Drivers/STM32F3xx_HAL_Driver/Src/stm32f3xx_hal_spi.o
 .debug_macro   0x00000000000202c7      0x22a ./Drivers/STM32F3xx_HAL_Driver/Src/stm32f3xx_hal_tim.o
 .debug_macro   0x00000000000204f1      0x229 ./Drivers/STM32F3xx_HAL_Driver/Src/stm32f3xx_hal_tim_ex.o
 .debug_macro   0x000000000002071a      0x246 ./Drivers/STM32F3xx_HAL_Driver/Src/stm32f3xx_hal_uart.o
 .debug_macro   0x0000000000020960      0x229 ./Drivers/STM32F3xx_HAL_Driver/Src/stm32f3xx_hal_uart_ex.o
 .debug_macro   0x0000000000020b89      0x229 ./Drivers/STM32F3xx_HAL_Driver/Src/stm32f3xx_ll_usb.o

.debug_line     0x0000000000000000    0x1d718
 .debug_line    0x0000000000000000      0x74d ./Core/Src/dictionary.o
 .debug_line    0x000000000000074d     0x1031 ./Core/Src/main.o
 .debug_line    0x000000000000177e      0x999 ./Core/Src/stm32f3xx_hal_msp.o
 .debug_line    0x0000000000002117      0xa98 ./Core/Src/stm32f3xx_it.o
 .debug_line    0x0000000000002baf      0x4e5 ./Core/Src/sysmem.o
 .debug_line    0x0000000000003094      0x802 ./Core/Src/system_stm32f3xx.o
 .debug_line    0x0000000000003896       0x88 ./Core/Startup/startup_stm32f303vctx.o
 .debug_line    0x000000000000391e      0xa37 ./Drivers/STM32F3xx_HAL_Driver/Src/stm32f3xx_hal.o
 .debug_line    0x0000000000004355      0x97b ./Drivers/STM32F3xx_HAL_Driver/Src/stm32f3xx_hal_adc.o
 .debug_line    0x0000000000004cd0     0x27c4 ./Drivers/STM32F3xx_HAL_Driver/Src/stm32f3xx_hal_adc_ex.o
 .debug_line    0x0000000000007494      0xcfc ./Drivers/STM32F3xx_HAL_Driver/Src/stm32f3xx_hal_cortex.o
 .debug_line    0x0000000000008190      0xd49 ./Drivers/STM32F3xx_HAL_Driver/Src/stm32f3xx_hal_dma.o
 .debug_line    0x0000000000008ed9      0xb96 ./Drivers/STM32F3xx_HAL_Driver/Src/stm32f3xx_hal_gpio.o
 .debug_line    0x0000000000009a6f     0x3806 ./Drivers/STM32F3xx_HAL_Driver/Src/stm32f3xx_hal_i2c.o
 .debug_line    0x000000000000d275      0x9a9 ./Drivers/STM32F3xx_HAL_Driver/Src/stm32f3xx_hal_i2c_ex.o
 .debug_line    0x000000000000dc1e     0x137e ./Drivers/STM32F3xx_HAL_Driver/Src/stm32f3xx_hal_pcd.o
 .debug_line    0x000000000000ef9c     0x1414 ./Drivers/STM32F3xx_HAL_Driver/Src/stm32f3xx_hal_rcc.o
 .debug_line    0x00000000000103b0      0xda0 ./Drivers/STM32F3xx_HAL_Driver/Src/stm32f3xx_hal_rcc_ex.o
 .debug_line    0x0000000000011150     0x1ff2 ./Drivers/STM32F3xx_HAL_Driver/Src/stm32f3xx_hal_spi.o
 .debug_line    0x0000000000013142     0x3d9b ./Drivers/STM32F3xx_HAL_Driver/Src/stm32f3xx_hal_tim.o
 .debug_line    0x0000000000016edd     0x1b1e ./Drivers/STM32F3xx_HAL_Driver/Src/stm32f3xx_hal_tim_ex.o
 .debug_line    0x00000000000189fb     0x3153 ./Drivers/STM32F3xx_HAL_Driver/Src/stm32f3xx_hal_uart.o
 .debug_line    0x000000000001bb4e      0xb9a ./Drivers/STM32F3xx_HAL_Driver/Src/stm32f3xx_hal_uart_ex.o
 .debug_line    0x000000000001c6e8     0x1030 ./Drivers/STM32F3xx_HAL_Driver/Src/stm32f3xx_ll_usb.o

.debug_str      0x0000000000000000    0xc762f
 .debug_str     0x0000000000000000     0x77e9 ./Core/Src/dictionary.o
                                       0x797d (size before relaxing)
 .debug_str     0x00000000000077e9    0xba8ee ./Core/Src/main.o
                                      0xbec15 (size before relaxing)
 .debug_str     0x00000000000c20d7      0x15e ./Core/Src/stm32f3xx_hal_msp.o
                                      0xbddfc (size before relaxing)
 .debug_str     0x00000000000c2235      0x2bb ./Core/Src/stm32f3xx_it.o
                                      0xbd86b (size before relaxing)
 .debug_str     0x00000000000c24f0      0x4da ./Core/Src/sysmem.o
                                       0x5dc2 (size before relaxing)
 .debug_str     0x00000000000c29ca       0xdf ./Core/Src/system_stm32f3xx.o
                                      0xbc4bd (size before relaxing)
 .debug_str     0x00000000000c2aa9       0x36 ./Core/Startup/startup_stm32f303vctx.o
                                         0x84 (size before relaxing)
 .debug_str     0x00000000000c2adf      0x36e ./Drivers/STM32F3xx_HAL_Driver/Src/stm32f3xx_hal.o
                                      0xbccfb (size before relaxing)
 .debug_str     0x00000000000c2e4d      0x1a9 ./Drivers/STM32F3xx_HAL_Driver/Src/stm32f3xx_hal_adc.o
                                      0xbcaaa (size before relaxing)
 .debug_str     0x00000000000c2ff6      0x6c8 ./Drivers/STM32F3xx_HAL_Driver/Src/stm32f3xx_hal_adc_ex.o
                                      0xbd1c3 (size before relaxing)
 .debug_str     0x00000000000c36be      0x320 ./Drivers/STM32F3xx_HAL_Driver/Src/stm32f3xx_hal_cortex.o
                                      0xbcd4d (size before relaxing)
 .debug_str     0x00000000000c39de      0x229 ./Drivers/STM32F3xx_HAL_Driver/Src/stm32f3xx_hal_dma.o
                                      0xbc805 (size before relaxing)
 .debug_str     0x00000000000c3c07       0xf2 ./Drivers/STM32F3xx_HAL_Driver/Src/stm32f3xx_hal_gpio.o
                                      0xbc62a (size before relaxing)
 .debug_str     0x00000000000c3cf9      0xe17 ./Drivers/STM32F3xx_HAL_Driver/Src/stm32f3xx_hal_i2c.o
                                      0xbd7c0 (size before relaxing)
 .debug_str     0x00000000000c4b10       0xb8 ./Drivers/STM32F3xx_HAL_Driver/Src/stm32f3xx_hal_i2c_ex.o
                                      0xbc9de (size before relaxing)
 .debug_str     0x00000000000c4bc8      0x507 ./Drivers/STM32F3xx_HAL_Driver/Src/stm32f3xx_hal_pcd.o
                                      0xbccd2 (size before relaxing)
 .debug_str     0x00000000000c50cf      0x2ae ./Drivers/STM32F3xx_HAL_Driver/Src/stm32f3xx_hal_rcc.o
                                      0xbc95d (size before relaxing)
 .debug_str     0x00000000000c537d       0xb4 ./Drivers/STM32F3xx_HAL_Driver/Src/stm32f3xx_hal_rcc_ex.o
                                      0xbc721 (size before relaxing)
 .debug_str     0x00000000000c5431      0x566 ./Drivers/STM32F3xx_HAL_Driver/Src/stm32f3xx_hal_spi.o
                                      0xbcde3 (size before relaxing)
 .debug_str     0x00000000000c5997      0xd3a ./Drivers/STM32F3xx_HAL_Driver/Src/stm32f3xx_hal_tim.o
                                      0xbd8e4 (size before relaxing)
 .debug_str     0x00000000000c66d1      0x4dc ./Drivers/STM32F3xx_HAL_Driver/Src/stm32f3xx_hal_tim_ex.o
                                      0xbd13a (size before relaxing)
 .debug_str     0x00000000000c6bad      0x7f2 ./Drivers/STM32F3xx_HAL_Driver/Src/stm32f3xx_hal_uart.o
                                      0xbd1e0 (size before relaxing)
 .debug_str     0x00000000000c739f      0x1b8 ./Drivers/STM32F3xx_HAL_Driver/Src/stm32f3xx_hal_uart_ex.o
                                      0xbcae5 (size before relaxing)
 .debug_str     0x00000000000c7557       0xd8 ./Drivers/STM32F3xx_HAL_Driver/Src/stm32f3xx_ll_usb.o
                                      0xbc827 (size before relaxing)

.comment        0x0000000000000000       0x50